<html>
<body>
<pre>
<h1>µVision Build Log</h1>
<h2>Tool Versions:</h2>
IDE-Version: ¦ÌVision V5.23.0.0
Copyright (C) 2017 ARM Ltd and ARM Germany GmbH. All rights reserved.
License Information: 1 1, 1, LIC=LSNXV-PLXIL-8TW3P-MCG1P-3TT56-6C3Q8
 
Tool Versions:
Toolchain:       MDK-ARM Plus  Version: 5.23
Toolchain Path:  F:\ProteusCortex-M3\keil5ARM\ARM\ARMCC\Bin
C Compiler:      Armcc.exe V5.06 update 4 (build 422)
Assembler:       Armasm.exe V5.06 update 4 (build 422)
Linker/Locator:  ArmLink.exe V5.06 update 4 (build 422)
Library Manager: ArmAr.exe V5.06 update 4 (build 422)
Hex Converter:   FromElf.exe V5.06 update 4 (build 422)
CPU DLL:         SARMCM3.DLL V5.23
Dialog DLL:      DCM.DLL V1.15.0.0
Target DLL:      CMSIS_AGDI.dll V1.27.5.0
Dialog DLL:      TCM.DLL V1.27.0.0
 
<h2>Project:</h2>
F:\MCU\STM32\G431RBTx\Code\HAL\9\MDK-ARM\9.uvprojx
Project File Date:  03/29/2023

<h2>Output:</h2>
*** Using Compiler 'V5.06 update 4 (build 422)', folder: 'F:\ProteusCortex-M3\keil5ARM\ARM\ARMCC\Bin'
Build target '9'
assembling startup_stm32g431xx.s...
compiling stm32g4xx_ll_pwr.c...
compiling stm32g4xx_hal_flash.c...
compiling stm32g4xx_hal_gpio.c...
compiling stm32g4xx_hal_tim_ex.c...
compiling stm32g4xx_hal.c...
compiling stm32g4xx_hal_tim.c...
compiling stm32g4xx_hal_msp.c...
compiling gpio.c...
compiling main.c...
compiling stm32g4xx_hal_rcc_ex.c...
compiling stm32g4xx_it.c...
compiling stm32g4xx_hal_rcc.c...
compiling lcd_hal.c...
compiling stm32g4xx_hal_flash_ramfunc.c...
compiling stm32g4xx_hal_dma_ex.c...
compiling stm32g4xx_hal_flash_ex.c...
compiling stm32g4xx_hal_exti.c...
compiling stm32g4xx_hal_pwr.c...
compiling stm32g4xx_hal_dma.c...
compiling stm32g4xx_hal_cortex.c...
compiling system_stm32g4xx.c...
compiling stm32g4xx_hal_pwr_ex.c...
linking...
Program Size: Code=3158 RO-data=522 RW-data=16 ZI-data=1024  
FromELF: creating hex file...
"9\9.axf" - 0 Error(s), 0 Warning(s).

<h2>Software Packages used:</h2>

Package Vendor: ARM
                http://www.keil.com/pack/ARM.CMSIS.5.9.0.pack
                ARM::CMSIS:CORE:5.6.0
                CMSIS (Common Microcontroller Software Interface Standard)
   * Component: CORE Version: 5.6.0

<h2>Collection of Component include folders:</h2>
  .\RTE\_9
  F:\Proteus Cortex-M3\keil5ARM\ARM\PACK\ARM\CMSIS\5.9.0\CMSIS\Core\Include
  F:\Proteus Cortex-M3\keil5ARM\ARM\PACK\Keil\STM32G4xx_DFP\1.5.0\Drivers\CMSIS\Device\ST\STM32G4xx\Include

<h2>Collection of Component Files used:</h2>

   * Component: ARM::CMSIS:CORE:5.6.0
Build Time Elapsed:  00:00:15
</pre>
</body>
</html>
