Component: ARM Compiler 5.06 update 4 (build 422) Tool: armlink [4d35d2]

==============================================================================

Section Cross References

    startup_stm32g431xx.o(RESET) refers to startup_stm32g431xx.o(STACK) for __initial_sp
    startup_stm32g431xx.o(RESET) refers to startup_stm32g431xx.o(.text) for Reset_Handler
    startup_stm32g431xx.o(RESET) refers to stm32g4xx_it.o(i.NMI_Handler) for NMI_Handler
    startup_stm32g431xx.o(RESET) refers to stm32g4xx_it.o(i.HardFault_Handler) for HardFault_Handler
    startup_stm32g431xx.o(RESET) refers to stm32g4xx_it.o(i.MemManage_Handler) for MemManage_Handler
    startup_stm32g431xx.o(RESET) refers to stm32g4xx_it.o(i.BusFault_Handler) for BusFault_Handler
    startup_stm32g431xx.o(RESET) refers to stm32g4xx_it.o(i.UsageFault_Handler) for UsageFault_Handler
    startup_stm32g431xx.o(RESET) refers to stm32g4xx_it.o(i.SVC_Handler) for SVC_Handler
    startup_stm32g431xx.o(RESET) refers to stm32g4xx_it.o(i.DebugMon_Handler) for DebugMon_Handler
    startup_stm32g431xx.o(RESET) refers to stm32g4xx_it.o(i.PendSV_Handler) for PendSV_Handler
    startup_stm32g431xx.o(RESET) refers to stm32g4xx_it.o(i.SysTick_Handler) for SysTick_Handler
    startup_stm32g431xx.o(RESET) refers to stm32g4xx_it.o(i.DMA1_Channel1_IRQHandler) for DMA1_Channel1_IRQHandler
    startup_stm32g431xx.o(RESET) refers to stm32g4xx_it.o(i.DMA1_Channel2_IRQHandler) for DMA1_Channel2_IRQHandler
    startup_stm32g431xx.o(RESET) refers to stm32g4xx_it.o(i.USART1_IRQHandler) for USART1_IRQHandler
    startup_stm32g431xx.o(.text) refers to system_stm32g4xx.o(i.SystemInit) for SystemInit
    startup_stm32g431xx.o(.text) refers to entry.o(.ARM.Collect$$$$00000000) for __main
    lcd_hal.o(i.LCD_BusIn) refers to memseta.o(.text) for __aeabi_memclr4
    lcd_hal.o(i.LCD_BusIn) refers to stm32g4xx_hal_gpio.o(i.HAL_GPIO_Init) for HAL_GPIO_Init
    lcd_hal.o(i.LCD_BusOut) refers to memseta.o(.text) for __aeabi_memclr4
    lcd_hal.o(i.LCD_BusOut) refers to stm32g4xx_hal_gpio.o(i.HAL_GPIO_Init) for HAL_GPIO_Init
    lcd_hal.o(i.LCD_Clear) refers to lcd_hal.o(i.LCD_SetCursor) for LCD_SetCursor
    lcd_hal.o(i.LCD_Clear) refers to lcd_hal.o(i.LCD_WriteRAM_Prepare) for LCD_WriteRAM_Prepare
    lcd_hal.o(i.LCD_Clear) refers to lcd_hal.o(i.LCD_WriteRAM) for LCD_WriteRAM
    lcd_hal.o(i.LCD_ClearLine) refers to lcd_hal.o(i.LCD_DisplayStringLine) for LCD_DisplayStringLine
    lcd_hal.o(i.LCD_CtrlLinesConfig) refers to memseta.o(.text) for __aeabi_memclr4
    lcd_hal.o(i.LCD_CtrlLinesConfig) refers to stm32g4xx_hal_gpio.o(i.HAL_GPIO_Init) for HAL_GPIO_Init
    lcd_hal.o(i.LCD_CtrlLinesConfig) refers to lcd_hal.o(i.LCD_BusOut) for LCD_BusOut
    lcd_hal.o(i.LCD_DisplayChar) refers to lcd_hal.o(i.LCD_DrawChar) for LCD_DrawChar
    lcd_hal.o(i.LCD_DisplayChar) refers to lcd_hal.o(.constdata) for .constdata
    lcd_hal.o(i.LCD_DisplayOff) refers to lcd_hal.o(i.LCD_WriteReg) for LCD_WriteReg
    lcd_hal.o(i.LCD_DisplayOn) refers to lcd_hal.o(i.LCD_WriteReg) for LCD_WriteReg
    lcd_hal.o(i.LCD_DisplayStringLine) refers to lcd_hal.o(i.LCD_DisplayChar) for LCD_DisplayChar
    lcd_hal.o(i.LCD_DrawChar) refers to lcd_hal.o(i.LCD_SetCursor) for LCD_SetCursor
    lcd_hal.o(i.LCD_DrawChar) refers to lcd_hal.o(i.LCD_WriteRAM_Prepare) for LCD_WriteRAM_Prepare
    lcd_hal.o(i.LCD_DrawChar) refers to lcd_hal.o(i.LCD_WriteRAM) for LCD_WriteRAM
    lcd_hal.o(i.LCD_DrawChar) refers to lcd_hal.o(.data) for .data
    lcd_hal.o(i.LCD_DrawCircle) refers to lcd_hal.o(i.LCD_SetCursor) for LCD_SetCursor
    lcd_hal.o(i.LCD_DrawCircle) refers to lcd_hal.o(i.LCD_WriteRAM_Prepare) for LCD_WriteRAM_Prepare
    lcd_hal.o(i.LCD_DrawCircle) refers to lcd_hal.o(i.LCD_WriteRAM) for LCD_WriteRAM
    lcd_hal.o(i.LCD_DrawCircle) refers to lcd_hal.o(.data) for .data
    lcd_hal.o(i.LCD_DrawLine) refers to lcd_hal.o(i.LCD_SetCursor) for LCD_SetCursor
    lcd_hal.o(i.LCD_DrawLine) refers to lcd_hal.o(i.LCD_WriteRAM_Prepare) for LCD_WriteRAM_Prepare
    lcd_hal.o(i.LCD_DrawLine) refers to lcd_hal.o(i.LCD_WriteRAM) for LCD_WriteRAM
    lcd_hal.o(i.LCD_DrawLine) refers to lcd_hal.o(.data) for .data
    lcd_hal.o(i.LCD_DrawMonoPict) refers to lcd_hal.o(i.LCD_SetCursor) for LCD_SetCursor
    lcd_hal.o(i.LCD_DrawMonoPict) refers to lcd_hal.o(i.LCD_WriteRAM_Prepare) for LCD_WriteRAM_Prepare
    lcd_hal.o(i.LCD_DrawMonoPict) refers to lcd_hal.o(i.LCD_WriteRAM) for LCD_WriteRAM
    lcd_hal.o(i.LCD_DrawMonoPict) refers to lcd_hal.o(.data) for .data
    lcd_hal.o(i.LCD_DrawPicture) refers to lcd_hal.o(i.LCD_SetCursor) for LCD_SetCursor
    lcd_hal.o(i.LCD_DrawPicture) refers to lcd_hal.o(i.LCD_WriteRAM_Prepare) for LCD_WriteRAM_Prepare
    lcd_hal.o(i.LCD_DrawPicture) refers to lcd_hal.o(i.LCD_WriteRAM) for LCD_WriteRAM
    lcd_hal.o(i.LCD_DrawRect) refers to lcd_hal.o(i.LCD_DrawLine) for LCD_DrawLine
    lcd_hal.o(i.LCD_Init) refers to lcd_hal.o(i.LCD_CtrlLinesConfig) for LCD_CtrlLinesConfig
[...]
    ../clib/microlib/init/entry.s            0x00000000   Number         0  entry5.o ABSOLUTE
    ../clib/microlib/init/entry.s            0x00000000   Number         0  entry7a.o ABSOLUTE
    ../clib/microlib/init/entry.s            0x00000000   Number         0  entry11b.o ABSOLUTE
    ../clib/microlib/init/entry.s            0x00000000   Number         0  entry10a.o ABSOLUTE
    ../clib/microlib/init/entry.s            0x00000000   Number         0  entry8a.o ABSOLUTE
    ../clib/microlib/init/entry.s            0x00000000   Number         0  entry8b.o ABSOLUTE
    ../clib/microlib/init/entry.s            0x00000000   Number         0  entry9a.o ABSOLUTE
    ../clib/microlib/init/entry.s            0x00000000   Number         0  entry9b.o ABSOLUTE
    ../clib/microlib/init/entry.s            0x00000000   Number         0  entry.o ABSOLUTE
    ../clib/microlib/init/entry.s            0x00000000   Number         0  entry11a.o ABSOLUTE
    ../clib/microlib/init/entry.s            0x00000000   Number         0  entry7b.o ABSOLUTE
    ../clib/microlib/longlong.c              0x00000000   Number         0  llshl.o ABSOLUTE
    ../clib/microlib/longlong.c              0x00000000   Number         0  llushr.o ABSOLUTE
    ../clib/microlib/longlong.c              0x00000000   Number         0  llsshr.o ABSOLUTE
    ../clib/microlib/printf/printf.c         0x00000000   Number         0  printf8.o ABSOLUTE
    ../clib/microlib/printf/printf.c         0x00000000   Number         0  printf7.o ABSOLUTE
    ../clib/microlib/printf/printf.c         0x00000000   Number         0  printf6.o ABSOLUTE
    ../clib/microlib/printf/printf.c         0x00000000   Number         0  printf5.o ABSOLUTE
    ../clib/microlib/printf/printf.c         0x00000000   Number         0  printf4.o ABSOLUTE
    ../clib/microlib/printf/printf.c         0x00000000   Number         0  printf3.o ABSOLUTE
    ../clib/microlib/printf/printf.c         0x00000000   Number         0  printf2.o ABSOLUTE
    ../clib/microlib/printf/printf.c         0x00000000   Number         0  printf1.o ABSOLUTE
    ../clib/microlib/printf/printf.c         0x00000000   Number         0  printfa.o ABSOLUTE
    ../clib/microlib/printf/printf.c         0x00000000   Number         0  printf0.o ABSOLUTE
    ../clib/microlib/printf/printf.c         0x00000000   Number         0  printfb.o ABSOLUTE
    ../clib/microlib/printf/stubs.s          0x00000000   Number         0  stubs.o ABSOLUTE
    ../clib/microlib/stdio/fputc.c           0x00000000   Number         0  fputc.o ABSOLUTE
    ../clib/microlib/stdio/semi.s            0x00000000   Number         0  semi.o ABSOLUTE
    ../clib/microlib/stdio/streams.c         0x00000000   Number         0  stdout.o ABSOLUTE
    ../clib/microlib/string/memset.c         0x00000000   Number         0  memseta.o ABSOLUTE
    ../clib/microlib/string/strlen.c         0x00000000   Number         0  strlen.o ABSOLUTE
    ../clib/microlib/stubs.s                 0x00000000   Number         0  iusesemip.o ABSOLUTE
    ../clib/microlib/stubs.s                 0x00000000   Number         0  iusefp.o ABSOLUTE
    ../fplib/microlib/d2f.c                  0x00000000   Number         0  d2f.o ABSOLUTE
    ../fplib/microlib/f2d.c                  0x00000000   Number         0  f2d.o ABSOLUTE
    ../fplib/microlib/fpadd.c                0x00000000   Number         0  dadd.o ABSOLUTE
    ../fplib/microlib/fpdiv.c                0x00000000   Number         0  ddiv.o ABSOLUTE
    ../fplib/microlib/fpepilogue.c           0x00000000   Number         0  fepilogue.o ABSOLUTE
    ../fplib/microlib/fpepilogue.c           0x00000000   Number         0  depilogue.o ABSOLUTE
    ../fplib/microlib/fpfix.c                0x00000000   Number         0  dfixul.o ABSOLUTE
    ../fplib/microlib/fpflt.c                0x00000000   Number         0  dfltui.o ABSOLUTE
    ../fplib/microlib/fpmul.c                0x00000000   Number         0  dmul.o ABSOLUTE
    ..\Src\dma.c                             0x00000000   Number         0  dma.o ABSOLUTE
    ..\Src\gpio.c                            0x00000000   Number         0  gpio.o ABSOLUTE
    ..\Src\key.c                             0x00000000   Number         0  key.o ABSOLUTE
    ..\Src\lcd.c                             0x00000000   Number         0  lcd.o ABSOLUTE
    ..\Src\lcd_hal.c                         0x00000000   Number         0  lcd_hal.o ABSOLUTE
    ..\Src\led.c                             0x00000000   Number         0  led.o ABSOLUTE
    ..\Src\main.c                            0x00000000   Number         0  main.o ABSOLUTE
    ..\Src\stm32g4xx_hal_msp.c               0x00000000   Number         0  stm32g4xx_hal_msp.o ABSOLUTE
    ..\Src\stm32g4xx_it.c                    0x00000000   Number         0  stm32g4xx_it.o ABSOLUTE
    ..\Src\system_stm32g4xx.c                0x00000000   Number         0  system_stm32g4xx.o ABSOLUTE
    ..\Src\tim.c                             0x00000000   Number         0  tim.o ABSOLUTE
    ..\Src\usart.c                           0x00000000   Number         0  usart.o ABSOLUTE
    ..\\Src\\key.c                           0x00000000   Number         0  key.o ABSOLUTE
    ..\\Src\\lcd.c                           0x00000000   Number         0  lcd.o ABSOLUTE
    ..\\Src\\lcd_hal.c                       0x00000000   Number         0  lcd_hal.o ABSOLUTE
    ..\\Src\\led.c                           0x00000000   Number         0  led.o ABSOLUTE
    F:/software/STM32CubeMX561/Repository/STM32Cube_FW_G4_V1.2.0/Drivers/STM32G4xx_HAL_Driver/Src/stm32g4xx_hal.c 0x00000000   Number         0  stm32g4xx_hal.o ABSOLUTE
    F:/software/STM32CubeMX561/Repository/STM32Cube_FW_G4_V1.2.0/Drivers/STM32G4xx_HAL_Driver/Src/stm32g4xx_hal_cortex.c 0x00000000   Number         0  stm32g4xx_hal_cortex.o ABSOLUTE
    F:/software/STM32CubeMX561/Repository/STM32Cube_FW_G4_V1.2.0/Drivers/STM32G4xx_HAL_Driver/Src/stm32g4xx_hal_dma.c 0x00000000   Number         0  stm32g4xx_hal_dma.o ABSOLUTE
    F:/software/STM32CubeMX561/Repository/STM32Cube_FW_G4_V1.2.0/Drivers/STM32G4xx_HAL_Driver/Src/stm32g4xx_hal_dma_ex.c 0x00000000   Number         0  stm32g4xx_hal_dma_ex.o ABSOLUTE
    F:/software/STM32CubeMX561/Repository/STM32Cube_FW_G4_V1.2.0/Drivers/STM32G4xx_HAL_Driver/Src/stm32g4xx_hal_exti.c 0x00000000   Number         0  stm32g4xx_hal_exti.o ABSOLUTE
    F:/software/STM32CubeMX561/Repository/STM32Cube_FW_G4_V1.2.0/Drivers/STM32G4xx_HAL_Driver/Src/stm32g4xx_hal_flash.c 0x00000000   Number         0  stm32g4xx_hal_flash.o ABSOLUTE
    F:/software/STM32CubeMX561/Repository/STM32Cube_FW_G4_V1.2.0/Drivers/STM32G4xx_HAL_Driver/Src/stm32g4xx_hal_flash_ex.c 0x00000000   Number         0  stm32g4xx_hal_flash_ex.o ABSOLUTE
    F:/software/STM32CubeMX561/Repository/STM32Cube_FW_G4_V1.2.0/Drivers/STM32G4xx_HAL_Driver/Src/stm32g4xx_hal_flash_ramfunc.c 0x00000000   Number         0  stm32g4xx_hal_flash_ramfunc.o ABSOLUTE
    F:/software/STM32CubeMX561/Repository/STM32Cube_FW_G4_V1.2.0/Drivers/STM32G4xx_HAL_Driver/Src/stm32g4xx_hal_gpio.c 0x00000000   Number         0  stm32g4xx_hal_gpio.o ABSOLUTE
    F:/software/STM32CubeMX561/Repository/STM32Cube_FW_G4_V1.2.0/Drivers/STM32G4xx_HAL_Driver/Src/stm32g4xx_hal_pwr.c 0x00000000   Number         0  stm32g4xx_hal_pwr.o ABSOLUTE
    F:/software/STM32CubeMX561/Repository/STM32Cube_FW_G4_V1.2.0/Drivers/STM32G4xx_HAL_Driver/Src/stm32g4xx_hal_pwr_ex.c 0x00000000   Number         0  stm32g4xx_hal_pwr_ex.o ABSOLUTE
    F:/software/STM32CubeMX561/Repository/STM32Cube_FW_G4_V1.2.0/Drivers/STM32G4xx_HAL_Driver/Src/stm32g4xx_hal_rcc.c 0x00000000   Number         0  stm32g4xx_hal_rcc.o ABSOLUTE
    F:/software/STM32CubeMX561/Repository/STM32Cube_FW_G4_V1.2.0/Drivers/STM32G4xx_HAL_Driver/Src/stm32g4xx_hal_rcc_ex.c 0x00000000   Number         0  stm32g4xx_hal_rcc_ex.o ABSOLUTE
    F:/software/STM32CubeMX561/Repository/STM32Cube_FW_G4_V1.2.0/Drivers/STM32G4xx_HAL_Driver/Src/stm32g4xx_hal_tim.c 0x00000000   Number         0  stm32g4xx_hal_tim.o ABSOLUTE
    F:/software/STM32CubeMX561/Repository/STM32Cube_FW_G4_V1.2.0/Drivers/STM32G4xx_HAL_Driver/Src/stm32g4xx_hal_tim_ex.c 0x00000000   Number         0  stm32g4xx_hal_tim_ex.o ABSOLUTE
    F:/software/STM32CubeMX561/Repository/STM32Cube_FW_G4_V1.2.0/Drivers/STM32G4xx_HAL_Driver/Src/stm32g4xx_hal_uart.c 0x00000000   Number         0  stm32g4xx_hal_uart.o ABSOLUTE
    F:/software/STM32CubeMX561/Repository/STM32Cube_FW_G4_V1.2.0/Drivers/STM32G4xx_HAL_Driver/Src/stm32g4xx_hal_uart_ex.c 0x00000000   Number         0  stm32g4xx_hal_uart_ex.o ABSOLUTE
    F:/software/STM32CubeMX561/Repository/STM32Cube_FW_G4_V1.2.0/Drivers/STM32G4xx_HAL_Driver/Src/stm32g4xx_ll_pwr.c 0x00000000   Number         0  stm32g4xx_ll_pwr.o ABSOLUTE
    F:\software\STM32CubeMX561\Repository\STM32Cube_FW_G4_V1.2.0\Drivers\STM32G4xx_HAL_Driver\Src\stm32g4xx_hal.c 0x00000000   Number         0  stm32g4xx_hal.o ABSOLUTE
    F:\software\STM32CubeMX561\Repository\STM32Cube_FW_G4_V1.2.0\Drivers\STM32G4xx_HAL_Driver\Src\stm32g4xx_hal_cortex.c 0x00000000   Number         0  stm32g4xx_hal_cortex.o ABSOLUTE
    F:\software\STM32CubeMX561\Repository\STM32Cube_FW_G4_V1.2.0\Drivers\STM32G4xx_HAL_Driver\Src\stm32g4xx_hal_dma.c 0x00000000   Number         0  stm32g4xx_hal_dma.o ABSOLUTE
    F:\software\STM32CubeMX561\Repository\STM32Cube_FW_G4_V1.2.0\Drivers\STM32G4xx_HAL_Driver\Src\stm32g4xx_hal_dma_ex.c 0x00000000   Number         0  stm32g4xx_hal_dma_ex.o ABSOLUTE
    F:\software\STM32CubeMX561\Repository\STM32Cube_FW_G4_V1.2.0\Drivers\STM32G4xx_HAL_Driver\Src\stm32g4xx_hal_exti.c 0x00000000   Number         0  stm32g4xx_hal_exti.o ABSOLUTE
    F:\software\STM32CubeMX561\Repository\STM32Cube_FW_G4_V1.2.0\Drivers\STM32G4xx_HAL_Driver\Src\stm32g4xx_hal_flash.c 0x00000000   Number         0  stm32g4xx_hal_flash.o ABSOLUTE
    F:\software\STM32CubeMX561\Repository\STM32Cube_FW_G4_V1.2.0\Drivers\STM32G4xx_HAL_Driver\Src\stm32g4xx_hal_flash_ex.c 0x00000000   Number         0  stm32g4xx_hal_flash_ex.o ABSOLUTE
    F:\software\STM32CubeMX561\Repository\STM32Cube_FW_G4_V1.2.0\Drivers\STM32G4xx_HAL_Driver\Src\stm32g4xx_hal_flash_ramfunc.c 0x00000000   Number         0  stm32g4xx_hal_flash_ramfunc.o ABSOLUTE
    F:\software\STM32CubeMX561\Repository\STM32Cube_FW_G4_V1.2.0\Drivers\STM32G4xx_HAL_Driver\Src\stm32g4xx_hal_gpio.c 0x00000000   Number         0  stm32g4xx_hal_gpio.o ABSOLUTE
    F:\software\STM32CubeMX561\Repository\STM32Cube_FW_G4_V1.2.0\Drivers\STM32G4xx_HAL_Driver\Src\stm32g4xx_hal_pwr.c 0x00000000   Number         0  stm32g4xx_hal_pwr.o ABSOLUTE
    F:\software\STM32CubeMX561\Repository\STM32Cube_FW_G4_V1.2.0\Drivers\STM32G4xx_HAL_Driver\Src\stm32g4xx_hal_pwr_ex.c 0x00000000   Number         0  stm32g4xx_hal_pwr_ex.o ABSOLUTE
    F:\software\STM32CubeMX561\Repository\STM32Cube_FW_G4_V1.2.0\Drivers\STM32G4xx_HAL_Driver\Src\stm32g4xx_hal_rcc.c 0x00000000   Number         0  stm32g4xx_hal_rcc.o ABSOLUTE
    F:\software\STM32CubeMX561\Repository\STM32Cube_FW_G4_V1.2.0\Drivers\STM32G4xx_HAL_Driver\Src\stm32g4xx_hal_rcc_ex.c 0x00000000   Number         0  stm32g4xx_hal_rcc_ex.o ABSOLUTE
    F:\software\STM32CubeMX561\Repository\STM32Cube_FW_G4_V1.2.0\Drivers\STM32G4xx_HAL_Driver\Src\stm32g4xx_hal_tim.c 0x00000000   Number         0  stm32g4xx_hal_tim.o ABSOLUTE
    F:\software\STM32CubeMX561\Repository\STM32Cube_FW_G4_V1.2.0\Drivers\STM32G4xx_HAL_Driver\Src\stm32g4xx_hal_tim_ex.c 0x00000000   Number         0  stm32g4xx_hal_tim_ex.o ABSOLUTE
    F:\software\STM32CubeMX561\Repository\STM32Cube_FW_G4_V1.2.0\Drivers\STM32G4xx_HAL_Driver\Src\stm32g4xx_hal_uart.c 0x00000000   Number         0  stm32g4xx_hal_uart.o ABSOLUTE
    F:\software\STM32CubeMX561\Repository\STM32Cube_FW_G4_V1.2.0\Drivers\STM32G4xx_HAL_Driver\Src\stm32g4xx_hal_uart_ex.c 0x00000000   Number         0  stm32g4xx_hal_uart_ex.o ABSOLUTE
    cdrcmple.s                               0x00000000   Number         0  cdrcmple.o ABSOLUTE
    dc.s                                     0x00000000   Number         0  dc.o ABSOLUTE
    handlers.s                               0x00000000   Number         0  handlers.o ABSOLUTE
    init.s                                   0x00000000   Number         0  init.o ABSOLUTE
    startup_stm32g431xx.s                    0x00000000   Number         0  startup_stm32g431xx.o ABSOLUTE
    RESET                                    0x08000000   Section      472  startup_stm32g431xx.o(RESET)
    .ARM.Collect$$$$00000000                 0x080001d8   Section        0  entry.o(.ARM.Collect$$$$00000000)
    .ARM.Collect$$$$00000001                 0x080001d8   Section        4  entry2.o(.ARM.Collect$$$$00000001)
    .ARM.Collect$$$$00000004                 0x080001dc   Section        4  entry5.o(.ARM.Collect$$$$00000004)
    .ARM.Collect$$$$00000008                 0x080001e0   Section        0  entry7b.o(.ARM.Collect$$$$00000008)
    .ARM.Collect$$$$0000000A                 0x080001e0   Section        0  entry8b.o(.ARM.Collect$$$$0000000A)
    .ARM.Collect$$$$0000000B                 0x080001e0   Section        8  entry9a.o(.ARM.Collect$$$$0000000B)
    .ARM.Collect$$$$0000000D                 0x080001e8   Section        0  entry10a.o(.ARM.Collect$$$$0000000D)
    .ARM.Collect$$$$0000000F                 0x080001e8   Section        0  entry11a.o(.ARM.Collect$$$$0000000F)
    .ARM.Collect$$$$00002712                 0x080001e8   Section        4  entry2.o(.ARM.Collect$$$$00002712)
    __lit__00000000                          0x080001e8   Data           4  entry2.o(.ARM.Collect$$$$00002712)
    .text                                    0x080001ec   Section       36  startup_stm32g431xx.o(.text)
    $v0                                      0x080001ec   Number         0  startup_stm32g431xx.o(.text)
    .text                                    0x08000210   Section        0  uldiv.o(.text)
    .text                                    0x08000272   Section        0  memseta.o(.text)
    .text                                    0x08000296   Section        0  strlen.o(.text)
    .text                                    0x080002a4   Section        0  dadd.o(.text)
    .text                                    0x080003f2   Section        0  dmul.o(.text)
    .text                                    0x080004d6   Section        0  dfltui.o(.text)
    .text                                    0x080004f0   Section        0  f2d.o(.text)
    .text                                    0x08000518   Section       48  cdrcmple.o(.text)
    .text                                    0x08000548   Section        0  d2f.o(.text)
    .text                                    0x08000580   Section        0  uidiv.o(.text)
    .text                                    0x080005ac   Section        0  llshl.o(.text)
    .text                                    0x080005ca   Section        0  llushr.o(.text)
    .text                                    0x080005ea   Section        0  llsshr.o(.text)
    .text                                    0x0800060e   Section        0  fepilogue.o(.text)
    .text                                    0x0800060e   Section        0  iusefp.o(.text)
    .text                                    0x0800067c   Section        0  depilogue.o(.text)
    .text                                    0x08000736   Section        0  ddiv.o(.text)
    .text                                    0x08000814   Section        0  dfixul.o(.text)
    .text                                    0x08000844   Section       36  init.o(.text)
    i.BusFault_Handler                       0x08000868   Section        0  stm32g4xx_it.o(i.BusFault_Handler)
    i.CaculateTatolFee                       0x0800086c   Section        0  main.o(i.CaculateTatolFee)
    i.CarExist                               0x080008d8   Section        0  main.o(i.CarExist)
    i.CloseAllLed                            0x08000920   Section        0  led.o(i.CloseAllLed)
    i.CreateCar                              0x08000950   Section        0  main.o(i.CreateCar)
    i.DMA1_Channel1_IRQHandler               0x08000978   Section        0  stm32g4xx_it.o(i.DMA1_Channel1_IRQHandler)
    i.DMA1_Channel2_IRQHandler               0x08000984   Section        0  stm32g4xx_it.o(i.DMA1_Channel2_IRQHandler)
    i.DMA_CalcDMAMUXChannelBaseAndMask       0x08000990   Section        0  stm32g4xx_hal_dma.o(i.DMA_CalcDMAMUXChannelBaseAndMask)
    DMA_CalcDMAMUXChannelBaseAndMask         0x08000991   Thumb Code    54  stm32g4xx_hal_dma.o(i.DMA_CalcDMAMUXChannelBaseAndMask)
    i.DMA_CalcDMAMUXRequestGenBaseAndMask    0x080009d0   Section        0  stm32g4xx_hal_dma.o(i.DMA_CalcDMAMUXRequestGenBaseAndMask)
    DMA_CalcDMAMUXRequestGenBaseAndMask      0x080009d1   Thumb Code    30  stm32g4xx_hal_dma.o(i.DMA_CalcDMAMUXRequestGenBaseAndMask)
    i.DMA_SetConfig                          0x080009f4   Section        0  stm32g4xx_hal_dma.o(i.DMA_SetConfig)
    DMA_SetConfig                            0x080009f5   Thumb Code    62  stm32g4xx_hal_dma.o(i.DMA_SetConfig)
    i.DebugMon_Handler                       0x08000a32   Section        0  stm32g4xx_it.o(i.DebugMon_Handler)
    i.Delay_LCD                              0x08000a34   Section        0  lcd_hal.o(i.Delay_LCD)
    i.Dis_One_All                            0x08000a50   Section        0  lcd.o(i.Dis_One_All)
    i.Dis_Two_All                            0x08000a60   Section        0  lcd.o(i.Dis_Two_All)
    i.Dis_Updata                             0x08000a70   Section        0  lcd.o(i.Dis_Updata)
    i.Edit_Dis_One                           0x08000adc   Section        0  lcd.o(i.Edit_Dis_One)
    i.Edit_Dis_Two                           0x08000b78   Section        0  lcd.o(i.Edit_Dis_Two)
    i.Error_Handler                          0x08000c38   Section        0  main.o(i.Error_Handler)
    i.FormRight                              0x08000c3a   Section        0  main.o(i.FormRight)
    i.HAL_DMA_Abort_IT                       0x08000c8c   Section        0  stm32g4xx_hal_dma.o(i.HAL_DMA_Abort_IT)
    i.HAL_DMA_IRQHandler                     0x08000d04   Section        0  stm32g4xx_hal_dma.o(i.HAL_DMA_IRQHandler)
    i.HAL_DMA_Init                           0x08000dc0   Section        0  stm32g4xx_hal_dma.o(i.HAL_DMA_Init)
    i.HAL_DMA_Start_IT                       0x08000e80   Section        0  stm32g4xx_hal_dma.o(i.HAL_DMA_Start_IT)
    i.HAL_Delay                              0x08000f0c   Section        0  stm32g4xx_hal.o(i.HAL_Delay)
    i.HAL_GPIO_Init                          0x08000f30   Section        0  stm32g4xx_hal_gpio.o(i.HAL_GPIO_Init)
    i.HAL_GPIO_ReadPin                       0x080010f8   Section        0  stm32g4xx_hal_gpio.o(i.HAL_GPIO_ReadPin)
    i.HAL_GPIO_WritePin                      0x08001102   Section        0  stm32g4xx_hal_gpio.o(i.HAL_GPIO_WritePin)
    i.HAL_GetTick                            0x0800110c   Section        0  stm32g4xx_hal.o(i.HAL_GetTick)
    i.HAL_IncTick                            0x08001118   Section        0  stm32g4xx_hal.o(i.HAL_IncTick)
    i.HAL_Init                               0x08001128   Section        0  stm32g4xx_hal.o(i.HAL_Init)
    i.HAL_InitTick                           0x08001148   Section        0  stm32g4xx_hal.o(i.HAL_InitTick)
    i.HAL_MspInit                            0x0800118c   Section        0  stm32g4xx_hal_msp.o(i.HAL_MspInit)
    i.HAL_NVIC_EnableIRQ                     0x080011c4   Section        0  stm32g4xx_hal_cortex.o(i.HAL_NVIC_EnableIRQ)
    i.HAL_NVIC_SetPriority                   0x080011e0   Section        0  stm32g4xx_hal_cortex.o(i.HAL_NVIC_SetPriority)
    i.HAL_NVIC_SetPriorityGrouping           0x08001220   Section        0  stm32g4xx_hal_cortex.o(i.HAL_NVIC_SetPriorityGrouping)
    i.HAL_PWREx_ControlVoltageScaling        0x08001244   Section        0  stm32g4xx_hal_pwr_ex.o(i.HAL_PWREx_ControlVoltageScaling)
    i.HAL_RCCEx_PeriphCLKConfig              0x08001300   Section        0  stm32g4xx_hal_rcc_ex.o(i.HAL_RCCEx_PeriphCLKConfig)
    i.HAL_RCC_ClockConfig                    0x08001588   Section        0  stm32g4xx_hal_rcc.o(i.HAL_RCC_ClockConfig)
    i.HAL_RCC_GetPCLK1Freq                   0x08001764   Section        0  stm32g4xx_hal_rcc.o(i.HAL_RCC_GetPCLK1Freq)
    i.HAL_RCC_GetPCLK2Freq                   0x08001788   Section        0  stm32g4xx_hal_rcc.o(i.HAL_RCC_GetPCLK2Freq)
    i.HAL_RCC_GetSysClockFreq                0x080017ac   Section        0  stm32g4xx_hal_rcc.o(i.HAL_RCC_GetSysClockFreq)
    i.HAL_RCC_OscConfig                      0x0800181c   Section        0  stm32g4xx_hal_rcc.o(i.HAL_RCC_OscConfig)
    i.HAL_SYSTICK_Config                     0x08001c28   Section        0  stm32g4xx_hal_cortex.o(i.HAL_SYSTICK_Config)
    i.HAL_TIMEx_MasterConfigSynchronization  0x08001c50   Section        0  stm32g4xx_hal_tim_ex.o(i.HAL_TIMEx_MasterConfigSynchronization)
    i.HAL_TIM_Base_Init                      0x08001cec   Section        0  stm32g4xx_hal_tim.o(i.HAL_TIM_Base_Init)
    i.HAL_TIM_Base_MspInit                   0x08001d50   Section        0  tim.o(i.HAL_TIM_Base_MspInit)
    i.HAL_TIM_ConfigClockSource              0x08001d78   Section        0  stm32g4xx_hal_tim.o(i.HAL_TIM_ConfigClockSource)
    i.HAL_TIM_MspPostInit                    0x08001e74   Section        0  tim.o(i.HAL_TIM_MspPostInit)
    i.HAL_TIM_PWM_ConfigChannel              0x08001ec4   Section        0  stm32g4xx_hal_tim.o(i.HAL_TIM_PWM_ConfigChannel)
    i.HAL_TIM_PWM_Init                       0x08001fe2   Section        0  stm32g4xx_hal_tim.o(i.HAL_TIM_PWM_Init)
    i.HAL_TIM_PWM_MspInit                    0x08002044   Section        0  stm32g4xx_hal_tim.o(i.HAL_TIM_PWM_MspInit)
    i.HAL_TIM_PWM_Start                      0x08002048   Section        0  stm32g4xx_hal_tim.o(i.HAL_TIM_PWM_Start)
    i.HAL_UARTEx_DisableFifoMode             0x0800211c   Section        0  stm32g4xx_hal_uart_ex.o(i.HAL_UARTEx_DisableFifoMode)
    i.HAL_UARTEx_RxFifoFullCallback          0x0800215a   Section        0  stm32g4xx_hal_uart_ex.o(i.HAL_UARTEx_RxFifoFullCallback)
    i.HAL_UARTEx_SetRxFifoThreshold          0x0800215c   Section        0  stm32g4xx_hal_uart_ex.o(i.HAL_UARTEx_SetRxFifoThreshold)
    i.HAL_UARTEx_SetTxFifoThreshold          0x080021a8   Section        0  stm32g4xx_hal_uart_ex.o(i.HAL_UARTEx_SetTxFifoThreshold)
    i.HAL_UARTEx_TxFifoEmptyCallback         0x080021f4   Section        0  stm32g4xx_hal_uart_ex.o(i.HAL_UARTEx_TxFifoEmptyCallback)
    i.HAL_UARTEx_WakeupCallback              0x080021f6   Section        0  stm32g4xx_hal_uart_ex.o(i.HAL_UARTEx_WakeupCallback)
    i.HAL_UART_ErrorCallback                 0x080021f8   Section        0  stm32g4xx_hal_uart.o(i.HAL_UART_ErrorCallback)
    i.HAL_UART_IRQHandler                    0x080021fc   Section        0  stm32g4xx_hal_uart.o(i.HAL_UART_IRQHandler)
    i.HAL_UART_Init                          0x08002398   Section        0  stm32g4xx_hal_uart.o(i.HAL_UART_Init)
    i.HAL_UART_MspInit                       0x08002404   Section        0  usart.o(i.HAL_UART_MspInit)
    i.HAL_UART_Receive_DMA                   0x080024d8   Section        0  stm32g4xx_hal_uart.o(i.HAL_UART_Receive_DMA)
    i.HAL_UART_RxCpltCallback                0x0800257c   Section        0  main.o(i.HAL_UART_RxCpltCallback)
    i.HAL_UART_RxHalfCpltCallback            0x0800262c   Section        0  stm32g4xx_hal_uart.o(i.HAL_UART_RxHalfCpltCallback)
    i.HAL_UART_Transmit_DMA                  0x08002630   Section        0  stm32g4xx_hal_uart.o(i.HAL_UART_Transmit_DMA)
    i.HAL_UART_TxCpltCallback                0x080026c8   Section        0  stm32g4xx_hal_uart.o(i.HAL_UART_TxCpltCallback)
    i.HAL_UART_TxHalfCpltCallback            0x080026ca   Section        0  stm32g4xx_hal_uart.o(i.HAL_UART_TxHalfCpltCallback)
    i.HardFault_Handler                      0x080026cc   Section        0  stm32g4xx_it.o(i.HardFault_Handler)
    i.InitCar                                0x080026d0   Section        0  main.o(i.InitCar)
    i.InterFaceOneKeyFunc                    0x080026ec   Section        0  main.o(i.InterFaceOneKeyFunc)
    i.InterFaceTwoKeyFunc                    0x08002804   Section        0  main.o(i.InterFaceTwoKeyFunc)
    i.KeyScan                                0x08002850   Section        0  key.o(i.KeyScan)
    i.LCD_BusIn                              0x08002924   Section        0  lcd_hal.o(i.LCD_BusIn)
    i.LCD_BusOut                             0x08002950   Section        0  lcd_hal.o(i.LCD_BusOut)
    i.LCD_Clear                              0x08002980   Section        0  lcd_hal.o(i.LCD_Clear)
    i.LCD_CtrlLinesConfig                    0x080029a4   Section        0  lcd_hal.o(i.LCD_CtrlLinesConfig)
    i.LCD_DisplayChar                        0x08002a34   Section        0  lcd_hal.o(i.LCD_DisplayChar)
    i.LCD_DisplayStringLine                  0x08002a4c   Section        0  lcd_hal.o(i.LCD_DisplayStringLine)
    i.LCD_DrawChar                           0x08002a78   Section        0  lcd_hal.o(i.LCD_DrawChar)
    i.LCD_Init                               0x08002ad0   Section        0  lcd_hal.o(i.LCD_Init)
    i.LCD_ReadReg                            0x08002b04   Section        0  lcd_hal.o(i.LCD_ReadReg)
    i.LCD_SetBackColor                       0x08002b84   Section        0  lcd_hal.o(i.LCD_SetBackColor)
    i.LCD_SetCursor                          0x08002b94   Section        0  lcd_hal.o(i.LCD_SetCursor)
    i.LCD_SetTextColor                       0x08002bac   Section        0  lcd_hal.o(i.LCD_SetTextColor)
    i.LCD_WriteRAM                           0x08002bbc   Section        0  lcd_hal.o(i.LCD_WriteRAM)
    i.LCD_WriteRAM_Prepare                   0x08002c14   Section        0  lcd_hal.o(i.LCD_WriteRAM_Prepare)
    i.LCD_WriteReg                           0x08002c70   Section        0  lcd_hal.o(i.LCD_WriteReg)
    i.LedControl                             0x08002cdc   Section        0  main.o(i.LedControl)
    i.MX_DMA_Init                            0x08002d54   Section        0  dma.o(i.MX_DMA_Init)
    i.MX_GPIO_Init                           0x08002da0   Section        0  gpio.o(i.MX_GPIO_Init)
    i.MX_TIM3_Init                           0x08002e74   Section        0  tim.o(i.MX_TIM3_Init)
    i.MX_USART1_UART_Init                    0x08002f10   Section        0  usart.o(i.MX_USART1_UART_Init)
    i.MemManage_Handler                      0x08002f78   Section        0  stm32g4xx_it.o(i.MemManage_Handler)
    i.NMI_Handler                            0x08002f7a   Section        0  stm32g4xx_it.o(i.NMI_Handler)
    i.PendSV_Handler                         0x08002f7c   Section        0  stm32g4xx_it.o(i.PendSV_Handler)
    i.REG_8230_Init                          0x08002f7e   Section        0  lcd_hal.o(i.REG_8230_Init)
    i.REG_932X_Init                          0x08003090   Section        0  lcd_hal.o(i.REG_932X_Init)
    i.SVC_Handler                            0x08003292   Section        0  stm32g4xx_it.o(i.SVC_Handler)
    i.SendAndCacualte                        0x08003294   Section        0  main.o(i.SendAndCacualte)
    i.StoreCar                               0x0800331c   Section        0  main.o(i.StoreCar)
    i.SysTick_Handler                        0x080033c4   Section        0  stm32g4xx_it.o(i.SysTick_Handler)
    i.SystemClock_Config                     0x080033ec   Section        0  main.o(i.SystemClock_Config)
    i.SystemInit                             0x08003458   Section        0  system_stm32g4xx.o(i.SystemInit)
    i.TIM_Base_SetConfig                     0x08003474   Section        0  stm32g4xx_hal_tim.o(i.TIM_Base_SetConfig)
    i.TIM_CCxChannelCmd                      0x08003524   Section        0  stm32g4xx_hal_tim.o(i.TIM_CCxChannelCmd)
    i.TIM_ETR_SetConfig                      0x0800353e   Section        0  stm32g4xx_hal_tim.o(i.TIM_ETR_SetConfig)
    i.TIM_ITRx_SetConfig                     0x08003554   Section        0  stm32g4xx_hal_tim.o(i.TIM_ITRx_SetConfig)
    TIM_ITRx_SetConfig                       0x08003555   Thumb Code    16  stm32g4xx_hal_tim.o(i.TIM_ITRx_SetConfig)
    i.TIM_OC1_SetConfig                      0x08003568   Section        0  stm32g4xx_hal_tim.o(i.TIM_OC1_SetConfig)
    TIM_OC1_SetConfig                        0x08003569   Thumb Code   132  stm32g4xx_hal_tim.o(i.TIM_OC1_SetConfig)
    i.TIM_OC2_SetConfig                      0x08003604   Section        0  stm32g4xx_hal_tim.o(i.TIM_OC2_SetConfig)
    i.TIM_OC3_SetConfig                      0x08003694   Section        0  stm32g4xx_hal_tim.o(i.TIM_OC3_SetConfig)
    TIM_OC3_SetConfig                        0x08003695   Thumb Code   118  stm32g4xx_hal_tim.o(i.TIM_OC3_SetConfig)
    i.TIM_OC4_SetConfig                      0x08003724   Section        0  stm32g4xx_hal_tim.o(i.TIM_OC4_SetConfig)
    TIM_OC4_SetConfig                        0x08003725   Thumb Code   120  stm32g4xx_hal_tim.o(i.TIM_OC4_SetConfig)
    i.TIM_OC5_SetConfig                      0x080037b4   Section        0  stm32g4xx_hal_tim.o(i.TIM_OC5_SetConfig)
    TIM_OC5_SetConfig                        0x080037b5   Thumb Code    86  stm32g4xx_hal_tim.o(i.TIM_OC5_SetConfig)
    i.TIM_OC6_SetConfig                      0x08003824   Section        0  stm32g4xx_hal_tim.o(i.TIM_OC6_SetConfig)
    TIM_OC6_SetConfig                        0x08003825   Thumb Code    88  stm32g4xx_hal_tim.o(i.TIM_OC6_SetConfig)
    i.TIM_TI1_ConfigInputStage               0x08003894   Section        0  stm32g4xx_hal_tim.o(i.TIM_TI1_ConfigInputStage)
    TIM_TI1_ConfigInputStage                 0x08003895   Thumb Code    34  stm32g4xx_hal_tim.o(i.TIM_TI1_ConfigInputStage)
    i.TIM_TI2_ConfigInputStage               0x080038b6   Section        0  stm32g4xx_hal_tim.o(i.TIM_TI2_ConfigInputStage)
    TIM_TI2_ConfigInputStage                 0x080038b7   Thumb Code    36  stm32g4xx_hal_tim.o(i.TIM_TI2_ConfigInputStage)
    i.UARTEx_SetNbDataToProcess              0x080038dc   Section        0  stm32g4xx_hal_uart_ex.o(i.UARTEx_SetNbDataToProcess)
    UARTEx_SetNbDataToProcess                0x080038dd   Thumb Code    82  stm32g4xx_hal_uart_ex.o(i.UARTEx_SetNbDataToProcess)
    i.UART_AdvFeatureConfig                  0x08003940   Section        0  stm32g4xx_hal_uart.o(i.UART_AdvFeatureConfig)
    i.UART_CheckIdleState                    0x08003a08   Section        0  stm32g4xx_hal_uart.o(i.UART_CheckIdleState)
    i.UART_DMAAbortOnError                   0x08003a66   Section        0  stm32g4xx_hal_uart.o(i.UART_DMAAbortOnError)
    UART_DMAAbortOnError                     0x08003a67   Thumb Code    20  stm32g4xx_hal_uart.o(i.UART_DMAAbortOnError)
    i.UART_DMAError                          0x08003a7a   Section        0  stm32g4xx_hal_uart.o(i.UART_DMAError)
    UART_DMAError                            0x08003a7b   Thumb Code    80  stm32g4xx_hal_uart.o(i.UART_DMAError)
    i.UART_DMAReceiveCplt                    0x08003aca   Section        0  stm32g4xx_hal_uart.o(i.UART_DMAReceiveCplt)
    UART_DMAReceiveCplt                      0x08003acb   Thumb Code    62  stm32g4xx_hal_uart.o(i.UART_DMAReceiveCplt)
    i.UART_DMARxHalfCplt                     0x08003b08   Section        0  stm32g4xx_hal_uart.o(i.UART_DMARxHalfCplt)
    UART_DMARxHalfCplt                       0x08003b09   Thumb Code    10  stm32g4xx_hal_uart.o(i.UART_DMARxHalfCplt)
    i.UART_DMATransmitCplt                   0x08003b12   Section        0  stm32g4xx_hal_uart.o(i.UART_DMATransmitCplt)
    UART_DMATransmitCplt                     0x08003b13   Thumb Code    48  stm32g4xx_hal_uart.o(i.UART_DMATransmitCplt)
    i.UART_DMATxHalfCplt                     0x08003b42   Section        0  stm32g4xx_hal_uart.o(i.UART_DMATxHalfCplt)
    UART_DMATxHalfCplt                       0x08003b43   Thumb Code    10  stm32g4xx_hal_uart.o(i.UART_DMATxHalfCplt)
    i.UART_EndRxTransfer                     0x08003b4c   Section        0  stm32g4xx_hal_uart.o(i.UART_EndRxTransfer)
    UART_EndRxTransfer                       0x08003b4d   Thumb Code    32  stm32g4xx_hal_uart.o(i.UART_EndRxTransfer)
    i.UART_EndTxTransfer                     0x08003b70   Section        0  stm32g4xx_hal_uart.o(i.UART_EndTxTransfer)
    UART_EndTxTransfer                       0x08003b71   Thumb Code    28  stm32g4xx_hal_uart.o(i.UART_EndTxTransfer)
    i.UART_SetConfig                         0x08003b8c   Section        0  stm32g4xx_hal_uart.o(i.UART_SetConfig)
    i.UART_WaitOnFlagUntilTimeout            0x08004332   Section        0  stm32g4xx_hal_uart.o(i.UART_WaitOnFlagUntilTimeout)
    i.USART1_IRQHandler                      0x08004398   Section        0  stm32g4xx_it.o(i.USART1_IRQHandler)
    i.UsageFault_Handler                     0x080043a4   Section        0  stm32g4xx_it.o(i.UsageFault_Handler)
    i.__0sprintf                             0x080043a8   Section        0  printfa.o(i.__0sprintf)
    i.__NVIC_SetPriority                     0x080043d0   Section        0  stm32g4xx_hal_cortex.o(i.__NVIC_SetPriority)
    __NVIC_SetPriority                       0x080043d1   Thumb Code    32  stm32g4xx_hal_cortex.o(i.__NVIC_SetPriority)
    i.__scatterload_copy                     0x080043f0   Section       14  handlers.o(i.__scatterload_copy)
    i.__scatterload_null                     0x080043fe   Section        2  handlers.o(i.__scatterload_null)
    i.__scatterload_zeroinit                 0x08004400   Section       14  handlers.o(i.__scatterload_zeroinit)
    i._fp_digits                             0x08004410   Section        0  printfa.o(i._fp_digits)
    _fp_digits                               0x08004411   Thumb Code   366  printfa.o(i._fp_digits)
    i._printf_core                           0x08004594   Section        0  printfa.o(i._printf_core)
    _printf_core                             0x08004595   Thumb Code  1744  printfa.o(i._printf_core)
    i._printf_post_padding                   0x08004c70   Section        0  printfa.o(i._printf_post_padding)
    _printf_post_padding                     0x08004c71   Thumb Code    36  printfa.o(i._printf_post_padding)
    i._printf_pre_padding                    0x08004c94   Section        0  printfa.o(i._printf_pre_padding)
    _printf_pre_padding                      0x08004c95   Thumb Code    46  printfa.o(i._printf_pre_padding)
    i._sputc                                 0x08004cc2   Section        0  printfa.o(i._sputc)
    _sputc                                   0x08004cc3   Thumb Code    10  printfa.o(i._sputc)
    i.main                                   0x08004ccc   Section        0  main.o(i.main)
    .constdata                               0x08004e24   Section     4560  lcd_hal.o(.constdata)
    .constdata                               0x08005ff4   Section       16  system_stm32g4xx.o(.constdata)
    .constdata                               0x08006004   Section        8  system_stm32g4xx.o(.constdata)
    .data                                    0x20000000   Section        6  lcd_hal.o(.data)
    TextColor                                0x20000000   Data           2  lcd_hal.o(.data)
    BackColor                                0x20000002   Data           2  lcd_hal.o(.data)
    .data                                    0x20000006   Section        6  key.o(.data)
    .data                                    0x20000010   Section       24  main.o(.data)
    .data                                    0x20000028   Section        1  stm32g4xx_it.o(.data)
    Key_Count_10ms                           0x20000028   Data           1  stm32g4xx_it.o(.data)
    .data                                    0x2000002c   Section       12  stm32g4xx_hal.o(.data)
    .data                                    0x20000038   Section        4  system_stm32g4xx.o(.data)
    .bss                                     0x2000003c   Section      200  lcd.o(.bss)
    .bss                                     0x20000104   Section      284  main.o(.bss)
    .bss                                     0x20000220   Section       76  tim.o(.bss)
    .bss                                     0x2000026c   Section      332  usart.o(.bss)
    STACK                                    0x200003b8   Section     1024  startup_stm32g431xx.o(STACK)

    Global Symbols

    Symbol Name                              Value     Ov Type        Size  Object(Section)

    BuildAttributes$$THM_ISAv4$E$P$D$K$B$S$7EM$VFPi3$EXTD16$VFPS$VFMA$PE$A:L22UL41UL21$X:L11$S22US41US21$IEEE1$IW$USESV6$~STKCKD$USESV7$~SHL$OTIME$ROPI$EBA8$MICROLIB$REQ8$PRES8$EABIv2 0x00000000   Number         0  anon$$obj.o ABSOLUTE
    __ARM_use_no_argv                        0x00000000   Number         0  main.o ABSOLUTE
    _printf_a                                0x00000000   Number         0  stubs.o ABSOLUTE
    _printf_c                                0x00000000   Number         0  stubs.o ABSOLUTE
    _printf_charcount                        0x00000000   Number         0  stubs.o ABSOLUTE
    _printf_d                                0x00000000   Number         0  stubs.o ABSOLUTE
    _printf_e                                0x00000000   Number         0  stubs.o ABSOLUTE
    _printf_f                                0x00000000   Number         0  stubs.o ABSOLUTE
    _printf_flags                            0x00000000   Number         0  stubs.o ABSOLUTE
    _printf_fp_dec                           0x00000000   Number         0  stubs.o ABSOLUTE
    _printf_fp_hex                           0x00000000   Number         0  stubs.o ABSOLUTE
    _printf_g                                0x00000000   Number         0  stubs.o ABSOLUTE
    _printf_i                                0x00000000   Number         0  stubs.o ABSOLUTE
    _printf_int_dec                          0x00000000   Number         0  stubs.o ABSOLUTE
    _printf_l                                0x00000000   Number         0  stubs.o ABSOLUTE
    _printf_lc                               0x00000000   Number         0  stubs.o ABSOLUTE
    _printf_ll                               0x00000000   Number         0  stubs.o ABSOLUTE
    _printf_lld                              0x00000000   Number         0  stubs.o ABSOLUTE
    _printf_lli                              0x00000000   Number         0  stubs.o ABSOLUTE
    _printf_llo                              0x00000000   Number         0  stubs.o ABSOLUTE
    _printf_llu                              0x00000000   Number         0  stubs.o ABSOLUTE
    _printf_llx                              0x00000000   Number         0  stubs.o ABSOLUTE
    _printf_longlong_dec                     0x00000000   Number         0  stubs.o ABSOLUTE
    _printf_longlong_hex                     0x00000000   Number         0  stubs.o ABSOLUTE
    _printf_longlong_oct                     0x00000000   Number         0  stubs.o ABSOLUTE
    _printf_ls                               0x00000000   Number         0  stubs.o ABSOLUTE
    _printf_mbtowc                           0x00000000   Number         0  stubs.o ABSOLUTE
    _printf_n                                0x00000000   Number         0  stubs.o ABSOLUTE
    _printf_o                                0x00000000   Number         0  stubs.o ABSOLUTE
    _printf_p                                0x00000000   Number         0  stubs.o ABSOLUTE
    _printf_percent                          0x00000000   Number         0  stubs.o ABSOLUTE
    _printf_pre_padding                      0x00000000   Number         0  stubs.o ABSOLUTE
    _printf_return_value                     0x00000000   Number         0  stubs.o ABSOLUTE
    _printf_s                                0x00000000   Number         0  stubs.o ABSOLUTE
    _printf_sizespec                         0x00000000   Number         0  stubs.o ABSOLUTE
    _printf_str                              0x00000000   Number         0  stubs.o ABSOLUTE
    _printf_truncate_signed                  0x00000000   Number         0  stubs.o ABSOLUTE
    _printf_truncate_unsigned                0x00000000   Number         0  stubs.o ABSOLUTE
    _printf_u                                0x00000000   Number         0  stubs.o ABSOLUTE
    _printf_wc                               0x00000000   Number         0  stubs.o ABSOLUTE
    _printf_wctomb                           0x00000000   Number         0  stubs.o ABSOLUTE
    _printf_widthprec                        0x00000000   Number         0  stubs.o ABSOLUTE
    _printf_x                                0x00000000   Number         0  stubs.o ABSOLUTE
    __cpp_initialize__aeabi_                  - Undefined Weak Reference
    __cxa_finalize                            - Undefined Weak Reference
    __decompress                              - Undefined Weak Reference
    _clock_init                               - Undefined Weak Reference
    _microlib_exit                            - Undefined Weak Reference
    __Vectors_Size                           0x000001d8   Number         0  startup_stm32g431xx.o ABSOLUTE
    __Vectors                                0x08000000   Data           4  startup_stm32g431xx.o(RESET)
    __Vectors_End                            0x080001d8   Data           0  startup_stm32g431xx.o(RESET)
    __main                                   0x080001d9   Thumb Code     0  entry.o(.ARM.Collect$$$$00000000)
    _main_stk                                0x080001d9   Thumb Code     0  entry2.o(.ARM.Collect$$$$00000001)
    _main_scatterload                        0x080001dd   Thumb Code     0  entry5.o(.ARM.Collect$$$$00000004)
    __main_after_scatterload                 0x080001e1   Thumb Code     0  entry5.o(.ARM.Collect$$$$00000004)
    _main_clock                              0x080001e1   Thumb Code     0  entry7b.o(.ARM.Collect$$$$00000008)
    _main_cpp_init                           0x080001e1   Thumb Code     0  entry8b.o(.ARM.Collect$$$$0000000A)
    _main_init                               0x080001e1   Thumb Code     0  entry9a.o(.ARM.Collect$$$$0000000B)
    __rt_final_cpp                           0x080001e9   Thumb Code     0  entry10a.o(.ARM.Collect$$$$0000000D)
    __rt_final_exit                          0x080001e9   Thumb Code     0  entry11a.o(.ARM.Collect$$$$0000000F)
    Reset_Handler                            0x080001ed   Thumb Code     8  startup_stm32g431xx.o(.text)
    ADC1_2_IRQHandler                        0x08000207   Thumb Code     0  startup_stm32g431xx.o(.text)
    COMP1_2_3_IRQHandler                     0x08000207   Thumb Code     0  startup_stm32g431xx.o(.text)
    COMP4_IRQHandler                         0x08000207   Thumb Code     0  startup_stm32g431xx.o(.text)
    CORDIC_IRQHandler                        0x08000207   Thumb Code     0  startup_stm32g431xx.o(.text)
    CRS_IRQHandler                           0x08000207   Thumb Code     0  startup_stm32g431xx.o(.text)
    DMA1_Channel3_IRQHandler                 0x08000207   Thumb Code     0  startup_stm32g431xx.o(.text)
    DMA1_Channel4_IRQHandler                 0x08000207   Thumb Code     0  startup_stm32g431xx.o(.text)
    DMA1_Channel5_IRQHandler                 0x08000207   Thumb Code     0  startup_stm32g431xx.o(.text)
    DMA1_Channel6_IRQHandler                 0x08000207   Thumb Code     0  startup_stm32g431xx.o(.text)
    DMA2_Channel1_IRQHandler                 0x08000207   Thumb Code     0  startup_stm32g431xx.o(.text)
    DMA2_Channel2_IRQHandler                 0x08000207   Thumb Code     0  startup_stm32g431xx.o(.text)
    DMA2_Channel3_IRQHandler                 0x08000207   Thumb Code     0  startup_stm32g431xx.o(.text)
    DMA2_Channel4_IRQHandler                 0x08000207   Thumb Code     0  startup_stm32g431xx.o(.text)
    DMA2_Channel5_IRQHandler                 0x08000207   Thumb Code     0  startup_stm32g431xx.o(.text)
    DMA2_Channel6_IRQHandler                 0x08000207   Thumb Code     0  startup_stm32g431xx.o(.text)
    DMAMUX_OVR_IRQHandler                    0x08000207   Thumb Code     0  startup_stm32g431xx.o(.text)
    EXTI0_IRQHandler                         0x08000207   Thumb Code     0  startup_stm32g431xx.o(.text)
    EXTI15_10_IRQHandler                     0x08000207   Thumb Code     0  startup_stm32g431xx.o(.text)
    EXTI1_IRQHandler                         0x08000207   Thumb Code     0  startup_stm32g431xx.o(.text)
    EXTI2_IRQHandler                         0x08000207   Thumb Code     0  startup_stm32g431xx.o(.text)
    EXTI3_IRQHandler                         0x08000207   Thumb Code     0  startup_stm32g431xx.o(.text)
    EXTI4_IRQHandler                         0x08000207   Thumb Code     0  startup_stm32g431xx.o(.text)
    EXTI9_5_IRQHandler                       0x08000207   Thumb Code     0  startup_stm32g431xx.o(.text)
    FDCAN1_IT0_IRQHandler                    0x08000207   Thumb Code     0  startup_stm32g431xx.o(.text)
    FDCAN1_IT1_IRQHandler                    0x08000207   Thumb Code     0  startup_stm32g431xx.o(.text)
    FLASH_IRQHandler                         0x08000207   Thumb Code     0  startup_stm32g431xx.o(.text)
    FMAC_IRQHandler                          0x08000207   Thumb Code     0  startup_stm32g431xx.o(.text)
    FPU_IRQHandler                           0x08000207   Thumb Code     0  startup_stm32g431xx.o(.text)
    I2C1_ER_IRQHandler                       0x08000207   Thumb Code     0  startup_stm32g431xx.o(.text)
    I2C1_EV_IRQHandler                       0x08000207   Thumb Code     0  startup_stm32g431xx.o(.text)
    I2C2_ER_IRQHandler                       0x08000207   Thumb Code     0  startup_stm32g431xx.o(.text)
    I2C2_EV_IRQHandler                       0x08000207   Thumb Code     0  startup_stm32g431xx.o(.text)
    I2C3_ER_IRQHandler                       0x08000207   Thumb Code     0  startup_stm32g431xx.o(.text)
    I2C3_EV_IRQHandler                       0x08000207   Thumb Code     0  startup_stm32g431xx.o(.text)
    LPTIM1_IRQHandler                        0x08000207   Thumb Code     0  startup_stm32g431xx.o(.text)
    LPUART1_IRQHandler                       0x08000207   Thumb Code     0  startup_stm32g431xx.o(.text)
    PVD_PVM_IRQHandler                       0x08000207   Thumb Code     0  startup_stm32g431xx.o(.text)
    RCC_IRQHandler                           0x08000207   Thumb Code     0  startup_stm32g431xx.o(.text)
    RNG_IRQHandler                           0x08000207   Thumb Code     0  startup_stm32g431xx.o(.text)
    RTC_Alarm_IRQHandler                     0x08000207   Thumb Code     0  startup_stm32g431xx.o(.text)
    RTC_TAMP_LSECSS_IRQHandler               0x08000207   Thumb Code     0  startup_stm32g431xx.o(.text)
    RTC_WKUP_IRQHandler                      0x08000207   Thumb Code     0  startup_stm32g431xx.o(.text)
    SAI1_IRQHandler                          0x08000207   Thumb Code     0  startup_stm32g431xx.o(.text)
    SPI1_IRQHandler                          0x08000207   Thumb Code     0  startup_stm32g431xx.o(.text)
    SPI2_IRQHandler                          0x08000207   Thumb Code     0  startup_stm32g431xx.o(.text)
    SPI3_IRQHandler                          0x08000207   Thumb Code     0  startup_stm32g431xx.o(.text)
    TIM1_BRK_TIM15_IRQHandler                0x08000207   Thumb Code     0  startup_stm32g431xx.o(.text)
    TIM1_CC_IRQHandler                       0x08000207   Thumb Code     0  startup_stm32g431xx.o(.text)
    TIM1_TRG_COM_TIM17_IRQHandler            0x08000207   Thumb Code     0  startup_stm32g431xx.o(.text)
    TIM1_UP_TIM16_IRQHandler                 0x08000207   Thumb Code     0  startup_stm32g431xx.o(.text)
    TIM2_IRQHandler                          0x08000207   Thumb Code     0  startup_stm32g431xx.o(.text)
    TIM3_IRQHandler                          0x08000207   Thumb Code     0  startup_stm32g431xx.o(.text)
    TIM4_IRQHandler                          0x08000207   Thumb Code     0  startup_stm32g431xx.o(.text)
    TIM6_DAC_IRQHandler                      0x08000207   Thumb Code     0  startup_stm32g431xx.o(.text)
    TIM7_DAC_IRQHandler                      0x08000207   Thumb Code     0  startup_stm32g431xx.o(.text)
    TIM8_BRK_IRQHandler                      0x08000207   Thumb Code     0  startup_stm32g431xx.o(.text)
    TIM8_CC_IRQHandler                       0x08000207   Thumb Code     0  startup_stm32g431xx.o(.text)
    TIM8_TRG_COM_IRQHandler                  0x08000207   Thumb Code     0  startup_stm32g431xx.o(.text)
    TIM8_UP_IRQHandler                       0x08000207   Thumb Code     0  startup_stm32g431xx.o(.text)
    UART4_IRQHandler                         0x08000207   Thumb Code     0  startup_stm32g431xx.o(.text)
    UCPD1_IRQHandler                         0x08000207   Thumb Code     0  startup_stm32g431xx.o(.text)
    USART2_IRQHandler                        0x08000207   Thumb Code     0  startup_stm32g431xx.o(.text)
    USART3_IRQHandler                        0x08000207   Thumb Code     0  startup_stm32g431xx.o(.text)
    USBWakeUp_IRQHandler                     0x08000207   Thumb Code     0  startup_stm32g431xx.o(.text)
    USB_HP_IRQHandler                        0x08000207   Thumb Code     0  startup_stm32g431xx.o(.text)
    USB_LP_IRQHandler                        0x08000207   Thumb Code     0  startup_stm32g431xx.o(.text)
    WWDG_IRQHandler                          0x08000207   Thumb Code     0  startup_stm32g431xx.o(.text)
    __aeabi_uldivmod                         0x08000211   Thumb Code    98  uldiv.o(.text)
    __aeabi_memset                           0x08000273   Thumb Code    14  memseta.o(.text)
    __aeabi_memset4                          0x08000273   Thumb Code     0  memseta.o(.text)
    __aeabi_memset8                          0x08000273   Thumb Code     0  memseta.o(.text)
    __aeabi_memclr                           0x08000281   Thumb Code     4  memseta.o(.text)
    __aeabi_memclr4                          0x08000281   Thumb Code     0  memseta.o(.text)
    __aeabi_memclr8                          0x08000281   Thumb Code     0  memseta.o(.text)
    _memset$wrapper                          0x08000285   Thumb Code    18  memseta.o(.text)
    strlen                                   0x08000297   Thumb Code    14  strlen.o(.text)
    __aeabi_dadd                             0x080002a5   Thumb Code   322  dadd.o(.text)
    __aeabi_dsub                             0x080003e7   Thumb Code     6  dadd.o(.text)
    __aeabi_drsub                            0x080003ed   Thumb Code     6  dadd.o(.text)
    __aeabi_dmul                             0x080003f3   Thumb Code   228  dmul.o(.text)
    __aeabi_ui2d                             0x080004d7   Thumb Code    26  dfltui.o(.text)
    __aeabi_f2d                              0x080004f1   Thumb Code    38  f2d.o(.text)
    __aeabi_cdrcmple                         0x08000519   Thumb Code    48  cdrcmple.o(.text)
    __aeabi_d2f                              0x08000549   Thumb Code    56  d2f.o(.text)
    __aeabi_uidiv                            0x08000581   Thumb Code     0  uidiv.o(.text)
    __aeabi_uidivmod                         0x08000581   Thumb Code    44  uidiv.o(.text)
    __aeabi_llsl                             0x080005ad   Thumb Code    30  llshl.o(.text)
    _ll_shift_l                              0x080005ad   Thumb Code     0  llshl.o(.text)
    __aeabi_llsr                             0x080005cb   Thumb Code    32  llushr.o(.text)
    _ll_ushift_r                             0x080005cb   Thumb Code     0  llushr.o(.text)
    __aeabi_lasr                             0x080005eb   Thumb Code    36  llsshr.o(.text)
    _ll_sshift_r                             0x080005eb   Thumb Code     0  llsshr.o(.text)
    __I$use$fp                               0x0800060f   Thumb Code     0  iusefp.o(.text)
    _float_round                             0x0800060f   Thumb Code    18  fepilogue.o(.text)
    _float_epilogue                          0x08000621   Thumb Code    92  fepilogue.o(.text)
    _double_round                            0x0800067d   Thumb Code    30  depilogue.o(.text)
    _double_epilogue                         0x0800069b   Thumb Code   156  depilogue.o(.text)
    __aeabi_ddiv                             0x08000737   Thumb Code   222  ddiv.o(.text)
    __aeabi_d2ulz                            0x08000815   Thumb Code    48  dfixul.o(.text)
    __scatterload                            0x08000845   Thumb Code    28  init.o(.text)
    __scatterload_rt2                        0x08000845   Thumb Code     0  init.o(.text)
    BusFault_Handler                         0x08000869   Thumb Code     2  stm32g4xx_it.o(i.BusFault_Handler)
    CaculateTatolFee                         0x0800086d   Thumb Code   104  main.o(i.CaculateTatolFee)
    CarExist                                 0x080008d9   Thumb Code    66  main.o(i.CarExist)
    CloseAllLed                              0x08000921   Thumb Code    40  led.o(i.CloseAllLed)
    CreateCar                                0x08000951   Thumb Code    36  main.o(i.CreateCar)
    DMA1_Channel1_IRQHandler                 0x08000979   Thumb Code     6  stm32g4xx_it.o(i.DMA1_Channel1_IRQHandler)
    DMA1_Channel2_IRQHandler                 0x08000985   Thumb Code     6  stm32g4xx_it.o(i.DMA1_Channel2_IRQHandler)
    DebugMon_Handler                         0x08000a33   Thumb Code     2  stm32g4xx_it.o(i.DebugMon_Handler)
    Delay_LCD                                0x08000a35   Thumb Code    28  lcd_hal.o(i.Delay_LCD)
    Dis_One_All                              0x08000a51   Thumb Code    16  lcd.o(i.Dis_One_All)
    Dis_Two_All                              0x08000a61   Thumb Code    14  lcd.o(i.Dis_Two_All)
    Dis_Updata                               0x08000a71   Thumb Code   104  lcd.o(i.Dis_Updata)
    Edit_Dis_One                             0x08000add   Thumb Code    56  lcd.o(i.Edit_Dis_One)
    Edit_Dis_Two                             0x08000b79   Thumb Code    92  lcd.o(i.Edit_Dis_Two)
    Error_Handler                            0x08000c39   Thumb Code     2  main.o(i.Error_Handler)
    FormRight                                0x08000c3b   Thumb Code    82  main.o(i.FormRight)
    HAL_DMA_Abort_IT                         0x08000c8d   Thumb Code   120  stm32g4xx_hal_dma.o(i.HAL_DMA_Abort_IT)
    HAL_DMA_IRQHandler                       0x08000d05   Thumb Code   186  stm32g4xx_hal_dma.o(i.HAL_DMA_IRQHandler)
    HAL_DMA_Init                             0x08000dc1   Thumb Code   178  stm32g4xx_hal_dma.o(i.HAL_DMA_Init)
    HAL_DMA_Start_IT                         0x08000e81   Thumb Code   140  stm32g4xx_hal_dma.o(i.HAL_DMA_Start_IT)
    HAL_Delay                                0x08000f0d   Thumb Code    32  stm32g4xx_hal.o(i.HAL_Delay)
    HAL_GPIO_Init                            0x08000f31   Thumb Code   422  stm32g4xx_hal_gpio.o(i.HAL_GPIO_Init)
    HAL_GPIO_ReadPin                         0x080010f9   Thumb Code    10  stm32g4xx_hal_gpio.o(i.HAL_GPIO_ReadPin)
    HAL_GPIO_WritePin                        0x08001103   Thumb Code    10  stm32g4xx_hal_gpio.o(i.HAL_GPIO_WritePin)
    HAL_GetTick                              0x0800110d   Thumb Code     6  stm32g4xx_hal.o(i.HAL_GetTick)
    HAL_IncTick                              0x08001119   Thumb Code    12  stm32g4xx_hal.o(i.HAL_IncTick)
    HAL_Init                                 0x08001129   Thumb Code    30  stm32g4xx_hal.o(i.HAL_Init)
    HAL_InitTick                             0x08001149   Thumb Code    58  stm32g4xx_hal.o(i.HAL_InitTick)
    HAL_MspInit                              0x0800118d   Thumb Code    48  stm32g4xx_hal_msp.o(i.HAL_MspInit)
    HAL_NVIC_EnableIRQ                       0x080011c5   Thumb Code    26  stm32g4xx_hal_cortex.o(i.HAL_NVIC_EnableIRQ)
    HAL_NVIC_SetPriority                     0x080011e1   Thumb Code    60  stm32g4xx_hal_cortex.o(i.HAL_NVIC_SetPriority)
    HAL_NVIC_SetPriorityGrouping             0x08001221   Thumb Code    26  stm32g4xx_hal_cortex.o(i.HAL_NVIC_SetPriorityGrouping)
    HAL_PWREx_ControlVoltageScaling          0x08001245   Thumb Code   174  stm32g4xx_hal_pwr_ex.o(i.HAL_PWREx_ControlVoltageScaling)
    HAL_RCCEx_PeriphCLKConfig                0x08001301   Thumb Code   638  stm32g4xx_hal_rcc_ex.o(i.HAL_RCCEx_PeriphCLKConfig)
    HAL_RCC_ClockConfig                      0x08001589   Thumb Code   444  stm32g4xx_hal_rcc.o(i.HAL_RCC_ClockConfig)
    HAL_RCC_GetPCLK1Freq                     0x08001765   Thumb Code    24  stm32g4xx_hal_rcc.o(i.HAL_RCC_GetPCLK1Freq)
    HAL_RCC_GetPCLK2Freq                     0x08001789   Thumb Code    24  stm32g4xx_hal_rcc.o(i.HAL_RCC_GetPCLK2Freq)
    HAL_RCC_GetSysClockFreq                  0x080017ad   Thumb Code    98  stm32g4xx_hal_rcc.o(i.HAL_RCC_GetSysClockFreq)
    HAL_RCC_OscConfig                        0x0800181d   Thumb Code  1036  stm32g4xx_hal_rcc.o(i.HAL_RCC_OscConfig)
    HAL_SYSTICK_Config                       0x08001c29   Thumb Code    40  stm32g4xx_hal_cortex.o(i.HAL_SYSTICK_Config)
    HAL_TIMEx_MasterConfigSynchronization    0x08001c51   Thumb Code   132  stm32g4xx_hal_tim_ex.o(i.HAL_TIMEx_MasterConfigSynchronization)
    HAL_TIM_Base_Init                        0x08001ced   Thumb Code    98  stm32g4xx_hal_tim.o(i.HAL_TIM_Base_Init)
    HAL_TIM_Base_MspInit                     0x08001d51   Thumb Code    30  tim.o(i.HAL_TIM_Base_MspInit)
    HAL_TIM_ConfigClockSource                0x08001d79   Thumb Code   244  stm32g4xx_hal_tim.o(i.HAL_TIM_ConfigClockSource)
    HAL_TIM_MspPostInit                      0x08001e75   Thumb Code    70  tim.o(i.HAL_TIM_MspPostInit)
    HAL_TIM_PWM_ConfigChannel                0x08001ec5   Thumb Code   286  stm32g4xx_hal_tim.o(i.HAL_TIM_PWM_ConfigChannel)
    HAL_TIM_PWM_Init                         0x08001fe3   Thumb Code    98  stm32g4xx_hal_tim.o(i.HAL_TIM_PWM_Init)
    HAL_TIM_PWM_MspInit                      0x08002045   Thumb Code     2  stm32g4xx_hal_tim.o(i.HAL_TIM_PWM_MspInit)
    HAL_TIM_PWM_Start                        0x08002049   Thumb Code   188  stm32g4xx_hal_tim.o(i.HAL_TIM_PWM_Start)
    HAL_UARTEx_DisableFifoMode               0x0800211d   Thumb Code    62  stm32g4xx_hal_uart_ex.o(i.HAL_UARTEx_DisableFifoMode)
    HAL_UARTEx_RxFifoFullCallback            0x0800215b   Thumb Code     2  stm32g4xx_hal_uart_ex.o(i.HAL_UARTEx_RxFifoFullCallback)
    HAL_UARTEx_SetRxFifoThreshold            0x0800215d   Thumb Code    76  stm32g4xx_hal_uart_ex.o(i.HAL_UARTEx_SetRxFifoThreshold)
    HAL_UARTEx_SetTxFifoThreshold            0x080021a9   Thumb Code    76  stm32g4xx_hal_uart_ex.o(i.HAL_UARTEx_SetTxFifoThreshold)
    HAL_UARTEx_TxFifoEmptyCallback           0x080021f5   Thumb Code     2  stm32g4xx_hal_uart_ex.o(i.HAL_UARTEx_TxFifoEmptyCallback)
    HAL_UARTEx_WakeupCallback                0x080021f7   Thumb Code     2  stm32g4xx_hal_uart_ex.o(i.HAL_UARTEx_WakeupCallback)
    HAL_UART_ErrorCallback                   0x080021f9   Thumb Code     2  stm32g4xx_hal_uart.o(i.HAL_UART_ErrorCallback)
    HAL_UART_IRQHandler                      0x080021fd   Thumb Code   404  stm32g4xx_hal_uart.o(i.HAL_UART_IRQHandler)
    HAL_UART_Init                            0x08002399   Thumb Code   106  stm32g4xx_hal_uart.o(i.HAL_UART_Init)
    HAL_UART_MspInit                         0x08002405   Thumb Code   196  usart.o(i.HAL_UART_MspInit)
    HAL_UART_Receive_DMA                     0x080024d9   Thumb Code   150  stm32g4xx_hal_uart.o(i.HAL_UART_Receive_DMA)
    HAL_UART_RxCpltCallback                  0x0800257d   Thumb Code   156  main.o(i.HAL_UART_RxCpltCallback)
    HAL_UART_RxHalfCpltCallback              0x0800262d   Thumb Code     2  stm32g4xx_hal_uart.o(i.HAL_UART_RxHalfCpltCallback)
    HAL_UART_Transmit_DMA                    0x08002631   Thumb Code   140  stm32g4xx_hal_uart.o(i.HAL_UART_Transmit_DMA)
    HAL_UART_TxCpltCallback                  0x080026c9   Thumb Code     2  stm32g4xx_hal_uart.o(i.HAL_UART_TxCpltCallback)
    HAL_UART_TxHalfCpltCallback              0x080026cb   Thumb Code     2  stm32g4xx_hal_uart.o(i.HAL_UART_TxHalfCpltCallback)
    HardFault_Handler                        0x080026cd   Thumb Code     2  stm32g4xx_it.o(i.HardFault_Handler)
    InitCar                                  0x080026d1   Thumb Code    24  main.o(i.InitCar)
    InterFaceOneKeyFunc                      0x080026ed   Thumb Code   250  main.o(i.InterFaceOneKeyFunc)
    InterFaceTwoKeyFunc                      0x08002805   Thumb Code    64  main.o(i.InterFaceTwoKeyFunc)
    KeyScan                                  0x08002851   Thumb Code   202  key.o(i.KeyScan)
    LCD_BusIn                                0x08002925   Thumb Code    40  lcd_hal.o(i.LCD_BusIn)
    LCD_BusOut                               0x08002951   Thumb Code    42  lcd_hal.o(i.LCD_BusOut)
    LCD_Clear                                0x08002981   Thumb Code    36  lcd_hal.o(i.LCD_Clear)
    LCD_CtrlLinesConfig                      0x080029a5   Thumb Code   136  lcd_hal.o(i.LCD_CtrlLinesConfig)
    LCD_DisplayChar                          0x08002a35   Thumb Code    18  lcd_hal.o(i.LCD_DisplayChar)
    LCD_DisplayStringLine                    0x08002a4d   Thumb Code    42  lcd_hal.o(i.LCD_DisplayStringLine)
    LCD_DrawChar                             0x08002a79   Thumb Code    84  lcd_hal.o(i.LCD_DrawChar)
    LCD_Init                                 0x08002ad1   Thumb Code    46  lcd_hal.o(i.LCD_Init)
    LCD_ReadReg                              0x08002b05   Thumb Code   120  lcd_hal.o(i.LCD_ReadReg)
    LCD_SetBackColor                         0x08002b85   Thumb Code    12  lcd_hal.o(i.LCD_SetBackColor)
    LCD_SetCursor                            0x08002b95   Thumb Code    24  lcd_hal.o(i.LCD_SetCursor)
    LCD_SetTextColor                         0x08002bad   Thumb Code    12  lcd_hal.o(i.LCD_SetTextColor)
    LCD_WriteRAM                             0x08002bbd   Thumb Code    80  lcd_hal.o(i.LCD_WriteRAM)
    LCD_WriteRAM_Prepare                     0x08002c15   Thumb Code    82  lcd_hal.o(i.LCD_WriteRAM_Prepare)
    LCD_WriteReg                             0x08002c71   Thumb Code   100  lcd_hal.o(i.LCD_WriteReg)
    LedControl                               0x08002cdd   Thumb Code   102  main.o(i.LedControl)
    MX_DMA_Init                              0x08002d55   Thumb Code    72  dma.o(i.MX_DMA_Init)
    MX_GPIO_Init                             0x08002da1   Thumb Code   196  gpio.o(i.MX_GPIO_Init)
    MX_TIM3_Init                             0x08002e75   Thumb Code   148  tim.o(i.MX_TIM3_Init)
    MX_USART1_UART_Init                      0x08002f11   Thumb Code    94  usart.o(i.MX_USART1_UART_Init)
    MemManage_Handler                        0x08002f79   Thumb Code     2  stm32g4xx_it.o(i.MemManage_Handler)
    NMI_Handler                              0x08002f7b   Thumb Code     2  stm32g4xx_it.o(i.NMI_Handler)
    PendSV_Handler                           0x08002f7d   Thumb Code     2  stm32g4xx_it.o(i.PendSV_Handler)
    REG_8230_Init                            0x08002f7f   Thumb Code   274  lcd_hal.o(i.REG_8230_Init)
    REG_932X_Init                            0x08003091   Thumb Code   514  lcd_hal.o(i.REG_932X_Init)
    SVC_Handler                              0x08003293   Thumb Code     2  stm32g4xx_it.o(i.SVC_Handler)
    SendAndCacualte                          0x08003295   Thumb Code   102  main.o(i.SendAndCacualte)
    StoreCar                                 0x0800331d   Thumb Code   164  main.o(i.StoreCar)
    SysTick_Handler                          0x080033c5   Thumb Code    34  stm32g4xx_it.o(i.SysTick_Handler)
    SystemClock_Config                       0x080033ed   Thumb Code   106  main.o(i.SystemClock_Config)
    SystemInit                               0x08003459   Thumb Code    22  system_stm32g4xx.o(i.SystemInit)
    TIM_Base_SetConfig                       0x08003475   Thumb Code   146  stm32g4xx_hal_tim.o(i.TIM_Base_SetConfig)
    TIM_CCxChannelCmd                        0x08003525   Thumb Code    26  stm32g4xx_hal_tim.o(i.TIM_CCxChannelCmd)
    TIM_ETR_SetConfig                        0x0800353f   Thumb Code    20  stm32g4xx_hal_tim.o(i.TIM_ETR_SetConfig)
    TIM_OC2_SetConfig                        0x08003605   Thumb Code   120  stm32g4xx_hal_tim.o(i.TIM_OC2_SetConfig)
    UART_AdvFeatureConfig                    0x08003941   Thumb Code   200  stm32g4xx_hal_uart.o(i.UART_AdvFeatureConfig)
    UART_CheckIdleState                      0x08003a09   Thumb Code    94  stm32g4xx_hal_uart.o(i.UART_CheckIdleState)
    UART_SetConfig                           0x08003b8d   Thumb Code  1958  stm32g4xx_hal_uart.o(i.UART_SetConfig)
    UART_WaitOnFlagUntilTimeout              0x08004333   Thumb Code   100  stm32g4xx_hal_uart.o(i.UART_WaitOnFlagUntilTimeout)
    USART1_IRQHandler                        0x08004399   Thumb Code     6  stm32g4xx_it.o(i.USART1_IRQHandler)
    UsageFault_Handler                       0x080043a5   Thumb Code     2  stm32g4xx_it.o(i.UsageFault_Handler)
    __0sprintf                               0x080043a9   Thumb Code    34  printfa.o(i.__0sprintf)
    __1sprintf                               0x080043a9   Thumb Code     0  printfa.o(i.__0sprintf)
    __2sprintf                               0x080043a9   Thumb Code     0  printfa.o(i.__0sprintf)
    __c89sprintf                             0x080043a9   Thumb Code     0  printfa.o(i.__0sprintf)
    sprintf                                  0x080043a9   Thumb Code     0  printfa.o(i.__0sprintf)
    __scatterload_copy                       0x080043f1   Thumb Code    14  handlers.o(i.__scatterload_copy)
    __scatterload_null                       0x080043ff   Thumb Code     2  handlers.o(i.__scatterload_null)
    __scatterload_zeroinit                   0x08004401   Thumb Code    14  handlers.o(i.__scatterload_zeroinit)
    main                                     0x08004ccd   Thumb Code   294  main.o(i.main)
    ASCII_Table                              0x08004e24   Data        4560  lcd_hal.o(.constdata)
    AHBPrescTable                            0x08005ff4   Data          16  system_stm32g4xx.o(.constdata)
    APBPrescTable                            0x08006004   Data           8  system_stm32g4xx.o(.constdata)
    Region$$Table$$Base                      0x0800600c   Number         0  anon$$obj.o(Region$$Table)
    Region$$Table$$Limit                     0x0800602c   Number         0  anon$$obj.o(Region$$Table)
    dummy                                    0x20000004   Data           2  lcd_hal.o(.data)
    Key_State                                0x20000006   Data           1  key.o(.data)
    Key_Flag                                 0x20000007   Data           1  key.o(.data)
    Key_Value                                0x20000008   Data           1  key.o(.data)
    Key_Press_Time                           0x2000000a   Data           2  key.o(.data)
    Ds_Mode                                  0x20000010   Data           1  main.o(.data)
    Ds_Mode_old                              0x20000011   Data           1  main.o(.data)
    Pluse_Out                                0x20000012   Data           1  main.o(.data)
    CarSection                               0x20000013   Data           1  main.o(.data)
    Cnber_Car_Num                            0x20000014   Data           2  main.o(.data)
    Vnber_Car_Num                            0x20000016   Data           2  main.o(.data)
    Cnber_Car_Rate                           0x20000018   Data           8  main.o(.data)
    Vnber_Car_Rate                           0x20000020   Data           8  main.o(.data)
    uwTickPrio                               0x2000002c   Data           4  stm32g4xx_hal.o(.data)
    uwTickFreq                               0x20000030   Data           4  stm32g4xx_hal.o(.data)
    uwTick                                   0x20000034   Data           4  stm32g4xx_hal.o(.data)
    SystemCoreClock                          0x20000038   Data           4  system_stm32g4xx.o(.data)
    Lcd_Line0                                0x2000003c   Data          20  lcd.o(.bss)
    Lcd_Line1                                0x20000050   Data          20  lcd.o(.bss)
    Lcd_Line2                                0x20000064   Data          20  lcd.o(.bss)
    Lcd_Line3                                0x20000078   Data          20  lcd.o(.bss)
    Lcd_Line4                                0x2000008c   Data          20  lcd.o(.bss)
    Lcd_Line5                                0x200000a0   Data          20  lcd.o(.bss)
    Lcd_Line6                                0x200000b4   Data          20  lcd.o(.bss)
    Lcd_Line7                                0x200000c8   Data          20  lcd.o(.bss)
    Lcd_Line8                                0x200000dc   Data          20  lcd.o(.bss)
    Lcd_Line9                                0x200000f0   Data          20  lcd.o(.bss)
    All_Set                                  0x20000104   Data         160  main.o(.bss)
    Rx_Str                                   0x200001a4   Data          44  main.o(.bss)
    Tx_Str                                   0x200001d0   Data          40  main.o(.bss)
    temp1                                    0x200001f8   Data          20  main.o(.bss)
    temp2                                    0x2000020c   Data          20  main.o(.bss)
    htim3                                    0x20000220   Data          76  tim.o(.bss)
    huart1                                   0x2000026c   Data         140  usart.o(.bss)
    hdma_usart1_rx                           0x200002f8   Data          96  usart.o(.bss)
    hdma_usart1_tx                           0x20000358   Data          96  usart.o(.bss)
    __initial_sp                             0x200007b8   Data           0  startup_stm32g431xx.o(STACK)



==============================================================================

Memory Map of the image

  Image Entry point : 0x080001d9

  Load Region LR_IROM1 (Base: 0x08000000, Size: 0x00006068, Max: 0x00020000, ABSOLUTE)

    Execution Region ER_IROM1 (Base: 0x08000000, Size: 0x0000602c, Max: 0x00020000, ABSOLUTE)

    Base Addr    Size         Type   Attr      Idx    E Section Name        Object

    0x08000000   0x000001d8   Data   RO            3    RESET               startup_stm32g431xx.o
    0x080001d8   0x00000000   Code   RO         3957  * .ARM.Collect$$$$00000000  mc_w.l(entry.o)
    0x080001d8   0x00000004   Code   RO         4239    .ARM.Collect$$$$00000001  mc_w.l(entry2.o)
    0x080001dc   0x00000004   Code   RO         4242    .ARM.Collect$$$$00000004  mc_w.l(entry5.o)
    0x080001e0   0x00000000   Code   RO         4244    .ARM.Collect$$$$00000008  mc_w.l(entry7b.o)
    0x080001e0   0x00000000   Code   RO         4246    .ARM.Collect$$$$0000000A  mc_w.l(entry8b.o)
    0x080001e0   0x00000008   Code   RO         4247    .ARM.Collect$$$$0000000B  mc_w.l(entry9a.o)
    0x080001e8   0x00000000   Code   RO         4249    .ARM.Collect$$$$0000000D  mc_w.l(entry10a.o)
    0x080001e8   0x00000000   Code   RO         4251    .ARM.Collect$$$$0000000F  mc_w.l(entry11a.o)
    0x080001e8   0x00000004   Code   RO         4240    .ARM.Collect$$$$00002712  mc_w.l(entry2.o)
    0x080001ec   0x00000024   Code   RO            4    .text               startup_stm32g431xx.o
    0x08000210   0x00000062   Code   RO         3960    .text               mc_w.l(uldiv.o)
    0x08000272   0x00000024   Code   RO         3962    .text               mc_w.l(memseta.o)
    0x08000296   0x0000000e   Code   RO         3964    .text               mc_w.l(strlen.o)
    0x080002a4   0x0000014e   Code   RO         4227    .text               mf_w.l(dadd.o)
    0x080003f2   0x000000e4   Code   RO         4229    .text               mf_w.l(dmul.o)
    0x080004d6   0x0000001a   Code   RO         4231    .text               mf_w.l(dfltui.o)
    0x080004f0   0x00000026   Code   RO         4233    .text               mf_w.l(f2d.o)
    0x08000516   0x00000002   PAD
    0x08000518   0x00000030   Code   RO         4235    .text               mf_w.l(cdrcmple.o)
    0x08000548   0x00000038   Code   RO         4237    .text               mf_w.l(d2f.o)
    0x08000580   0x0000002c   Code   RO         4256    .text               mc_w.l(uidiv.o)
    0x080005ac   0x0000001e   Code   RO         4258    .text               mc_w.l(llshl.o)
    0x080005ca   0x00000020   Code   RO         4260    .text               mc_w.l(llushr.o)
    0x080005ea   0x00000024   Code   RO         4262    .text               mc_w.l(llsshr.o)
    0x0800060e   0x00000000   Code   RO         4264    .text               mc_w.l(iusefp.o)
    0x0800060e   0x0000006e   Code   RO         4265    .text               mf_w.l(fepilogue.o)
    0x0800067c   0x000000ba   Code   RO         4267    .text               mf_w.l(depilogue.o)
    0x08000736   0x000000de   Code   RO         4269    .text               mf_w.l(ddiv.o)
    0x08000814   0x00000030   Code   RO         4271    .text               mf_w.l(dfixul.o)
    0x08000844   0x00000024   Code   RO         4273    .text               mc_w.l(init.o)
    0x08000868   0x00000002   Code   RO          706    i.BusFault_Handler  stm32g4xx_it.o
    0x0800086a   0x00000002   PAD
    0x0800086c   0x0000006c   Code   RO          448    i.CaculateTatolFee  main.o
    0x080008d8   0x00000048   Code   RO          449    i.CarExist          main.o
    0x08000920   0x00000030   Code   RO          388    i.CloseAllLed       led.o
    0x08000950   0x00000028   Code   RO          450    i.CreateCar         main.o
    0x08000978   0x0000000c   Code   RO          707    i.DMA1_Channel1_IRQHandler  stm32g4xx_it.o
    0x08000984   0x0000000c   Code   RO          708    i.DMA1_Channel2_IRQHandler  stm32g4xx_it.o
    0x08000990   0x00000040   Code   RO         2809    i.DMA_CalcDMAMUXChannelBaseAndMask  stm32g4xx_hal_dma.o
    0x080009d0   0x00000024   Code   RO         2810    i.DMA_CalcDMAMUXRequestGenBaseAndMask  stm32g4xx_hal_dma.o
    0x080009f4   0x0000003e   Code   RO         2811    i.DMA_SetConfig     stm32g4xx_hal_dma.o
    0x08000a32   0x00000002   Code   RO          709    i.DebugMon_Handler  stm32g4xx_it.o
    0x08000a34   0x0000001c   Code   RO           13    i.Delay_LCD         lcd_hal.o
    0x08000a50   0x00000010   Code   RO          327    i.Dis_One_All       lcd.o
    0x08000a60   0x0000000e   Code   RO          328    i.Dis_Two_All       lcd.o
    0x08000a6e   0x00000002   PAD
    0x08000a70   0x0000006c   Code   RO          329    i.Dis_Updata        lcd.o
    0x08000adc   0x0000009c   Code   RO          330    i.Edit_Dis_One      lcd.o
    0x08000b78   0x000000c0   Code   RO          331    i.Edit_Dis_Two      lcd.o
    0x08000c38   0x00000002   Code   RO          451    i.Error_Handler     main.o
    0x08000c3a   0x00000052   Code   RO          452    i.FormRight         main.o
    0x08000c8c   0x00000078   Code   RO         2813    i.HAL_DMA_Abort_IT  stm32g4xx_hal_dma.o
    0x08000d04   0x000000ba   Code   RO         2817    i.HAL_DMA_IRQHandler  stm32g4xx_hal_dma.o
    0x08000dbe   0x00000002   PAD
    0x08000dc0   0x000000c0   Code   RO         2818    i.HAL_DMA_Init      stm32g4xx_hal_dma.o
    0x08000e80   0x0000008c   Code   RO         2822    i.HAL_DMA_Start_IT  stm32g4xx_hal_dma.o
    0x08000f0c   0x00000024   Code   RO         2049    i.HAL_Delay         stm32g4xx_hal.o
    0x08000f30   0x000001c8   Code   RO          831    i.HAL_GPIO_Init     stm32g4xx_hal_gpio.o
    0x080010f8   0x0000000a   Code   RO          833    i.HAL_GPIO_ReadPin  stm32g4xx_hal_gpio.o
    0x08001102   0x0000000a   Code   RO          835    i.HAL_GPIO_WritePin  stm32g4xx_hal_gpio.o
    0x0800110c   0x0000000c   Code   RO         2053    i.HAL_GetTick       stm32g4xx_hal.o
    0x08001118   0x00000010   Code   RO         2056    i.HAL_IncTick       stm32g4xx_hal.o
    0x08001128   0x0000001e   Code   RO         2057    i.HAL_Init          stm32g4xx_hal.o
    0x08001146   0x00000002   PAD
    0x08001148   0x00000044   Code   RO         2058    i.HAL_InitTick      stm32g4xx_hal.o
    0x0800118c   0x00000038   Code   RO          801    i.HAL_MspInit       stm32g4xx_hal_msp.o
    0x080011c4   0x0000001a   Code   RO         3321    i.HAL_NVIC_EnableIRQ  stm32g4xx_hal_cortex.o
    0x080011de   0x00000002   PAD
    0x080011e0   0x00000040   Code   RO         3327    i.HAL_NVIC_SetPriority  stm32g4xx_hal_cortex.o
    0x08001220   0x00000024   Code   RO         3328    i.HAL_NVIC_SetPriorityGrouping  stm32g4xx_hal_cortex.o
    0x08001244   0x000000bc   Code   RO         3077    i.HAL_PWREx_ControlVoltageScaling  stm32g4xx_hal_pwr_ex.o
    0x08001300   0x00000288   Code   RO         2402    i.HAL_RCCEx_PeriphCLKConfig  stm32g4xx_hal_rcc_ex.o
    0x08001588   0x000001dc   Code   RO         2277    i.HAL_RCC_ClockConfig  stm32g4xx_hal_rcc.o
    0x08001764   0x00000024   Code   RO         2285    i.HAL_RCC_GetPCLK1Freq  stm32g4xx_hal_rcc.o
    0x08001788   0x00000024   Code   RO         2286    i.HAL_RCC_GetPCLK2Freq  stm32g4xx_hal_rcc.o
    0x080017ac   0x00000070   Code   RO         2287    i.HAL_RCC_GetSysClockFreq  stm32g4xx_hal_rcc.o
    0x0800181c   0x0000040c   Code   RO         2290    i.HAL_RCC_OscConfig  stm32g4xx_hal_rcc.o
    0x08001c28   0x00000028   Code   RO         3332    i.HAL_SYSTICK_Config  stm32g4xx_hal_cortex.o
    0x08001c50   0x0000009c   Code   RO         1652    i.HAL_TIMEx_MasterConfigSynchronization  stm32g4xx_hal_tim_ex.o
    0x08001cec   0x00000062   Code   RO          896    i.HAL_TIM_Base_Init  stm32g4xx_hal_tim.o
    0x08001d4e   0x00000002   PAD
    0x08001d50   0x00000028   Code   RO          617    i.HAL_TIM_Base_MspInit  tim.o
    0x08001d78   0x000000fc   Code   RO          905    i.HAL_TIM_ConfigClockSource  stm32g4xx_hal_tim.o
    0x08001e74   0x00000050   Code   RO          618    i.HAL_TIM_MspPostInit  tim.o
    0x08001ec4   0x0000011e   Code   RO          968    i.HAL_TIM_PWM_ConfigChannel  stm32g4xx_hal_tim.o
    0x08001fe2   0x00000062   Code   RO          971    i.HAL_TIM_PWM_Init  stm32g4xx_hal_tim.o
    0x08002044   0x00000002   Code   RO          973    i.HAL_TIM_PWM_MspInit  stm32g4xx_hal_tim.o
    0x08002046   0x00000002   PAD
    0x08002048   0x000000d4   Code   RO          976    i.HAL_TIM_PWM_Start  stm32g4xx_hal_tim.o
    0x0800211c   0x0000003e   Code   RO         3829    i.HAL_UARTEx_DisableFifoMode  stm32g4xx_hal_uart_ex.o
    0x0800215a   0x00000002   Code   RO         3833    i.HAL_UARTEx_RxFifoFullCallback  stm32g4xx_hal_uart_ex.o
    0x0800215c   0x0000004c   Code   RO         3834    i.HAL_UARTEx_SetRxFifoThreshold  stm32g4xx_hal_uart_ex.o
    0x080021a8   0x0000004c   Code   RO         3835    i.HAL_UARTEx_SetTxFifoThreshold  stm32g4xx_hal_uart_ex.o
    0x080021f4   0x00000002   Code   RO         3837    i.HAL_UARTEx_TxFifoEmptyCallback  stm32g4xx_hal_uart_ex.o
    0x080021f6   0x00000002   Code   RO         3838    i.HAL_UARTEx_WakeupCallback  stm32g4xx_hal_uart_ex.o
    0x080021f8   0x00000002   Code   RO         3473    i.HAL_UART_ErrorCallback  stm32g4xx_hal_uart.o
    0x080021fa   0x00000002   PAD
    0x080021fc   0x0000019c   Code   RO         3476    i.HAL_UART_IRQHandler  stm32g4xx_hal_uart.o
    0x08002398   0x0000006a   Code   RO         3477    i.HAL_UART_Init     stm32g4xx_hal_uart.o
    0x08002402   0x00000002   PAD
    0x08002404   0x000000d4   Code   RO          665    i.HAL_UART_MspInit  usart.o
    0x080024d8   0x000000a4   Code   RO         3481    i.HAL_UART_Receive_DMA  stm32g4xx_hal_uart.o
    0x0800257c   0x000000b0   Code   RO          453    i.HAL_UART_RxCpltCallback  main.o
    0x0800262c   0x00000002   Code   RO         3484    i.HAL_UART_RxHalfCpltCallback  stm32g4xx_hal_uart.o
    0x0800262e   0x00000002   PAD
    0x08002630   0x00000098   Code   RO         3486    i.HAL_UART_Transmit_DMA  stm32g4xx_hal_uart.o
    0x080026c8   0x00000002   Code   RO         3488    i.HAL_UART_TxCpltCallback  stm32g4xx_hal_uart.o
    0x080026ca   0x00000002   Code   RO         3489    i.HAL_UART_TxHalfCpltCallback  stm32g4xx_hal_uart.o
    0x080026cc   0x00000002   Code   RO          710    i.HardFault_Handler  stm32g4xx_it.o
    0x080026ce   0x00000002   PAD
    0x080026d0   0x0000001c   Code   RO          454    i.InitCar           main.o
    0x080026ec   0x00000118   Code   RO          455    i.InterFaceOneKeyFunc  main.o
    0x08002804   0x0000004c   Code   RO          456    i.InterFaceTwoKeyFunc  main.o
    0x08002850   0x000000d4   Code   RO          415    i.KeyScan           key.o
    0x08002924   0x0000002c   Code   RO           14    i.LCD_BusIn         lcd_hal.o
    0x08002950   0x00000030   Code   RO           15    i.LCD_BusOut        lcd_hal.o
    0x08002980   0x00000024   Code   RO           16    i.LCD_Clear         lcd_hal.o
    0x080029a4   0x00000090   Code   RO           18    i.LCD_CtrlLinesConfig  lcd_hal.o
    0x08002a34   0x00000018   Code   RO           19    i.LCD_DisplayChar   lcd_hal.o
    0x08002a4c   0x0000002a   Code   RO           22    i.LCD_DisplayStringLine  lcd_hal.o
    0x08002a76   0x00000002   PAD
    0x08002a78   0x00000058   Code   RO           23    i.LCD_DrawChar      lcd_hal.o
    0x08002ad0   0x00000034   Code   RO           29    i.LCD_Init          lcd_hal.o
    0x08002b04   0x00000080   Code   RO           32    i.LCD_ReadReg       lcd_hal.o
    0x08002b84   0x00000010   Code   RO           33    i.LCD_SetBackColor  lcd_hal.o
    0x08002b94   0x00000018   Code   RO           34    i.LCD_SetCursor     lcd_hal.o
    0x08002bac   0x00000010   Code   RO           36    i.LCD_SetTextColor  lcd_hal.o
    0x08002bbc   0x00000058   Code   RO           39    i.LCD_WriteRAM      lcd_hal.o
    0x08002c14   0x0000005c   Code   RO           40    i.LCD_WriteRAM_Prepare  lcd_hal.o
    0x08002c70   0x0000006c   Code   RO           41    i.LCD_WriteReg      lcd_hal.o
    0x08002cdc   0x00000078   Code   RO          457    i.LedControl        main.o
    0x08002d54   0x0000004c   Code   RO          592    i.MX_DMA_Init       dma.o
    0x08002da0   0x000000d4   Code   RO          568    i.MX_GPIO_Init      gpio.o
    0x08002e74   0x0000009c   Code   RO          619    i.MX_TIM3_Init      tim.o
    0x08002f10   0x00000068   Code   RO          666    i.MX_USART1_UART_Init  usart.o
    0x08002f78   0x00000002   Code   RO          711    i.MemManage_Handler  stm32g4xx_it.o
    0x08002f7a   0x00000002   Code   RO          712    i.NMI_Handler       stm32g4xx_it.o
    0x08002f7c   0x00000002   Code   RO          713    i.PendSV_Handler    stm32g4xx_it.o
    0x08002f7e   0x00000112   Code   RO           42    i.REG_8230_Init     lcd_hal.o
    0x08003090   0x00000202   Code   RO           43    i.REG_932X_Init     lcd_hal.o
    0x08003292   0x00000002   Code   RO          714    i.SVC_Handler       stm32g4xx_it.o
    0x08003294   0x00000088   Code   RO          458    i.SendAndCacualte   main.o
    0x0800331c   0x000000a8   Code   RO          459    i.StoreCar          main.o
    0x080033c4   0x00000028   Code   RO          715    i.SysTick_Handler   stm32g4xx_it.o
    0x080033ec   0x0000006a   Code   RO          460    i.SystemClock_Config  main.o
    0x08003456   0x00000002   PAD
    0x08003458   0x0000001c   Code   RO         3923    i.SystemInit        system_stm32g4xx.o
    0x08003474   0x000000b0   Code   RO          989    i.TIM_Base_SetConfig  stm32g4xx_hal_tim.o
    0x08003524   0x0000001a   Code   RO          990    i.TIM_CCxChannelCmd  stm32g4xx_hal_tim.o
    0x0800353e   0x00000014   Code   RO         1000    i.TIM_ETR_SetConfig  stm32g4xx_hal_tim.o
    0x08003552   0x00000002   PAD
    0x08003554   0x00000014   Code   RO         1001    i.TIM_ITRx_SetConfig  stm32g4xx_hal_tim.o
    0x08003568   0x0000009c   Code   RO         1002    i.TIM_OC1_SetConfig  stm32g4xx_hal_tim.o
    0x08003604   0x00000090   Code   RO         1003    i.TIM_OC2_SetConfig  stm32g4xx_hal_tim.o
    0x08003694   0x00000090   Code   RO         1004    i.TIM_OC3_SetConfig  stm32g4xx_hal_tim.o
    0x08003724   0x00000090   Code   RO         1005    i.TIM_OC4_SetConfig  stm32g4xx_hal_tim.o
    0x080037b4   0x00000070   Code   RO         1006    i.TIM_OC5_SetConfig  stm32g4xx_hal_tim.o
    0x08003824   0x00000070   Code   RO         1007    i.TIM_OC6_SetConfig  stm32g4xx_hal_tim.o
    0x08003894   0x00000022   Code   RO         1009    i.TIM_TI1_ConfigInputStage  stm32g4xx_hal_tim.o
    0x080038b6   0x00000024   Code   RO         1011    i.TIM_TI2_ConfigInputStage  stm32g4xx_hal_tim.o
    0x080038da   0x00000002   PAD
    0x080038dc   0x00000064   Code   RO         3839    i.UARTEx_SetNbDataToProcess  stm32g4xx_hal_uart_ex.o
    0x08003940   0x000000c8   Code   RO         3490    i.UART_AdvFeatureConfig  stm32g4xx_hal_uart.o
    0x08003a08   0x0000005e   Code   RO         3491    i.UART_CheckIdleState  stm32g4xx_hal_uart.o
    0x08003a66   0x00000014   Code   RO         3492    i.UART_DMAAbortOnError  stm32g4xx_hal_uart.o
    0x08003a7a   0x00000050   Code   RO         3493    i.UART_DMAError     stm32g4xx_hal_uart.o
    0x08003aca   0x0000003e   Code   RO         3494    i.UART_DMAReceiveCplt  stm32g4xx_hal_uart.o
    0x08003b08   0x0000000a   Code   RO         3496    i.UART_DMARxHalfCplt  stm32g4xx_hal_uart.o
    0x08003b12   0x00000030   Code   RO         3498    i.UART_DMATransmitCplt  stm32g4xx_hal_uart.o
    0x08003b42   0x0000000a   Code   RO         3500    i.UART_DMATxHalfCplt  stm32g4xx_hal_uart.o
    0x08003b4c   0x00000024   Code   RO         3502    i.UART_EndRxTransfer  stm32g4xx_hal_uart.o
    0x08003b70   0x0000001c   Code   RO         3503    i.UART_EndTxTransfer  stm32g4xx_hal_uart.o
    0x08003b8c   0x000007a6   Code   RO         3508    i.UART_SetConfig    stm32g4xx_hal_uart.o
    0x08004332   0x00000064   Code   RO         3513    i.UART_WaitOnFlagUntilTimeout  stm32g4xx_hal_uart.o
    0x08004396   0x00000002   PAD
    0x08004398   0x0000000c   Code   RO          716    i.USART1_IRQHandler  stm32g4xx_it.o
    0x080043a4   0x00000002   Code   RO          717    i.UsageFault_Handler  stm32g4xx_it.o
    0x080043a6   0x00000002   PAD
    0x080043a8   0x00000028   Code   RO         4201    i.__0sprintf        mc_w.l(printfa.o)
    0x080043d0   0x00000020   Code   RO         3334    i.__NVIC_SetPriority  stm32g4xx_hal_cortex.o
    0x080043f0   0x0000000e   Code   RO         4279    i.__scatterload_copy  mc_w.l(handlers.o)
    0x080043fe   0x00000002   Code   RO         4280    i.__scatterload_null  mc_w.l(handlers.o)
    0x08004400   0x0000000e   Code   RO         4281    i.__scatterload_zeroinit  mc_w.l(handlers.o)
    0x0800440e   0x00000002   PAD
    0x08004410   0x00000184   Code   RO         4206    i._fp_digits        mc_w.l(printfa.o)
    0x08004594   0x000006dc   Code   RO         4207    i._printf_core      mc_w.l(printfa.o)
    0x08004c70   0x00000024   Code   RO         4208    i._printf_post_padding  mc_w.l(printfa.o)
    0x08004c94   0x0000002e   Code   RO         4209    i._printf_pre_padding  mc_w.l(printfa.o)
    0x08004cc2   0x0000000a   Code   RO         4211    i._sputc            mc_w.l(printfa.o)
    0x08004ccc   0x00000158   Code   RO          461    i.main              main.o
    0x08004e24   0x000011d0   Data   RO           44    .constdata          lcd_hal.o
    0x08005ff4   0x00000010   Data   RO         3924    .constdata          system_stm32g4xx.o
    0x08006004   0x00000008   Data   RO         3925    .constdata          system_stm32g4xx.o
    0x0800600c   0x00000020   Data   RO         4277    Region$$Table       anon$$obj.o


    Execution Region RW_IRAM1 (Base: 0x20000000, Size: 0x000007b8, Max: 0x00008000, ABSOLUTE)

    Base Addr    Size         Type   Attr      Idx    E Section Name        Object

    0x20000000   0x00000006   Data   RW           45    .data               lcd_hal.o
    0x20000006   0x00000006   Data   RW          416    .data               key.o
    0x2000000c   0x00000004   PAD
    0x20000010   0x00000018   Data   RW          464    .data               main.o
    0x20000028   0x00000001   Data   RW          718    .data               stm32g4xx_it.o
    0x20000029   0x00000003   PAD
    0x2000002c   0x0000000c   Data   RW         2077    .data               stm32g4xx_hal.o
    0x20000038   0x00000004   Data   RW         3926    .data               system_stm32g4xx.o
    0x2000003c   0x000000c8   Zero   RW          332    .bss                lcd.o
    0x20000104   0x0000011c   Zero   RW          462    .bss                main.o
    0x20000220   0x0000004c   Zero   RW          620    .bss                tim.o
    0x2000026c   0x0000014c   Zero   RW          667    .bss                usart.o
    0x200003b8   0x00000400   Zero   RW            1    STACK               startup_stm32g431xx.o


==============================================================================

Image component sizes


      Code (inc. data)   RO Data    RW Data    ZI Data      Debug   Object Name

        76          4          0          0          0        806   dma.o
       212         16          0          0          0        999   gpio.o
       212         10          0          6          0       1272   key.o
       486        204          0          0        200       3985   lcd.o
      1766         76       4560          6          0     653314   lcd_hal.o
        48          8          0          0          0        478   led.o
      1738        186          0         24        284      10145   main.o
        36          8        472          0       1024        840   startup_stm32g431xx.o
       162         24          0         12          0       4813   stm32g4xx_hal.o
       198         14          0          0          0      34619   stm32g4xx_hal_cortex.o
       800         30          0          0          0       6458   stm32g4xx_hal_dma.o
       476         34          0          0          0       3435   stm32g4xx_hal_gpio.o
        56          8          0          0          0       8870   stm32g4xx_hal_msp.o
       188         14          0          0          0        910   stm32g4xx_hal_pwr_ex.o
      1696         92          0          0          0       6448   stm32g4xx_hal_rcc.o
       648         10          0          0          0       2076   stm32g4xx_hal_rcc_ex.o
      2072        222          0          0          0      16056   stm32g4xx_hal_tim.o
       156         24          0          0          0       1644   stm32g4xx_hal_tim_ex.o
      3488         98          0          0          0      18041   stm32g4xx_hal_uart.o
       320         18          0          0          0       5982   stm32g4xx_hal_uart_ex.o
        92         24          0          1          0       5636   stm32g4xx_it.o
        28          6         24          4          0       1203   system_stm32g4xx.o
       276         28          0          0         76       2336   tim.o
       316         26          0          0        332       1900   usart.o

    ----------------------------------------------------------------------
     15580       1184       5088         60       1916     792266   Object Totals
         0          0         32          0          0          0   (incl. Generated)
        34          0          0          7          0          0   (incl. Padding)

    ----------------------------------------------------------------------

      Code (inc. data)   RO Data    RW Data    ZI Data      Debug   Library Member Name

         0          0          0          0          0          0   entry.o
         0          0          0          0          0          0   entry10a.o
         0          0          0          0          0          0   entry11a.o
         8          4          0          0          0          0   entry2.o
         4          0          0          0          0          0   entry5.o
         0          0          0          0          0          0   entry7b.o
         0          0          0          0          0          0   entry8b.o
         8          4          0          0          0          0   entry9a.o
        30          0          0          0          0          0   handlers.o
        36          8          0          0          0         68   init.o
         0          0          0          0          0          0   iusefp.o
        30          0          0          0          0         68   llshl.o
        36          0          0          0          0         68   llsshr.o
        32          0          0          0          0         68   llushr.o
        36          0          0          0          0        108   memseta.o
      2276         86          0          0          0        520   printfa.o
        14          0          0          0          0         68   strlen.o
        44          0          0          0          0         80   uidiv.o
        98          0          0          0          0         92   uldiv.o
        48          0          0          0          0         68   cdrcmple.o
        56          0          0          0          0         88   d2f.o
       334          0          0          0          0        148   dadd.o
       222          0          0          0          0        100   ddiv.o
       186          0          0          0          0        176   depilogue.o
        48          0          0          0          0         68   dfixul.o
        26          0          0          0          0         76   dfltui.o
       228          0          0          0          0         96   dmul.o
        38          0          0          0          0         68   f2d.o
       110          0          0          0          0        168   fepilogue.o

    ----------------------------------------------------------------------
      3952        102          0          0          0       2196   Library Totals
         4          0          0          0          0          0   (incl. Padding)

    ----------------------------------------------------------------------

      Code (inc. data)   RO Data    RW Data    ZI Data      Debug   Library Name

      2652        102          0          0          0       1140   mc_w.l
      1296          0          0          0          0       1056   mf_w.l

    ----------------------------------------------------------------------
      3952        102          0          0          0       2196   Library Totals

    ----------------------------------------------------------------------

==============================================================================


      Code (inc. data)   RO Data    RW Data    ZI Data      Debug   

     19532       1286       5088         60       1916     780974   Grand Totals
     19532       1286       5088         60       1916     780974   ELF Image Totals
     19532       1286       5088         60          0          0   ROM Totals

==============================================================================

    Total RO  Size (Code + RO Data)                24620 (  24.04kB)
    Total RW  Size (RW Data + ZI Data)              1976 (   1.93kB)
    Total ROM Size (Code + RO Data + RW Data)      24680 (  24.10kB)

==============================================================================

