Component: ARM Compiler 5.06 update 4 (build 422) Tool: armlink [4d35d2]

==============================================================================

Section Cross References

    startup_stm32g431xx.o(RESET) refers to startup_stm32g431xx.o(STACK) for __initial_sp
    startup_stm32g431xx.o(RESET) refers to startup_stm32g431xx.o(.text) for Reset_Handler
    startup_stm32g431xx.o(RESET) refers to stm32g4xx_it.o(i.NMI_Handler) for NMI_Handler
    startup_stm32g431xx.o(RESET) refers to stm32g4xx_it.o(i.HardFault_Handler) for HardFault_Handler
    startup_stm32g431xx.o(RESET) refers to stm32g4xx_it.o(i.MemManage_Handler) for MemManage_Handler
    startup_stm32g431xx.o(RESET) refers to stm32g4xx_it.o(i.BusFault_Handler) for BusFault_Handler
    startup_stm32g431xx.o(RESET) refers to stm32g4xx_it.o(i.UsageFault_Handler) for UsageFault_Handler
    startup_stm32g431xx.o(RESET) refers to stm32g4xx_it.o(i.SVC_Handler) for SVC_Handler
    startup_stm32g431xx.o(RESET) refers to stm32g4xx_it.o(i.DebugMon_Handler) for DebugMon_Handler
    startup_stm32g431xx.o(RESET) refers to stm32g4xx_it.o(i.PendSV_Handler) for PendSV_Handler
    startup_stm32g431xx.o(RESET) refers to stm32g4xx_it.o(i.SysTick_Handler) for SysTick_Handler
    startup_stm32g431xx.o(RESET) refers to stm32g4xx_it.o(i.DMA1_Channel1_IRQHandler) for DMA1_Channel1_IRQHandler
    startup_stm32g431xx.o(RESET) refers to stm32g4xx_it.o(i.DMA1_Channel2_IRQHandler) for DMA1_Channel2_IRQHandler
    startup_stm32g431xx.o(RESET) refers to stm32g4xx_it.o(i.TIM4_IRQHandler) for TIM4_IRQHandler
    startup_stm32g431xx.o(RESET) refers to stm32g4xx_it.o(i.USART1_IRQHandler) for USART1_IRQHandler
    startup_stm32g431xx.o(.text) refers to system_stm32g4xx.o(i.SystemInit) for SystemInit
    startup_stm32g431xx.o(.text) refers to entry.o(.ARM.Collect$$$$00000000) for __main
    lcd_hal.o(i.LCD_BusIn) refers to memseta.o(.text) for __aeabi_memclr4
    lcd_hal.o(i.LCD_BusIn) refers to stm32g4xx_hal_gpio.o(i.HAL_GPIO_Init) for HAL_GPIO_Init
    lcd_hal.o(i.LCD_BusOut) refers to memseta.o(.text) for __aeabi_memclr4
    lcd_hal.o(i.LCD_BusOut) refers to stm32g4xx_hal_gpio.o(i.HAL_GPIO_Init) for HAL_GPIO_Init
    lcd_hal.o(i.LCD_Clear) refers to lcd_hal.o(i.LCD_SetCursor) for LCD_SetCursor
    lcd_hal.o(i.LCD_Clear) refers to lcd_hal.o(i.LCD_WriteRAM_Prepare) for LCD_WriteRAM_Prepare
    lcd_hal.o(i.LCD_Clear) refers to lcd_hal.o(i.LCD_WriteRAM) for LCD_WriteRAM
    lcd_hal.o(i.LCD_ClearLine) refers to lcd_hal.o(i.LCD_DisplayStringLine) for LCD_DisplayStringLine
    lcd_hal.o(i.LCD_CtrlLinesConfig) refers to memseta.o(.text) for __aeabi_memclr4
    lcd_hal.o(i.LCD_CtrlLinesConfig) refers to stm32g4xx_hal_gpio.o(i.HAL_GPIO_Init) for HAL_GPIO_Init
    lcd_hal.o(i.LCD_CtrlLinesConfig) refers to lcd_hal.o(i.LCD_BusOut) for LCD_BusOut
    lcd_hal.o(i.LCD_DisplayChar) refers to lcd_hal.o(i.LCD_DrawChar) for LCD_DrawChar
    lcd_hal.o(i.LCD_DisplayChar) refers to lcd_hal.o(.constdata) for .constdata
    lcd_hal.o(i.LCD_DisplayOff) refers to lcd_hal.o(i.LCD_WriteReg) for LCD_WriteReg
    lcd_hal.o(i.LCD_DisplayOn) refers to lcd_hal.o(i.LCD_WriteReg) for LCD_WriteReg
    lcd_hal.o(i.LCD_DisplayStringLine) refers to lcd_hal.o(i.LCD_DisplayChar) for LCD_DisplayChar
    lcd_hal.o(i.LCD_DrawChar) refers to lcd_hal.o(i.LCD_SetCursor) for LCD_SetCursor
    lcd_hal.o(i.LCD_DrawChar) refers to lcd_hal.o(i.LCD_WriteRAM_Prepare) for LCD_WriteRAM_Prepare
    lcd_hal.o(i.LCD_DrawChar) refers to lcd_hal.o(i.LCD_WriteRAM) for LCD_WriteRAM
    lcd_hal.o(i.LCD_DrawChar) refers to lcd_hal.o(.data) for .data
    lcd_hal.o(i.LCD_DrawCircle) refers to lcd_hal.o(i.LCD_SetCursor) for LCD_SetCursor
    lcd_hal.o(i.LCD_DrawCircle) refers to lcd_hal.o(i.LCD_WriteRAM_Prepare) for LCD_WriteRAM_Prepare
    lcd_hal.o(i.LCD_DrawCircle) refers to lcd_hal.o(i.LCD_WriteRAM) for LCD_WriteRAM
    lcd_hal.o(i.LCD_DrawCircle) refers to lcd_hal.o(.data) for .data
    lcd_hal.o(i.LCD_DrawLine) refers to lcd_hal.o(i.LCD_SetCursor) for LCD_SetCursor
    lcd_hal.o(i.LCD_DrawLine) refers to lcd_hal.o(i.LCD_WriteRAM_Prepare) for LCD_WriteRAM_Prepare
    lcd_hal.o(i.LCD_DrawLine) refers to lcd_hal.o(i.LCD_WriteRAM) for LCD_WriteRAM
    lcd_hal.o(i.LCD_DrawLine) refers to lcd_hal.o(.data) for .data
    lcd_hal.o(i.LCD_DrawMonoPict) refers to lcd_hal.o(i.LCD_SetCursor) for LCD_SetCursor
    lcd_hal.o(i.LCD_DrawMonoPict) refers to lcd_hal.o(i.LCD_WriteRAM_Prepare) for LCD_WriteRAM_Prepare
    lcd_hal.o(i.LCD_DrawMonoPict) refers to lcd_hal.o(i.LCD_WriteRAM) for LCD_WriteRAM
    lcd_hal.o(i.LCD_DrawMonoPict) refers to lcd_hal.o(.data) for .data
    lcd_hal.o(i.LCD_DrawPicture) refers to lcd_hal.o(i.LCD_SetCursor) for LCD_SetCursor
    lcd_hal.o(i.LCD_DrawPicture) refers to lcd_hal.o(i.LCD_WriteRAM_Prepare) for LCD_WriteRAM_Prepare
    lcd_hal.o(i.LCD_DrawPicture) refers to lcd_hal.o(i.LCD_WriteRAM) for LCD_WriteRAM
    lcd_hal.o(i.LCD_DrawRect) refers to lcd_hal.o(i.LCD_DrawLine) for LCD_DrawLine
[...]
    Removing stm32g4xx_hal_cortex.o(i.HAL_NVIC_GetActive), (36 bytes).
    Removing stm32g4xx_hal_cortex.o(i.HAL_NVIC_GetPendingIRQ), (36 bytes).
    Removing stm32g4xx_hal_cortex.o(i.HAL_NVIC_GetPriority), (82 bytes).
    Removing stm32g4xx_hal_cortex.o(i.HAL_NVIC_GetPriorityGrouping), (16 bytes).
    Removing stm32g4xx_hal_cortex.o(i.HAL_NVIC_SetPendingIRQ), (26 bytes).
    Removing stm32g4xx_hal_cortex.o(i.HAL_NVIC_SystemReset), (36 bytes).
    Removing stm32g4xx_hal_cortex.o(i.HAL_SYSTICK_CLKSourceConfig), (24 bytes).
    Removing stm32g4xx_hal_cortex.o(i.HAL_SYSTICK_Callback), (2 bytes).
    Removing stm32g4xx_hal_cortex.o(i.HAL_SYSTICK_IRQHandler), (8 bytes).
    Removing stm32g4xx_hal_uart.o(.rev16_text), (4 bytes).
    Removing stm32g4xx_hal_uart.o(.revsh_text), (4 bytes).
    Removing stm32g4xx_hal_uart.o(.rrx_text), (6 bytes).
    Removing stm32g4xx_hal_uart.o(i.HAL_HalfDuplex_EnableReceiver), (58 bytes).
    Removing stm32g4xx_hal_uart.o(i.HAL_HalfDuplex_EnableTransmitter), (58 bytes).
    Removing stm32g4xx_hal_uart.o(i.HAL_HalfDuplex_Init), (116 bytes).
    Removing stm32g4xx_hal_uart.o(i.HAL_LIN_Init), (140 bytes).
    Removing stm32g4xx_hal_uart.o(i.HAL_LIN_SendBreak), (46 bytes).
    Removing stm32g4xx_hal_uart.o(i.HAL_MultiProcessor_DisableMuteMode), (44 bytes).
    Removing stm32g4xx_hal_uart.o(i.HAL_MultiProcessor_EnableMuteMode), (44 bytes).
    Removing stm32g4xx_hal_uart.o(i.HAL_MultiProcessor_EnterMuteMode), (12 bytes).
    Removing stm32g4xx_hal_uart.o(i.HAL_MultiProcessor_Init), (138 bytes).
    Removing stm32g4xx_hal_uart.o(i.HAL_UART_Abort), (184 bytes).
    Removing stm32g4xx_hal_uart.o(i.HAL_UART_AbortCpltCallback), (2 bytes).
    Removing stm32g4xx_hal_uart.o(i.HAL_UART_AbortReceive), (112 bytes).
    Removing stm32g4xx_hal_uart.o(i.HAL_UART_AbortReceiveCpltCallback), (2 bytes).
    Removing stm32g4xx_hal_uart.o(i.HAL_UART_AbortReceive_IT), (128 bytes).
    Removing stm32g4xx_hal_uart.o(i.HAL_UART_AbortTransmit), (112 bytes).
    Removing stm32g4xx_hal_uart.o(i.HAL_UART_AbortTransmitCpltCallback), (2 bytes).
    Removing stm32g4xx_hal_uart.o(i.HAL_UART_AbortTransmit_IT), (120 bytes).
    Removing stm32g4xx_hal_uart.o(i.HAL_UART_Abort_IT), (220 bytes).
    Removing stm32g4xx_hal_uart.o(i.HAL_UART_DMAPause), (100 bytes).
    Removing stm32g4xx_hal_uart.o(i.HAL_UART_DMAResume), (92 bytes).
    Removing stm32g4xx_hal_uart.o(i.HAL_UART_DMAStop), (120 bytes).
    Removing stm32g4xx_hal_uart.o(i.HAL_UART_DeInit), (66 bytes).
    Removing stm32g4xx_hal_uart.o(i.HAL_UART_GetError), (6 bytes).
    Removing stm32g4xx_hal_uart.o(i.HAL_UART_GetState), (12 bytes).
    Removing stm32g4xx_hal_uart.o(i.HAL_UART_MspDeInit), (2 bytes).
    Removing stm32g4xx_hal_uart.o(i.HAL_UART_MspInit), (2 bytes).
    Removing stm32g4xx_hal_uart.o(i.HAL_UART_Receive), (242 bytes).
    Removing stm32g4xx_hal_uart.o(i.HAL_UART_RxCpltCallback), (2 bytes).
    Removing stm32g4xx_hal_uart.o(i.HAL_UART_Transmit), (188 bytes).
    Removing stm32g4xx_hal_uart.o(i.HAL_UART_Transmit_DMA), (152 bytes).
    Removing stm32g4xx_hal_uart.o(i.HAL_UART_Transmit_IT), (156 bytes).
    Removing stm32g4xx_hal_uart.o(i.HAL_UART_TxHalfCpltCallback), (2 bytes).
    Removing stm32g4xx_hal_uart.o(i.UART_DMARxAbortCallback), (64 bytes).
    Removing stm32g4xx_hal_uart.o(i.UART_DMARxOnlyAbortCallback), (38 bytes).
    Removing stm32g4xx_hal_uart.o(i.UART_DMATransmitCplt), (48 bytes).
    Removing stm32g4xx_hal_uart.o(i.UART_DMATxAbortCallback), (72 bytes).
    Removing stm32g4xx_hal_uart.o(i.UART_DMATxHalfCplt), (10 bytes).
    Removing stm32g4xx_hal_uart.o(i.UART_DMATxOnlyAbortCallback), (40 bytes).
    Removing stm32g4xx_hal_uart.o(i.UART_TxISR_16BIT), (66 bytes).
    Removing stm32g4xx_hal_uart.o(i.UART_TxISR_16BIT_FIFOEN), (88 bytes).
    Removing stm32g4xx_hal_uart.o(i.UART_TxISR_8BIT), (62 bytes).
    Removing stm32g4xx_hal_uart.o(i.UART_TxISR_8BIT_FIFOEN), (84 bytes).
    Removing stm32g4xx_hal_uart_ex.o(.rev16_text), (4 bytes).
    Removing stm32g4xx_hal_uart_ex.o(.revsh_text), (4 bytes).
    Removing stm32g4xx_hal_uart_ex.o(.rrx_text), (6 bytes).
    Removing stm32g4xx_hal_uart_ex.o(i.HAL_MultiProcessorEx_AddressLength_Set), (48 bytes).
    Removing stm32g4xx_hal_uart_ex.o(i.HAL_RS485Ex_Init), (140 bytes).
    Removing stm32g4xx_hal_uart_ex.o(i.HAL_UARTEx_DisableStopMode), (38 bytes).
    Removing stm32g4xx_hal_uart_ex.o(i.HAL_UARTEx_EnableFifoMode), (74 bytes).
    Removing stm32g4xx_hal_uart_ex.o(i.HAL_UARTEx_EnableStopMode), (38 bytes).
    Removing stm32g4xx_hal_uart_ex.o(i.HAL_UARTEx_StopModeWakeUpSourceConfig), (138 bytes).
    Removing system_stm32g4xx.o(.rev16_text), (4 bytes).
    Removing system_stm32g4xx.o(.revsh_text), (4 bytes).
    Removing system_stm32g4xx.o(.rrx_text), (6 bytes).
    Removing system_stm32g4xx.o(i.SystemCoreClockUpdate), (128 bytes).
    Removing dadd.o(.text), (334 bytes).
    Removing dmul.o(.text), (228 bytes).
    Removing ddiv.o(.text), (222 bytes).
    Removing dfixul.o(.text), (48 bytes).
    Removing cdrcmple.o(.text), (48 bytes).
    Removing depilogue.o(.text), (186 bytes).

491 unused section(s) (total 33028 bytes) removed from the image.

==============================================================================

Image Symbol Table

    Local Symbols

    Symbol Name                              Value     Ov Type        Size  Object(Section)

    ../Drivers/STM32G4xx_HAL_Driver/Src/stm32g4xx_hal.c 0x00000000   Number         0  stm32g4xx_hal.o ABSOLUTE
    ../Drivers/STM32G4xx_HAL_Driver/Src/stm32g4xx_hal_cortex.c 0x00000000   Number         0  stm32g4xx_hal_cortex.o ABSOLUTE
    ../Drivers/STM32G4xx_HAL_Driver/Src/stm32g4xx_hal_dma.c 0x00000000   Number         0  stm32g4xx_hal_dma.o ABSOLUTE
    ../Drivers/STM32G4xx_HAL_Driver/Src/stm32g4xx_hal_dma_ex.c 0x00000000   Number         0  stm32g4xx_hal_dma_ex.o ABSOLUTE
    ../Drivers/STM32G4xx_HAL_Driver/Src/stm32g4xx_hal_exti.c 0x00000000   Number         0  stm32g4xx_hal_exti.o ABSOLUTE
    ../Drivers/STM32G4xx_HAL_Driver/Src/stm32g4xx_hal_flash.c 0x00000000   Number         0  stm32g4xx_hal_flash.o ABSOLUTE
    ../Drivers/STM32G4xx_HAL_Driver/Src/stm32g4xx_hal_flash_ex.c 0x00000000   Number         0  stm32g4xx_hal_flash_ex.o ABSOLUTE
    ../Drivers/STM32G4xx_HAL_Driver/Src/stm32g4xx_hal_flash_ramfunc.c 0x00000000   Number         0  stm32g4xx_hal_flash_ramfunc.o ABSOLUTE
    ../Drivers/STM32G4xx_HAL_Driver/Src/stm32g4xx_hal_gpio.c 0x00000000   Number         0  stm32g4xx_hal_gpio.o ABSOLUTE
    ../Drivers/STM32G4xx_HAL_Driver/Src/stm32g4xx_hal_pwr.c 0x00000000   Number         0  stm32g4xx_hal_pwr.o ABSOLUTE
    ../Drivers/STM32G4xx_HAL_Driver/Src/stm32g4xx_hal_pwr_ex.c 0x00000000   Number         0  stm32g4xx_hal_pwr_ex.o ABSOLUTE
    ../Drivers/STM32G4xx_HAL_Driver/Src/stm32g4xx_hal_rcc.c 0x00000000   Number         0  stm32g4xx_hal_rcc.o ABSOLUTE
    ../Drivers/STM32G4xx_HAL_Driver/Src/stm32g4xx_hal_rcc_ex.c 0x00000000   Number         0  stm32g4xx_hal_rcc_ex.o ABSOLUTE
    ../Drivers/STM32G4xx_HAL_Driver/Src/stm32g4xx_hal_tim.c 0x00000000   Number         0  stm32g4xx_hal_tim.o ABSOLUTE
    ../Drivers/STM32G4xx_HAL_Driver/Src/stm32g4xx_hal_tim_ex.c 0x00000000   Number         0  stm32g4xx_hal_tim_ex.o ABSOLUTE
    ../Drivers/STM32G4xx_HAL_Driver/Src/stm32g4xx_hal_uart.c 0x00000000   Number         0  stm32g4xx_hal_uart.o ABSOLUTE
    ../Drivers/STM32G4xx_HAL_Driver/Src/stm32g4xx_hal_uart_ex.c 0x00000000   Number         0  stm32g4xx_hal_uart_ex.o ABSOLUTE
    ../Drivers/STM32G4xx_HAL_Driver/Src/stm32g4xx_ll_pwr.c 0x00000000   Number         0  stm32g4xx_ll_pwr.o ABSOLUTE
    ../Src/dma.c                             0x00000000   Number         0  dma.o ABSOLUTE
    ../Src/gpio.c                            0x00000000   Number         0  gpio.o ABSOLUTE
    ../Src/main.c                            0x00000000   Number         0  main.o ABSOLUTE
    ../Src/stm32g4xx_hal_msp.c               0x00000000   Number         0  stm32g4xx_hal_msp.o ABSOLUTE
    ../Src/stm32g4xx_it.c                    0x00000000   Number         0  stm32g4xx_it.o ABSOLUTE
    ../Src/system_stm32g4xx.c                0x00000000   Number         0  system_stm32g4xx.o ABSOLUTE
    ../Src/tim.c                             0x00000000   Number         0  tim.o ABSOLUTE
    ../Src/usart.c                           0x00000000   Number         0  usart.o ABSOLUTE
    ../clib/microlib/division.c              0x00000000   Number         0  uidiv.o ABSOLUTE
    ../clib/microlib/division.c              0x00000000   Number         0  uldiv.o ABSOLUTE
    ../clib/microlib/init/entry.s            0x00000000   Number         0  entry2.o ABSOLUTE
    ../clib/microlib/init/entry.s            0x00000000   Number         0  entry.o ABSOLUTE
    ../clib/microlib/init/entry.s            0x00000000   Number         0  entry7b.o ABSOLUTE
    ../clib/microlib/init/entry.s            0x00000000   Number         0  entry8b.o ABSOLUTE
    ../clib/microlib/init/entry.s            0x00000000   Number         0  entry7a.o ABSOLUTE
    ../clib/microlib/init/entry.s            0x00000000   Number         0  entry9a.o ABSOLUTE
    ../clib/microlib/init/entry.s            0x00000000   Number         0  entry9b.o ABSOLUTE
    ../clib/microlib/init/entry.s            0x00000000   Number         0  entry10a.o ABSOLUTE
    ../clib/microlib/init/entry.s            0x00000000   Number         0  entry8a.o ABSOLUTE
    ../clib/microlib/init/entry.s            0x00000000   Number         0  entry10b.o ABSOLUTE
    ../clib/microlib/init/entry.s            0x00000000   Number         0  entry11b.o ABSOLUTE
    ../clib/microlib/init/entry.s            0x00000000   Number         0  entry5.o ABSOLUTE
    ../clib/microlib/init/entry.s            0x00000000   Number         0  entry11a.o ABSOLUTE
    ../clib/microlib/longlong.c              0x00000000   Number         0  llsshr.o ABSOLUTE
    ../clib/microlib/longlong.c              0x00000000   Number         0  llshl.o ABSOLUTE
    ../clib/microlib/longlong.c              0x00000000   Number         0  llushr.o ABSOLUTE
    ../clib/microlib/printf/printf.c         0x00000000   Number         0  printfb.o ABSOLUTE
    ../clib/microlib/printf/printf.c         0x00000000   Number         0  printf2.o ABSOLUTE
    ../clib/microlib/printf/printf.c         0x00000000   Number         0  printf3.o ABSOLUTE
    ../clib/microlib/printf/printf.c         0x00000000   Number         0  printf0.o ABSOLUTE
    ../clib/microlib/printf/printf.c         0x00000000   Number         0  printf1.o ABSOLUTE
    ../clib/microlib/printf/printf.c         0x00000000   Number         0  printf6.o ABSOLUTE
    ../clib/microlib/printf/printf.c         0x00000000   Number         0  printf7.o ABSOLUTE
    ../clib/microlib/printf/printf.c         0x00000000   Number         0  printf8.o ABSOLUTE
    ../clib/microlib/printf/printf.c         0x00000000   Number         0  printf5.o ABSOLUTE
    ../clib/microlib/printf/printf.c         0x00000000   Number         0  printfa.o ABSOLUTE
    ../clib/microlib/printf/printf.c         0x00000000   Number         0  printf4.o ABSOLUTE
    ../clib/microlib/printf/stubs.s          0x00000000   Number         0  stubs.o ABSOLUTE
    ../clib/microlib/stdio/fputc.c           0x00000000   Number         0  fputc.o ABSOLUTE
    ../clib/microlib/stdio/semi.s            0x00000000   Number         0  semi.o ABSOLUTE
    ../clib/microlib/stdio/streams.c         0x00000000   Number         0  stdout.o ABSOLUTE
    ../clib/microlib/string/memset.c         0x00000000   Number         0  memseta.o ABSOLUTE
    ../clib/microlib/stubs.s                 0x00000000   Number         0  iusesemip.o ABSOLUTE
    ../clib/microlib/stubs.s                 0x00000000   Number         0  iusefp.o ABSOLUTE
    ../fplib/microlib/fpadd.c                0x00000000   Number         0  dadd.o ABSOLUTE
    ../fplib/microlib/fpdiv.c                0x00000000   Number         0  ddiv.o ABSOLUTE
    ../fplib/microlib/fpepilogue.c           0x00000000   Number         0  depilogue.o ABSOLUTE
    ../fplib/microlib/fpfix.c                0x00000000   Number         0  dfixul.o ABSOLUTE
    ../fplib/microlib/fpmul.c                0x00000000   Number         0  dmul.o ABSOLUTE
    ..\Drivers\STM32G4xx_HAL_Driver\Src\stm32g4xx_hal.c 0x00000000   Number         0  stm32g4xx_hal.o ABSOLUTE
    ..\Drivers\STM32G4xx_HAL_Driver\Src\stm32g4xx_hal_cortex.c 0x00000000   Number         0  stm32g4xx_hal_cortex.o ABSOLUTE
    ..\Drivers\STM32G4xx_HAL_Driver\Src\stm32g4xx_hal_dma.c 0x00000000   Number         0  stm32g4xx_hal_dma.o ABSOLUTE
    ..\Drivers\STM32G4xx_HAL_Driver\Src\stm32g4xx_hal_dma_ex.c 0x00000000   Number         0  stm32g4xx_hal_dma_ex.o ABSOLUTE
    ..\Drivers\STM32G4xx_HAL_Driver\Src\stm32g4xx_hal_exti.c 0x00000000   Number         0  stm32g4xx_hal_exti.o ABSOLUTE
    ..\Drivers\STM32G4xx_HAL_Driver\Src\stm32g4xx_hal_flash.c 0x00000000   Number         0  stm32g4xx_hal_flash.o ABSOLUTE
    ..\Drivers\STM32G4xx_HAL_Driver\Src\stm32g4xx_hal_flash_ex.c 0x00000000   Number         0  stm32g4xx_hal_flash_ex.o ABSOLUTE
    ..\Drivers\STM32G4xx_HAL_Driver\Src\stm32g4xx_hal_flash_ramfunc.c 0x00000000   Number         0  stm32g4xx_hal_flash_ramfunc.o ABSOLUTE
    ..\Drivers\STM32G4xx_HAL_Driver\Src\stm32g4xx_hal_gpio.c 0x00000000   Number         0  stm32g4xx_hal_gpio.o ABSOLUTE
    ..\Drivers\STM32G4xx_HAL_Driver\Src\stm32g4xx_hal_pwr.c 0x00000000   Number         0  stm32g4xx_hal_pwr.o ABSOLUTE
    ..\Drivers\STM32G4xx_HAL_Driver\Src\stm32g4xx_hal_pwr_ex.c 0x00000000   Number         0  stm32g4xx_hal_pwr_ex.o ABSOLUTE
    ..\Drivers\STM32G4xx_HAL_Driver\Src\stm32g4xx_hal_rcc.c 0x00000000   Number         0  stm32g4xx_hal_rcc.o ABSOLUTE
    ..\Drivers\STM32G4xx_HAL_Driver\Src\stm32g4xx_hal_rcc_ex.c 0x00000000   Number         0  stm32g4xx_hal_rcc_ex.o ABSOLUTE
    ..\Drivers\STM32G4xx_HAL_Driver\Src\stm32g4xx_hal_tim.c 0x00000000   Number         0  stm32g4xx_hal_tim.o ABSOLUTE
    ..\Drivers\STM32G4xx_HAL_Driver\Src\stm32g4xx_hal_tim_ex.c 0x00000000   Number         0  stm32g4xx_hal_tim_ex.o ABSOLUTE
    ..\Drivers\STM32G4xx_HAL_Driver\Src\stm32g4xx_hal_uart.c 0x00000000   Number         0  stm32g4xx_hal_uart.o ABSOLUTE
    ..\Drivers\STM32G4xx_HAL_Driver\Src\stm32g4xx_hal_uart_ex.c 0x00000000   Number         0  stm32g4xx_hal_uart_ex.o ABSOLUTE
    ..\Src\Lcd.c                             0x00000000   Number         0  lcd.o ABSOLUTE
    ..\Src\dma.c                             0x00000000   Number         0  dma.o ABSOLUTE
    ..\Src\gpio.c                            0x00000000   Number         0  gpio.o ABSOLUTE
    ..\Src\key.c                             0x00000000   Number         0  key.o ABSOLUTE
    ..\Src\lcd_hal.c                         0x00000000   Number         0  lcd_hal.o ABSOLUTE
    ..\Src\main.c                            0x00000000   Number         0  main.o ABSOLUTE
    ..\Src\stm32g4xx_hal_msp.c               0x00000000   Number         0  stm32g4xx_hal_msp.o ABSOLUTE
    ..\Src\stm32g4xx_it.c                    0x00000000   Number         0  stm32g4xx_it.o ABSOLUTE
    ..\Src\system_stm32g4xx.c                0x00000000   Number         0  system_stm32g4xx.o ABSOLUTE
    ..\Src\tim.c                             0x00000000   Number         0  tim.o ABSOLUTE
    ..\Src\usart.c                           0x00000000   Number         0  usart.o ABSOLUTE
    ..\\Src\\Lcd.c                           0x00000000   Number         0  lcd.o ABSOLUTE
    ..\\Src\\key.c                           0x00000000   Number         0  key.o ABSOLUTE
    ..\\Src\\lcd_hal.c                       0x00000000   Number         0  lcd_hal.o ABSOLUTE
    cdrcmple.s                               0x00000000   Number         0  cdrcmple.o ABSOLUTE
    dc.s                                     0x00000000   Number         0  dc.o ABSOLUTE
    handlers.s                               0x00000000   Number         0  handlers.o ABSOLUTE
    init.s                                   0x00000000   Number         0  init.o ABSOLUTE
    startup_stm32g431xx.s                    0x00000000   Number         0  startup_stm32g431xx.o ABSOLUTE
    RESET                                    0x08000000   Section      472  startup_stm32g431xx.o(RESET)
    .ARM.Collect$$$$00000000                 0x080001d8   Section        0  entry.o(.ARM.Collect$$$$00000000)
    .ARM.Collect$$$$00000001                 0x080001d8   Section        4  entry2.o(.ARM.Collect$$$$00000001)
    .ARM.Collect$$$$00000004                 0x080001dc   Section        4  entry5.o(.ARM.Collect$$$$00000004)
    .ARM.Collect$$$$00000008                 0x080001e0   Section        0  entry7b.o(.ARM.Collect$$$$00000008)
    .ARM.Collect$$$$0000000A                 0x080001e0   Section        0  entry8b.o(.ARM.Collect$$$$0000000A)
    .ARM.Collect$$$$0000000B                 0x080001e0   Section        8  entry9a.o(.ARM.Collect$$$$0000000B)
    .ARM.Collect$$$$0000000D                 0x080001e8   Section        0  entry10a.o(.ARM.Collect$$$$0000000D)
    .ARM.Collect$$$$0000000F                 0x080001e8   Section        0  entry11a.o(.ARM.Collect$$$$0000000F)
    .ARM.Collect$$$$00002712                 0x080001e8   Section        4  entry2.o(.ARM.Collect$$$$00002712)
    __lit__00000000                          0x080001e8   Data           4  entry2.o(.ARM.Collect$$$$00002712)
    .text                                    0x080001ec   Section       36  startup_stm32g431xx.o(.text)
    $v0                                      0x080001ec   Number         0  startup_stm32g431xx.o(.text)
    .text                                    0x08000210   Section        0  uldiv.o(.text)
    .text                                    0x08000272   Section        0  memseta.o(.text)
    .text                                    0x08000296   Section        0  uidiv.o(.text)
    .text                                    0x080002c2   Section        0  llshl.o(.text)
    .text                                    0x080002e0   Section        0  llushr.o(.text)
    .text                                    0x08000300   Section       36  init.o(.text)
    i.BusFault_Handler                       0x08000324   Section        0  stm32g4xx_it.o(i.BusFault_Handler)
    i.ChangPassWord                          0x08000328   Section        0  main.o(i.ChangPassWord)
    i.CloseLed1                              0x0800035c   Section        0  main.o(i.CloseLed1)
    i.DMA1_Channel1_IRQHandler               0x08000398   Section        0  stm32g4xx_it.o(i.DMA1_Channel1_IRQHandler)
    i.DMA1_Channel2_IRQHandler               0x080003a4   Section        0  stm32g4xx_it.o(i.DMA1_Channel2_IRQHandler)
    i.DMA_CalcDMAMUXChannelBaseAndMask       0x080003b0   Section        0  stm32g4xx_hal_dma.o(i.DMA_CalcDMAMUXChannelBaseAndMask)
    DMA_CalcDMAMUXChannelBaseAndMask         0x080003b1   Thumb Code    54  stm32g4xx_hal_dma.o(i.DMA_CalcDMAMUXChannelBaseAndMask)
    i.DMA_CalcDMAMUXRequestGenBaseAndMask    0x080003f0   Section        0  stm32g4xx_hal_dma.o(i.DMA_CalcDMAMUXRequestGenBaseAndMask)
    DMA_CalcDMAMUXRequestGenBaseAndMask      0x080003f1   Thumb Code    30  stm32g4xx_hal_dma.o(i.DMA_CalcDMAMUXRequestGenBaseAndMask)
    i.DMA_SetConfig                          0x08000414   Section        0  stm32g4xx_hal_dma.o(i.DMA_SetConfig)
    DMA_SetConfig                            0x08000415   Thumb Code    62  stm32g4xx_hal_dma.o(i.DMA_SetConfig)
    i.DebugMon_Handler                       0x08000452   Section        0  stm32g4xx_it.o(i.DebugMon_Handler)
    i.Delay_LCD                              0x08000454   Section        0  lcd_hal.o(i.Delay_LCD)
    i.Error_Handler                          0x08000470   Section        0  main.o(i.Error_Handler)
    i.HAL_DMA_Abort_IT                       0x08000472   Section        0  stm32g4xx_hal_dma.o(i.HAL_DMA_Abort_IT)
    i.HAL_DMA_IRQHandler                     0x080004ea   Section        0  stm32g4xx_hal_dma.o(i.HAL_DMA_IRQHandler)
    i.HAL_DMA_Init                           0x080005a4   Section        0  stm32g4xx_hal_dma.o(i.HAL_DMA_Init)
    i.HAL_DMA_Start_IT                       0x08000664   Section        0  stm32g4xx_hal_dma.o(i.HAL_DMA_Start_IT)
    i.HAL_Delay                              0x080006f0   Section        0  stm32g4xx_hal.o(i.HAL_Delay)
    i.HAL_GPIO_Init                          0x08000714   Section        0  stm32g4xx_hal_gpio.o(i.HAL_GPIO_Init)
    i.HAL_GPIO_ReadPin                       0x080008dc   Section        0  stm32g4xx_hal_gpio.o(i.HAL_GPIO_ReadPin)
    i.HAL_GPIO_WritePin                      0x080008e6   Section        0  stm32g4xx_hal_gpio.o(i.HAL_GPIO_WritePin)
    i.HAL_GetTick                            0x080008f0   Section        0  stm32g4xx_hal.o(i.HAL_GetTick)
    i.HAL_IncTick                            0x080008fc   Section        0  stm32g4xx_hal.o(i.HAL_IncTick)
    i.HAL_Init                               0x0800090c   Section        0  stm32g4xx_hal.o(i.HAL_Init)
    i.HAL_InitTick                           0x0800092c   Section        0  stm32g4xx_hal.o(i.HAL_InitTick)
    i.HAL_MspInit                            0x08000970   Section        0  stm32g4xx_hal_msp.o(i.HAL_MspInit)
    i.HAL_NVIC_EnableIRQ                     0x080009a8   Section        0  stm32g4xx_hal_cortex.o(i.HAL_NVIC_EnableIRQ)
    i.HAL_NVIC_SetPriority                   0x080009c4   Section        0  stm32g4xx_hal_cortex.o(i.HAL_NVIC_SetPriority)
    i.HAL_NVIC_SetPriorityGrouping           0x08000a04   Section        0  stm32g4xx_hal_cortex.o(i.HAL_NVIC_SetPriorityGrouping)
    i.HAL_PWREx_ControlVoltageScaling        0x08000a28   Section        0  stm32g4xx_hal_pwr_ex.o(i.HAL_PWREx_ControlVoltageScaling)
    i.HAL_RCCEx_PeriphCLKConfig              0x08000ae4   Section        0  stm32g4xx_hal_rcc_ex.o(i.HAL_RCCEx_PeriphCLKConfig)
    i.HAL_RCC_ClockConfig                    0x08000d6c   Section        0  stm32g4xx_hal_rcc.o(i.HAL_RCC_ClockConfig)
    i.HAL_RCC_GetPCLK1Freq                   0x08000f48   Section        0  stm32g4xx_hal_rcc.o(i.HAL_RCC_GetPCLK1Freq)
    i.HAL_RCC_GetPCLK2Freq                   0x08000f6c   Section        0  stm32g4xx_hal_rcc.o(i.HAL_RCC_GetPCLK2Freq)
    i.HAL_RCC_GetSysClockFreq                0x08000f90   Section        0  stm32g4xx_hal_rcc.o(i.HAL_RCC_GetSysClockFreq)
    i.HAL_RCC_OscConfig                      0x08001000   Section        0  stm32g4xx_hal_rcc.o(i.HAL_RCC_OscConfig)
    i.HAL_SYSTICK_Config                     0x0800140c   Section        0  stm32g4xx_hal_cortex.o(i.HAL_SYSTICK_Config)
    i.HAL_TIMEx_Break2Callback               0x08001434   Section        0  stm32g4xx_hal_tim_ex.o(i.HAL_TIMEx_Break2Callback)
    i.HAL_TIMEx_BreakCallback                0x08001436   Section        0  stm32g4xx_hal_tim_ex.o(i.HAL_TIMEx_BreakCallback)
    i.HAL_TIMEx_CommutCallback               0x08001438   Section        0  stm32g4xx_hal_tim_ex.o(i.HAL_TIMEx_CommutCallback)
    i.HAL_TIMEx_DirectionChangeCallback      0x0800143a   Section        0  stm32g4xx_hal_tim_ex.o(i.HAL_TIMEx_DirectionChangeCallback)
    i.HAL_TIMEx_EncoderIndexCallback         0x0800143c   Section        0  stm32g4xx_hal_tim_ex.o(i.HAL_TIMEx_EncoderIndexCallback)
    i.HAL_TIMEx_IndexErrorCallback           0x0800143e   Section        0  stm32g4xx_hal_tim_ex.o(i.HAL_TIMEx_IndexErrorCallback)
    i.HAL_TIMEx_MasterConfigSynchronization  0x08001440   Section        0  stm32g4xx_hal_tim_ex.o(i.HAL_TIMEx_MasterConfigSynchronization)
    i.HAL_TIMEx_TransitionErrorCallback      0x080014dc   Section        0  stm32g4xx_hal_tim_ex.o(i.HAL_TIMEx_TransitionErrorCallback)
    i.HAL_TIM_Base_Init                      0x080014de   Section        0  stm32g4xx_hal_tim.o(i.HAL_TIM_Base_Init)
    i.HAL_TIM_Base_MspInit                   0x08001540   Section        0  tim.o(i.HAL_TIM_Base_MspInit)
    i.HAL_TIM_Base_Start_IT                  0x08001590   Section        0  stm32g4xx_hal_tim.o(i.HAL_TIM_Base_Start_IT)
    i.HAL_TIM_Base_Stop_IT                   0x080015d0   Section        0  stm32g4xx_hal_tim.o(i.HAL_TIM_Base_Stop_IT)
    i.HAL_TIM_ConfigClockSource              0x08001600   Section        0  stm32g4xx_hal_tim.o(i.HAL_TIM_ConfigClockSource)
    i.HAL_TIM_IC_CaptureCallback             0x080016fc   Section        0  stm32g4xx_hal_tim.o(i.HAL_TIM_IC_CaptureCallback)
    i.HAL_TIM_IRQHandler                     0x080016fe   Section        0  stm32g4xx_hal_tim.o(i.HAL_TIM_IRQHandler)
    i.HAL_TIM_MspPostInit                    0x080018fc   Section        0  tim.o(i.HAL_TIM_MspPostInit)
    i.HAL_TIM_OC_DelayElapsedCallback        0x08001948   Section        0  stm32g4xx_hal_tim.o(i.HAL_TIM_OC_DelayElapsedCallback)
    i.HAL_TIM_PWM_ConfigChannel              0x0800194a   Section        0  stm32g4xx_hal_tim.o(i.HAL_TIM_PWM_ConfigChannel)
    i.HAL_TIM_PWM_Init                       0x08001a68   Section        0  stm32g4xx_hal_tim.o(i.HAL_TIM_PWM_Init)
    i.HAL_TIM_PWM_MspInit                    0x08001aca   Section        0  stm32g4xx_hal_tim.o(i.HAL_TIM_PWM_MspInit)
    i.HAL_TIM_PWM_PulseFinishedCallback      0x08001acc   Section        0  stm32g4xx_hal_tim.o(i.HAL_TIM_PWM_PulseFinishedCallback)
    i.HAL_TIM_PWM_Start                      0x08001ad0   Section        0  stm32g4xx_hal_tim.o(i.HAL_TIM_PWM_Start)
    i.HAL_TIM_PeriodElapsedCallback          0x08001ba4   Section        0  main.o(i.HAL_TIM_PeriodElapsedCallback)
    i.HAL_TIM_TriggerCallback                0x08001c0c   Section        0  stm32g4xx_hal_tim.o(i.HAL_TIM_TriggerCallback)
    i.HAL_UARTEx_DisableFifoMode             0x08001c0e   Section        0  stm32g4xx_hal_uart_ex.o(i.HAL_UARTEx_DisableFifoMode)
    i.HAL_UARTEx_RxFifoFullCallback          0x08001c4c   Section        0  stm32g4xx_hal_uart_ex.o(i.HAL_UARTEx_RxFifoFullCallback)
    i.HAL_UARTEx_SetRxFifoThreshold          0x08001c4e   Section        0  stm32g4xx_hal_uart_ex.o(i.HAL_UARTEx_SetRxFifoThreshold)
    i.HAL_UARTEx_SetTxFifoThreshold          0x08001c9a   Section        0  stm32g4xx_hal_uart_ex.o(i.HAL_UARTEx_SetTxFifoThreshold)
    i.HAL_UARTEx_TxFifoEmptyCallback         0x08001ce6   Section        0  stm32g4xx_hal_uart_ex.o(i.HAL_UARTEx_TxFifoEmptyCallback)
    i.HAL_UARTEx_WakeupCallback              0x08001ce8   Section        0  stm32g4xx_hal_uart_ex.o(i.HAL_UARTEx_WakeupCallback)
    i.HAL_UART_ErrorCallback                 0x08001cea   Section        0  stm32g4xx_hal_uart.o(i.HAL_UART_ErrorCallback)
    i.HAL_UART_IRQHandler                    0x08001cec   Section        0  stm32g4xx_hal_uart.o(i.HAL_UART_IRQHandler)
    i.HAL_UART_Init                          0x08001e88   Section        0  stm32g4xx_hal_uart.o(i.HAL_UART_Init)
    i.HAL_UART_MspInit                       0x08001ef4   Section        0  usart.o(i.HAL_UART_MspInit)
    i.HAL_UART_Receive_DMA                   0x08001fc8   Section        0  stm32g4xx_hal_uart.o(i.HAL_UART_Receive_DMA)
    i.HAL_UART_Receive_IT                    0x0800206c   Section        0  stm32g4xx_hal_uart.o(i.HAL_UART_Receive_IT)
    i.HAL_UART_RxCpltCallback                0x08002168   Section        0  main.o(i.HAL_UART_RxCpltCallback)
    i.HAL_UART_RxHalfCpltCallback            0x08002184   Section        0  stm32g4xx_hal_uart.o(i.HAL_UART_RxHalfCpltCallback)
    i.HAL_UART_TxCpltCallback                0x08002186   Section        0  stm32g4xx_hal_uart.o(i.HAL_UART_TxCpltCallback)
    i.HardFault_Handler                      0x08002188   Section        0  stm32g4xx_it.o(i.HardFault_Handler)
    i.KeyScan                                0x0800218c   Section        0  key.o(i.KeyScan)
    i.LCD_BusIn                              0x080022a4   Section        0  lcd_hal.o(i.LCD_BusIn)
    i.LCD_BusOut                             0x080022d0   Section        0  lcd_hal.o(i.LCD_BusOut)
    i.LCD_Clear                              0x08002300   Section        0  lcd_hal.o(i.LCD_Clear)
    i.LCD_CtrlLinesConfig                    0x08002324   Section        0  lcd_hal.o(i.LCD_CtrlLinesConfig)
    i.LCD_DisplayChar                        0x080023b4   Section        0  lcd_hal.o(i.LCD_DisplayChar)
    i.LCD_DisplayStringLine                  0x080023cc   Section        0  lcd_hal.o(i.LCD_DisplayStringLine)
    i.LCD_DrawChar                           0x080023f8   Section        0  lcd_hal.o(i.LCD_DrawChar)
    i.LCD_Init                               0x08002450   Section        0  lcd_hal.o(i.LCD_Init)
    i.LCD_ReadReg                            0x08002484   Section        0  lcd_hal.o(i.LCD_ReadReg)
    i.LCD_SetCursor                          0x08002504   Section        0  lcd_hal.o(i.LCD_SetCursor)
    i.LCD_WriteRAM                           0x0800251c   Section        0  lcd_hal.o(i.LCD_WriteRAM)
    i.LCD_WriteRAM_Prepare                   0x08002574   Section        0  lcd_hal.o(i.LCD_WriteRAM_Prepare)
    i.LCD_WriteReg                           0x080025d0   Section        0  lcd_hal.o(i.LCD_WriteReg)
    i.LcdSetInit                             0x0800263c   Section        0  lcd_hal.o(i.LcdSetInit)
    i.MX_DMA_Init                            0x08002670   Section        0  dma.o(i.MX_DMA_Init)
    i.MX_GPIO_Init                           0x080026bc   Section        0  gpio.o(i.MX_GPIO_Init)
    i.MX_TIM2_Init                           0x080027b4   Section        0  tim.o(i.MX_TIM2_Init)
    i.MX_TIM4_Init                           0x08002854   Section        0  tim.o(i.MX_TIM4_Init)
    i.MX_USART1_UART_Init                    0x080028c0   Section        0  usart.o(i.MX_USART1_UART_Init)
    i.MemManage_Handler                      0x08002928   Section        0  stm32g4xx_it.o(i.MemManage_Handler)
    i.NMI_Handler                            0x0800292a   Section        0  stm32g4xx_it.o(i.NMI_Handler)
    i.OpenLed1                               0x0800292c   Section        0  main.o(i.OpenLed1)
    i.PassWordAdd                            0x0800296c   Section        0  main.o(i.PassWordAdd)
    i.PassWordTest                           0x08002998   Section        0  main.o(i.PassWordTest)
    i.PendSV_Handler                         0x080029c6   Section        0  stm32g4xx_it.o(i.PendSV_Handler)
    i.REG_8230_Init                          0x080029c8   Section        0  lcd_hal.o(i.REG_8230_Init)
    i.REG_932X_Init                          0x08002ada   Section        0  lcd_hal.o(i.REG_932X_Init)
    i.ResetPSD                               0x08002cdc   Section        0  main.o(i.ResetPSD)
    i.SVC_Handler                            0x08002ce6   Section        0  stm32g4xx_it.o(i.SVC_Handler)
    i.ShowPSD                                0x08002ce8   Section        0  lcd.o(i.ShowPSD)
    i.ShowSTA                                0x08002de0   Section        0  lcd.o(i.ShowSTA)
    i.SysTick_Handler                        0x08002e68   Section        0  stm32g4xx_it.o(i.SysTick_Handler)
    i.SystemClock_Config                     0x08002eac   Section        0  main.o(i.SystemClock_Config)
    i.SystemInit                             0x08002f18   Section        0  system_stm32g4xx.o(i.SystemInit)
    i.TIM4_IRQHandler                        0x08002f34   Section        0  stm32g4xx_it.o(i.TIM4_IRQHandler)
    i.TIM_Base_SetConfig                     0x08002f40   Section        0  stm32g4xx_hal_tim.o(i.TIM_Base_SetConfig)
    i.TIM_CCxChannelCmd                      0x08002ff0   Section        0  stm32g4xx_hal_tim.o(i.TIM_CCxChannelCmd)
    i.TIM_ETR_SetConfig                      0x0800300a   Section        0  stm32g4xx_hal_tim.o(i.TIM_ETR_SetConfig)
    i.TIM_ITRx_SetConfig                     0x08003020   Section        0  stm32g4xx_hal_tim.o(i.TIM_ITRx_SetConfig)
    TIM_ITRx_SetConfig                       0x08003021   Thumb Code    16  stm32g4xx_hal_tim.o(i.TIM_ITRx_SetConfig)
    i.TIM_OC1_SetConfig                      0x08003034   Section        0  stm32g4xx_hal_tim.o(i.TIM_OC1_SetConfig)
    TIM_OC1_SetConfig                        0x08003035   Thumb Code   132  stm32g4xx_hal_tim.o(i.TIM_OC1_SetConfig)
    i.TIM_OC2_SetConfig                      0x080030d0   Section        0  stm32g4xx_hal_tim.o(i.TIM_OC2_SetConfig)
    i.TIM_OC3_SetConfig                      0x08003160   Section        0  stm32g4xx_hal_tim.o(i.TIM_OC3_SetConfig)
    TIM_OC3_SetConfig                        0x08003161   Thumb Code   118  stm32g4xx_hal_tim.o(i.TIM_OC3_SetConfig)
    i.TIM_OC4_SetConfig                      0x080031f0   Section        0  stm32g4xx_hal_tim.o(i.TIM_OC4_SetConfig)
    TIM_OC4_SetConfig                        0x080031f1   Thumb Code   120  stm32g4xx_hal_tim.o(i.TIM_OC4_SetConfig)
    i.TIM_OC5_SetConfig                      0x08003280   Section        0  stm32g4xx_hal_tim.o(i.TIM_OC5_SetConfig)
    TIM_OC5_SetConfig                        0x08003281   Thumb Code    86  stm32g4xx_hal_tim.o(i.TIM_OC5_SetConfig)
    i.TIM_OC6_SetConfig                      0x080032f0   Section        0  stm32g4xx_hal_tim.o(i.TIM_OC6_SetConfig)
    TIM_OC6_SetConfig                        0x080032f1   Thumb Code    88  stm32g4xx_hal_tim.o(i.TIM_OC6_SetConfig)
    i.TIM_TI1_ConfigInputStage               0x08003360   Section        0  stm32g4xx_hal_tim.o(i.TIM_TI1_ConfigInputStage)
    TIM_TI1_ConfigInputStage                 0x08003361   Thumb Code    34  stm32g4xx_hal_tim.o(i.TIM_TI1_ConfigInputStage)
    i.TIM_TI2_ConfigInputStage               0x08003382   Section        0  stm32g4xx_hal_tim.o(i.TIM_TI2_ConfigInputStage)
    TIM_TI2_ConfigInputStage                 0x08003383   Thumb Code    36  stm32g4xx_hal_tim.o(i.TIM_TI2_ConfigInputStage)
    i.TogLed2                                0x080033a8   Section        0  main.o(i.TogLed2)
    i.UARTEx_SetNbDataToProcess              0x08003404   Section        0  stm32g4xx_hal_uart_ex.o(i.UARTEx_SetNbDataToProcess)
    UARTEx_SetNbDataToProcess                0x08003405   Thumb Code    82  stm32g4xx_hal_uart_ex.o(i.UARTEx_SetNbDataToProcess)
    i.UART_AdvFeatureConfig                  0x08003468   Section        0  stm32g4xx_hal_uart.o(i.UART_AdvFeatureConfig)
    i.UART_CheckIdleState                    0x08003530   Section        0  stm32g4xx_hal_uart.o(i.UART_CheckIdleState)
    i.UART_DMAAbortOnError                   0x0800358e   Section        0  stm32g4xx_hal_uart.o(i.UART_DMAAbortOnError)
    UART_DMAAbortOnError                     0x0800358f   Thumb Code    20  stm32g4xx_hal_uart.o(i.UART_DMAAbortOnError)
    i.UART_DMAError                          0x080035a2   Section        0  stm32g4xx_hal_uart.o(i.UART_DMAError)
    UART_DMAError                            0x080035a3   Thumb Code    80  stm32g4xx_hal_uart.o(i.UART_DMAError)
    i.UART_DMAReceiveCplt                    0x080035f2   Section        0  stm32g4xx_hal_uart.o(i.UART_DMAReceiveCplt)
    UART_DMAReceiveCplt                      0x080035f3   Thumb Code    62  stm32g4xx_hal_uart.o(i.UART_DMAReceiveCplt)
    i.UART_DMARxHalfCplt                     0x08003630   Section        0  stm32g4xx_hal_uart.o(i.UART_DMARxHalfCplt)
    UART_DMARxHalfCplt                       0x08003631   Thumb Code    10  stm32g4xx_hal_uart.o(i.UART_DMARxHalfCplt)
    i.UART_EndRxTransfer                     0x0800363c   Section        0  stm32g4xx_hal_uart.o(i.UART_EndRxTransfer)
    UART_EndRxTransfer                       0x0800363d   Thumb Code    32  stm32g4xx_hal_uart.o(i.UART_EndRxTransfer)
    i.UART_EndTxTransfer                     0x08003660   Section        0  stm32g4xx_hal_uart.o(i.UART_EndTxTransfer)
    UART_EndTxTransfer                       0x08003661   Thumb Code    28  stm32g4xx_hal_uart.o(i.UART_EndTxTransfer)
    i.UART_RxISR_16BIT                       0x0800367c   Section        0  stm32g4xx_hal_uart.o(i.UART_RxISR_16BIT)
    UART_RxISR_16BIT                         0x0800367d   Thumb Code    94  stm32g4xx_hal_uart.o(i.UART_RxISR_16BIT)
    i.UART_RxISR_16BIT_FIFOEN                0x080036dc   Section        0  stm32g4xx_hal_uart.o(i.UART_RxISR_16BIT_FIFOEN)
    UART_RxISR_16BIT_FIFOEN                  0x080036dd   Thumb Code   152  stm32g4xx_hal_uart.o(i.UART_RxISR_16BIT_FIFOEN)
    i.UART_RxISR_8BIT                        0x0800377c   Section        0  stm32g4xx_hal_uart.o(i.UART_RxISR_8BIT)
    UART_RxISR_8BIT                          0x0800377d   Thumb Code    94  stm32g4xx_hal_uart.o(i.UART_RxISR_8BIT)
    i.UART_RxISR_8BIT_FIFOEN                 0x080037dc   Section        0  stm32g4xx_hal_uart.o(i.UART_RxISR_8BIT_FIFOEN)
    UART_RxISR_8BIT_FIFOEN                   0x080037dd   Thumb Code   152  stm32g4xx_hal_uart.o(i.UART_RxISR_8BIT_FIFOEN)
    i.UART_SetConfig                         0x0800387c   Section        0  stm32g4xx_hal_uart.o(i.UART_SetConfig)
    i.UART_WaitOnFlagUntilTimeout            0x08004022   Section        0  stm32g4xx_hal_uart.o(i.UART_WaitOnFlagUntilTimeout)
    i.USART1_IRQHandler                      0x08004088   Section        0  stm32g4xx_it.o(i.USART1_IRQHandler)
    i.UsageFault_Handler                     0x08004094   Section        0  stm32g4xx_it.o(i.UsageFault_Handler)
    i.__0sprintf$1                           0x08004098   Section        0  printf1.o(i.__0sprintf$1)
    i.__NVIC_SetPriority                     0x080040c0   Section        0  stm32g4xx_hal_cortex.o(i.__NVIC_SetPriority)
    __NVIC_SetPriority                       0x080040c1   Thumb Code    32  stm32g4xx_hal_cortex.o(i.__NVIC_SetPriority)
    i.__scatterload_copy                     0x080040e0   Section       14  handlers.o(i.__scatterload_copy)
    i.__scatterload_null                     0x080040ee   Section        2  handlers.o(i.__scatterload_null)
    i.__scatterload_zeroinit                 0x080040f0   Section       14  handlers.o(i.__scatterload_zeroinit)
    i._printf_core                           0x08004100   Section        0  printf1.o(i._printf_core)
    _printf_core                             0x08004101   Thumb Code   336  printf1.o(i._printf_core)
    i._sputc                                 0x08004254   Section        0  printf1.o(i._sputc)
    _sputc                                   0x08004255   Thumb Code    10  printf1.o(i._sputc)
    i.main                                   0x08004260   Section        0  main.o(i.main)
    .constdata                               0x0800436c   Section     4560  lcd_hal.o(.constdata)
    .constdata                               0x0800553c   Section       16  system_stm32g4xx.o(.constdata)
    .constdata                               0x0800554c   Section        8  system_stm32g4xx.o(.constdata)
    .data                                    0x20000000   Section        6  lcd_hal.o(.data)
    TextColor                                0x20000000   Data           2  lcd_hal.o(.data)
    BackColor                                0x20000002   Data           2  lcd_hal.o(.data)
    .data                                    0x20000006   Section        6  key.o(.data)
    .data                                    0x2000000c   Section       25  main.o(.data)
    state                                    0x2000000e   Data           1  main.o(.data)
    Count_5s                                 0x20000012   Data           2  main.o(.data)
    .data                                    0x20000025   Section        2  stm32g4xx_it.o(.data)
    Count_10ms                               0x20000025   Data           1  stm32g4xx_it.o(.data)
    Count_100ms                              0x20000026   Data           1  stm32g4xx_it.o(.data)
    .data                                    0x20000028   Section       12  stm32g4xx_hal.o(.data)
    .data                                    0x20000034   Section        4  system_stm32g4xx.o(.data)
    .bss                                     0x20000038   Section      152  tim.o(.bss)
    .bss                                     0x200000d0   Section      332  usart.o(.bss)
    STACK                                    0x20000220   Section     1024  startup_stm32g431xx.o(STACK)

    Global Symbols

    Symbol Name                              Value     Ov Type        Size  Object(Section)

    BuildAttributes$$THM_ISAv4$E$P$D$K$B$S$7EM$VFPi3$EXTD16$VFPS$VFMA$PE$A:L22UL41UL21$X:L11$S22US41US21$IEEE1$IW$USESV6$~STKCKD$USESV7$~SHL$OSPACE$ROPI$EBA8$MICROLIB$REQ8$PRES8$EABIv2 0x00000000   Number         0  anon$$obj.o ABSOLUTE
    __ARM_use_no_argv                        0x00000000   Number         0  main.o ABSOLUTE
    _printf_a                                0x00000000   Number         0  stubs.o ABSOLUTE
    _printf_c                                0x00000000   Number         0  stubs.o ABSOLUTE
    _printf_charcount                        0x00000000   Number         0  stubs.o ABSOLUTE
    _printf_d                                0x00000000   Number         0  stubs.o ABSOLUTE
    _printf_e                                0x00000000   Number         0  stubs.o ABSOLUTE
    _printf_f                                0x00000000   Number         0  stubs.o ABSOLUTE
    _printf_flags                            0x00000000   Number         0  stubs.o ABSOLUTE
    _printf_fp_dec                           0x00000000   Number         0  stubs.o ABSOLUTE
    _printf_fp_hex                           0x00000000   Number         0  stubs.o ABSOLUTE
    _printf_g                                0x00000000   Number         0  stubs.o ABSOLUTE
    _printf_i                                0x00000000   Number         0  stubs.o ABSOLUTE
    _printf_int_dec                          0x00000000   Number         0  stubs.o ABSOLUTE
    _printf_l                                0x00000000   Number         0  stubs.o ABSOLUTE
    _printf_lc                               0x00000000   Number         0  stubs.o ABSOLUTE
    _printf_ll                               0x00000000   Number         0  stubs.o ABSOLUTE
    _printf_lld                              0x00000000   Number         0  stubs.o ABSOLUTE
    _printf_lli                              0x00000000   Number         0  stubs.o ABSOLUTE
    _printf_llo                              0x00000000   Number         0  stubs.o ABSOLUTE
    _printf_llu                              0x00000000   Number         0  stubs.o ABSOLUTE
    _printf_llx                              0x00000000   Number         0  stubs.o ABSOLUTE
    _printf_longlong_dec                     0x00000000   Number         0  stubs.o ABSOLUTE
    _printf_longlong_hex                     0x00000000   Number         0  stubs.o ABSOLUTE
    _printf_longlong_oct                     0x00000000   Number         0  stubs.o ABSOLUTE
    _printf_ls                               0x00000000   Number         0  stubs.o ABSOLUTE
    _printf_mbtowc                           0x00000000   Number         0  stubs.o ABSOLUTE
    _printf_n                                0x00000000   Number         0  stubs.o ABSOLUTE
    _printf_o                                0x00000000   Number         0  stubs.o ABSOLUTE
    _printf_p                                0x00000000   Number         0  stubs.o ABSOLUTE
    _printf_percent                          0x00000000   Number         0  stubs.o ABSOLUTE
    _printf_pre_padding                      0x00000000   Number         0  stubs.o ABSOLUTE
    _printf_return_value                     0x00000000   Number         0  stubs.o ABSOLUTE
    _printf_s                                0x00000000   Number         0  stubs.o ABSOLUTE
    _printf_sizespec                         0x00000000   Number         0  stubs.o ABSOLUTE
    _printf_str                              0x00000000   Number         0  stubs.o ABSOLUTE
    _printf_truncate_signed                  0x00000000   Number         0  stubs.o ABSOLUTE
    _printf_truncate_unsigned                0x00000000   Number         0  stubs.o ABSOLUTE
    _printf_u                                0x00000000   Number         0  stubs.o ABSOLUTE
    _printf_wc                               0x00000000   Number         0  stubs.o ABSOLUTE
    _printf_wctomb                           0x00000000   Number         0  stubs.o ABSOLUTE
    _printf_widthprec                        0x00000000   Number         0  stubs.o ABSOLUTE
    _printf_x                                0x00000000   Number         0  stubs.o ABSOLUTE
    __cpp_initialize__aeabi_                  - Undefined Weak Reference
    __cxa_finalize                            - Undefined Weak Reference
    __decompress                              - Undefined Weak Reference
    _clock_init                               - Undefined Weak Reference
    _microlib_exit                            - Undefined Weak Reference
    __Vectors_Size                           0x000001d8   Number         0  startup_stm32g431xx.o ABSOLUTE
    __Vectors                                0x08000000   Data           4  startup_stm32g431xx.o(RESET)
    __Vectors_End                            0x080001d8   Data           0  startup_stm32g431xx.o(RESET)
    __main                                   0x080001d9   Thumb Code     0  entry.o(.ARM.Collect$$$$00000000)
    _main_stk                                0x080001d9   Thumb Code     0  entry2.o(.ARM.Collect$$$$00000001)
    _main_scatterload                        0x080001dd   Thumb Code     0  entry5.o(.ARM.Collect$$$$00000004)
    __main_after_scatterload                 0x080001e1   Thumb Code     0  entry5.o(.ARM.Collect$$$$00000004)
    _main_clock                              0x080001e1   Thumb Code     0  entry7b.o(.ARM.Collect$$$$00000008)
    _main_cpp_init                           0x080001e1   Thumb Code     0  entry8b.o(.ARM.Collect$$$$0000000A)
    _main_init                               0x080001e1   Thumb Code     0  entry9a.o(.ARM.Collect$$$$0000000B)
    __rt_final_cpp                           0x080001e9   Thumb Code     0  entry10a.o(.ARM.Collect$$$$0000000D)
    __rt_final_exit                          0x080001e9   Thumb Code     0  entry11a.o(.ARM.Collect$$$$0000000F)
    Reset_Handler                            0x080001ed   Thumb Code     8  startup_stm32g431xx.o(.text)
    ADC1_2_IRQHandler                        0x08000207   Thumb Code     0  startup_stm32g431xx.o(.text)
    COMP1_2_3_IRQHandler                     0x08000207   Thumb Code     0  startup_stm32g431xx.o(.text)
    COMP4_IRQHandler                         0x08000207   Thumb Code     0  startup_stm32g431xx.o(.text)
    CORDIC_IRQHandler                        0x08000207   Thumb Code     0  startup_stm32g431xx.o(.text)
    CRS_IRQHandler                           0x08000207   Thumb Code     0  startup_stm32g431xx.o(.text)
    DMA1_Channel3_IRQHandler                 0x08000207   Thumb Code     0  startup_stm32g431xx.o(.text)
    DMA1_Channel4_IRQHandler                 0x08000207   Thumb Code     0  startup_stm32g431xx.o(.text)
    DMA1_Channel5_IRQHandler                 0x08000207   Thumb Code     0  startup_stm32g431xx.o(.text)
    DMA1_Channel6_IRQHandler                 0x08000207   Thumb Code     0  startup_stm32g431xx.o(.text)
    DMA2_Channel1_IRQHandler                 0x08000207   Thumb Code     0  startup_stm32g431xx.o(.text)
    DMA2_Channel2_IRQHandler                 0x08000207   Thumb Code     0  startup_stm32g431xx.o(.text)
    DMA2_Channel3_IRQHandler                 0x08000207   Thumb Code     0  startup_stm32g431xx.o(.text)
    DMA2_Channel4_IRQHandler                 0x08000207   Thumb Code     0  startup_stm32g431xx.o(.text)
    DMA2_Channel5_IRQHandler                 0x08000207   Thumb Code     0  startup_stm32g431xx.o(.text)
    DMA2_Channel6_IRQHandler                 0x08000207   Thumb Code     0  startup_stm32g431xx.o(.text)
    DMAMUX_OVR_IRQHandler                    0x08000207   Thumb Code     0  startup_stm32g431xx.o(.text)
    EXTI0_IRQHandler                         0x08000207   Thumb Code     0  startup_stm32g431xx.o(.text)
    EXTI15_10_IRQHandler                     0x08000207   Thumb Code     0  startup_stm32g431xx.o(.text)
    EXTI1_IRQHandler                         0x08000207   Thumb Code     0  startup_stm32g431xx.o(.text)
    EXTI2_IRQHandler                         0x08000207   Thumb Code     0  startup_stm32g431xx.o(.text)
    EXTI3_IRQHandler                         0x08000207   Thumb Code     0  startup_stm32g431xx.o(.text)
    EXTI4_IRQHandler                         0x08000207   Thumb Code     0  startup_stm32g431xx.o(.text)
    EXTI9_5_IRQHandler                       0x08000207   Thumb Code     0  startup_stm32g431xx.o(.text)
    FDCAN1_IT0_IRQHandler                    0x08000207   Thumb Code     0  startup_stm32g431xx.o(.text)
    FDCAN1_IT1_IRQHandler                    0x08000207   Thumb Code     0  startup_stm32g431xx.o(.text)
    FLASH_IRQHandler                         0x08000207   Thumb Code     0  startup_stm32g431xx.o(.text)
    FMAC_IRQHandler                          0x08000207   Thumb Code     0  startup_stm32g431xx.o(.text)
    FPU_IRQHandler                           0x08000207   Thumb Code     0  startup_stm32g431xx.o(.text)
    I2C1_ER_IRQHandler                       0x08000207   Thumb Code     0  startup_stm32g431xx.o(.text)
    I2C1_EV_IRQHandler                       0x08000207   Thumb Code     0  startup_stm32g431xx.o(.text)
    I2C2_ER_IRQHandler                       0x08000207   Thumb Code     0  startup_stm32g431xx.o(.text)
    I2C2_EV_IRQHandler                       0x08000207   Thumb Code     0  startup_stm32g431xx.o(.text)
    I2C3_ER_IRQHandler                       0x08000207   Thumb Code     0  startup_stm32g431xx.o(.text)
    I2C3_EV_IRQHandler                       0x08000207   Thumb Code     0  startup_stm32g431xx.o(.text)
    LPTIM1_IRQHandler                        0x08000207   Thumb Code     0  startup_stm32g431xx.o(.text)
    LPUART1_IRQHandler                       0x08000207   Thumb Code     0  startup_stm32g431xx.o(.text)
    PVD_PVM_IRQHandler                       0x08000207   Thumb Code     0  startup_stm32g431xx.o(.text)
    RCC_IRQHandler                           0x08000207   Thumb Code     0  startup_stm32g431xx.o(.text)
    RNG_IRQHandler                           0x08000207   Thumb Code     0  startup_stm32g431xx.o(.text)
    RTC_Alarm_IRQHandler                     0x08000207   Thumb Code     0  startup_stm32g431xx.o(.text)
    RTC_TAMP_LSECSS_IRQHandler               0x08000207   Thumb Code     0  startup_stm32g431xx.o(.text)
    RTC_WKUP_IRQHandler                      0x08000207   Thumb Code     0  startup_stm32g431xx.o(.text)
    SAI1_IRQHandler                          0x08000207   Thumb Code     0  startup_stm32g431xx.o(.text)
    SPI1_IRQHandler                          0x08000207   Thumb Code     0  startup_stm32g431xx.o(.text)
    SPI2_IRQHandler                          0x08000207   Thumb Code     0  startup_stm32g431xx.o(.text)
    SPI3_IRQHandler                          0x08000207   Thumb Code     0  startup_stm32g431xx.o(.text)
    TIM1_BRK_TIM15_IRQHandler                0x08000207   Thumb Code     0  startup_stm32g431xx.o(.text)
    TIM1_CC_IRQHandler                       0x08000207   Thumb Code     0  startup_stm32g431xx.o(.text)
    TIM1_TRG_COM_TIM17_IRQHandler            0x08000207   Thumb Code     0  startup_stm32g431xx.o(.text)
    TIM1_UP_TIM16_IRQHandler                 0x08000207   Thumb Code     0  startup_stm32g431xx.o(.text)
    TIM2_IRQHandler                          0x08000207   Thumb Code     0  startup_stm32g431xx.o(.text)
    TIM3_IRQHandler                          0x08000207   Thumb Code     0  startup_stm32g431xx.o(.text)
    TIM6_DAC_IRQHandler                      0x08000207   Thumb Code     0  startup_stm32g431xx.o(.text)
    TIM7_DAC_IRQHandler                      0x08000207   Thumb Code     0  startup_stm32g431xx.o(.text)
    TIM8_BRK_IRQHandler                      0x08000207   Thumb Code     0  startup_stm32g431xx.o(.text)
    TIM8_CC_IRQHandler                       0x08000207   Thumb Code     0  startup_stm32g431xx.o(.text)
    TIM8_TRG_COM_IRQHandler                  0x08000207   Thumb Code     0  startup_stm32g431xx.o(.text)
    TIM8_UP_IRQHandler                       0x08000207   Thumb Code     0  startup_stm32g431xx.o(.text)
    UART4_IRQHandler                         0x08000207   Thumb Code     0  startup_stm32g431xx.o(.text)
    UCPD1_IRQHandler                         0x08000207   Thumb Code     0  startup_stm32g431xx.o(.text)
    USART2_IRQHandler                        0x08000207   Thumb Code     0  startup_stm32g431xx.o(.text)
    USART3_IRQHandler                        0x08000207   Thumb Code     0  startup_stm32g431xx.o(.text)
    USBWakeUp_IRQHandler                     0x08000207   Thumb Code     0  startup_stm32g431xx.o(.text)
    USB_HP_IRQHandler                        0x08000207   Thumb Code     0  startup_stm32g431xx.o(.text)
    USB_LP_IRQHandler                        0x08000207   Thumb Code     0  startup_stm32g431xx.o(.text)
    WWDG_IRQHandler                          0x08000207   Thumb Code     0  startup_stm32g431xx.o(.text)
    __aeabi_uldivmod                         0x08000211   Thumb Code    98  uldiv.o(.text)
    __aeabi_memset                           0x08000273   Thumb Code    14  memseta.o(.text)
    __aeabi_memset4                          0x08000273   Thumb Code     0  memseta.o(.text)
    __aeabi_memset8                          0x08000273   Thumb Code     0  memseta.o(.text)
    __aeabi_memclr                           0x08000281   Thumb Code     4  memseta.o(.text)
    __aeabi_memclr4                          0x08000281   Thumb Code     0  memseta.o(.text)
    __aeabi_memclr8                          0x08000281   Thumb Code     0  memseta.o(.text)
    _memset$wrapper                          0x08000285   Thumb Code    18  memseta.o(.text)
    __aeabi_uidiv                            0x08000297   Thumb Code     0  uidiv.o(.text)
    __aeabi_uidivmod                         0x08000297   Thumb Code    44  uidiv.o(.text)
    __aeabi_llsl                             0x080002c3   Thumb Code    30  llshl.o(.text)
    _ll_shift_l                              0x080002c3   Thumb Code     0  llshl.o(.text)
    __aeabi_llsr                             0x080002e1   Thumb Code    32  llushr.o(.text)
    _ll_ushift_r                             0x080002e1   Thumb Code     0  llushr.o(.text)
    __scatterload                            0x08000301   Thumb Code    28  init.o(.text)
    __scatterload_rt2                        0x08000301   Thumb Code     0  init.o(.text)
    BusFault_Handler                         0x08000325   Thumb Code     2  stm32g4xx_it.o(i.BusFault_Handler)
    ChangPassWord                            0x08000329   Thumb Code    48  main.o(i.ChangPassWord)
    CloseLed1                                0x0800035d   Thumb Code    52  main.o(i.CloseLed1)
    DMA1_Channel1_IRQHandler                 0x08000399   Thumb Code     6  stm32g4xx_it.o(i.DMA1_Channel1_IRQHandler)
    DMA1_Channel2_IRQHandler                 0x080003a5   Thumb Code     6  stm32g4xx_it.o(i.DMA1_Channel2_IRQHandler)
    DebugMon_Handler                         0x08000453   Thumb Code     2  stm32g4xx_it.o(i.DebugMon_Handler)
    Delay_LCD                                0x08000455   Thumb Code    28  lcd_hal.o(i.Delay_LCD)
    Error_Handler                            0x08000471   Thumb Code     2  main.o(i.Error_Handler)
    HAL_DMA_Abort_IT                         0x08000473   Thumb Code   120  stm32g4xx_hal_dma.o(i.HAL_DMA_Abort_IT)
    HAL_DMA_IRQHandler                       0x080004eb   Thumb Code   186  stm32g4xx_hal_dma.o(i.HAL_DMA_IRQHandler)
    HAL_DMA_Init                             0x080005a5   Thumb Code   178  stm32g4xx_hal_dma.o(i.HAL_DMA_Init)
    HAL_DMA_Start_IT                         0x08000665   Thumb Code   140  stm32g4xx_hal_dma.o(i.HAL_DMA_Start_IT)
    HAL_Delay                                0x080006f1   Thumb Code    32  stm32g4xx_hal.o(i.HAL_Delay)
    HAL_GPIO_Init                            0x08000715   Thumb Code   422  stm32g4xx_hal_gpio.o(i.HAL_GPIO_Init)
    HAL_GPIO_ReadPin                         0x080008dd   Thumb Code    10  stm32g4xx_hal_gpio.o(i.HAL_GPIO_ReadPin)
    HAL_GPIO_WritePin                        0x080008e7   Thumb Code    10  stm32g4xx_hal_gpio.o(i.HAL_GPIO_WritePin)
    HAL_GetTick                              0x080008f1   Thumb Code     6  stm32g4xx_hal.o(i.HAL_GetTick)
    HAL_IncTick                              0x080008fd   Thumb Code    12  stm32g4xx_hal.o(i.HAL_IncTick)
    HAL_Init                                 0x0800090d   Thumb Code    30  stm32g4xx_hal.o(i.HAL_Init)
    HAL_InitTick                             0x0800092d   Thumb Code    58  stm32g4xx_hal.o(i.HAL_InitTick)
    HAL_MspInit                              0x08000971   Thumb Code    48  stm32g4xx_hal_msp.o(i.HAL_MspInit)
    HAL_NVIC_EnableIRQ                       0x080009a9   Thumb Code    26  stm32g4xx_hal_cortex.o(i.HAL_NVIC_EnableIRQ)
    HAL_NVIC_SetPriority                     0x080009c5   Thumb Code    60  stm32g4xx_hal_cortex.o(i.HAL_NVIC_SetPriority)
    HAL_NVIC_SetPriorityGrouping             0x08000a05   Thumb Code    26  stm32g4xx_hal_cortex.o(i.HAL_NVIC_SetPriorityGrouping)
    HAL_PWREx_ControlVoltageScaling          0x08000a29   Thumb Code   174  stm32g4xx_hal_pwr_ex.o(i.HAL_PWREx_ControlVoltageScaling)
    HAL_RCCEx_PeriphCLKConfig                0x08000ae5   Thumb Code   638  stm32g4xx_hal_rcc_ex.o(i.HAL_RCCEx_PeriphCLKConfig)
    HAL_RCC_ClockConfig                      0x08000d6d   Thumb Code   444  stm32g4xx_hal_rcc.o(i.HAL_RCC_ClockConfig)
    HAL_RCC_GetPCLK1Freq                     0x08000f49   Thumb Code    24  stm32g4xx_hal_rcc.o(i.HAL_RCC_GetPCLK1Freq)
    HAL_RCC_GetPCLK2Freq                     0x08000f6d   Thumb Code    24  stm32g4xx_hal_rcc.o(i.HAL_RCC_GetPCLK2Freq)
    HAL_RCC_GetSysClockFreq                  0x08000f91   Thumb Code    98  stm32g4xx_hal_rcc.o(i.HAL_RCC_GetSysClockFreq)
    HAL_RCC_OscConfig                        0x08001001   Thumb Code  1036  stm32g4xx_hal_rcc.o(i.HAL_RCC_OscConfig)
    HAL_SYSTICK_Config                       0x0800140d   Thumb Code    40  stm32g4xx_hal_cortex.o(i.HAL_SYSTICK_Config)
    HAL_TIMEx_Break2Callback                 0x08001435   Thumb Code     2  stm32g4xx_hal_tim_ex.o(i.HAL_TIMEx_Break2Callback)
    HAL_TIMEx_BreakCallback                  0x08001437   Thumb Code     2  stm32g4xx_hal_tim_ex.o(i.HAL_TIMEx_BreakCallback)
    HAL_TIMEx_CommutCallback                 0x08001439   Thumb Code     2  stm32g4xx_hal_tim_ex.o(i.HAL_TIMEx_CommutCallback)
    HAL_TIMEx_DirectionChangeCallback        0x0800143b   Thumb Code     2  stm32g4xx_hal_tim_ex.o(i.HAL_TIMEx_DirectionChangeCallback)
    HAL_TIMEx_EncoderIndexCallback           0x0800143d   Thumb Code     2  stm32g4xx_hal_tim_ex.o(i.HAL_TIMEx_EncoderIndexCallback)
    HAL_TIMEx_IndexErrorCallback             0x0800143f   Thumb Code     2  stm32g4xx_hal_tim_ex.o(i.HAL_TIMEx_IndexErrorCallback)
    HAL_TIMEx_MasterConfigSynchronization    0x08001441   Thumb Code   132  stm32g4xx_hal_tim_ex.o(i.HAL_TIMEx_MasterConfigSynchronization)
    HAL_TIMEx_TransitionErrorCallback        0x080014dd   Thumb Code     2  stm32g4xx_hal_tim_ex.o(i.HAL_TIMEx_TransitionErrorCallback)
    HAL_TIM_Base_Init                        0x080014df   Thumb Code    98  stm32g4xx_hal_tim.o(i.HAL_TIM_Base_Init)
    HAL_TIM_Base_MspInit                     0x08001541   Thumb Code    72  tim.o(i.HAL_TIM_Base_MspInit)
    HAL_TIM_Base_Start_IT                    0x08001591   Thumb Code    58  stm32g4xx_hal_tim.o(i.HAL_TIM_Base_Start_IT)
    HAL_TIM_Base_Stop_IT                     0x080015d1   Thumb Code    48  stm32g4xx_hal_tim.o(i.HAL_TIM_Base_Stop_IT)
    HAL_TIM_ConfigClockSource                0x08001601   Thumb Code   244  stm32g4xx_hal_tim.o(i.HAL_TIM_ConfigClockSource)
    HAL_TIM_IC_CaptureCallback               0x080016fd   Thumb Code     2  stm32g4xx_hal_tim.o(i.HAL_TIM_IC_CaptureCallback)
    HAL_TIM_IRQHandler                       0x080016ff   Thumb Code   508  stm32g4xx_hal_tim.o(i.HAL_TIM_IRQHandler)
    HAL_TIM_MspPostInit                      0x080018fd   Thumb Code    70  tim.o(i.HAL_TIM_MspPostInit)
    HAL_TIM_OC_DelayElapsedCallback          0x08001949   Thumb Code     2  stm32g4xx_hal_tim.o(i.HAL_TIM_OC_DelayElapsedCallback)
    HAL_TIM_PWM_ConfigChannel                0x0800194b   Thumb Code   286  stm32g4xx_hal_tim.o(i.HAL_TIM_PWM_ConfigChannel)
    HAL_TIM_PWM_Init                         0x08001a69   Thumb Code    98  stm32g4xx_hal_tim.o(i.HAL_TIM_PWM_Init)
    HAL_TIM_PWM_MspInit                      0x08001acb   Thumb Code     2  stm32g4xx_hal_tim.o(i.HAL_TIM_PWM_MspInit)
    HAL_TIM_PWM_PulseFinishedCallback        0x08001acd   Thumb Code     2  stm32g4xx_hal_tim.o(i.HAL_TIM_PWM_PulseFinishedCallback)
    HAL_TIM_PWM_Start                        0x08001ad1   Thumb Code   188  stm32g4xx_hal_tim.o(i.HAL_TIM_PWM_Start)
    HAL_TIM_PeriodElapsedCallback            0x08001ba5   Thumb Code    90  main.o(i.HAL_TIM_PeriodElapsedCallback)
    HAL_TIM_TriggerCallback                  0x08001c0d   Thumb Code     2  stm32g4xx_hal_tim.o(i.HAL_TIM_TriggerCallback)
    HAL_UARTEx_DisableFifoMode               0x08001c0f   Thumb Code    62  stm32g4xx_hal_uart_ex.o(i.HAL_UARTEx_DisableFifoMode)
    HAL_UARTEx_RxFifoFullCallback            0x08001c4d   Thumb Code     2  stm32g4xx_hal_uart_ex.o(i.HAL_UARTEx_RxFifoFullCallback)
    HAL_UARTEx_SetRxFifoThreshold            0x08001c4f   Thumb Code    76  stm32g4xx_hal_uart_ex.o(i.HAL_UARTEx_SetRxFifoThreshold)
    HAL_UARTEx_SetTxFifoThreshold            0x08001c9b   Thumb Code    76  stm32g4xx_hal_uart_ex.o(i.HAL_UARTEx_SetTxFifoThreshold)
    HAL_UARTEx_TxFifoEmptyCallback           0x08001ce7   Thumb Code     2  stm32g4xx_hal_uart_ex.o(i.HAL_UARTEx_TxFifoEmptyCallback)
    HAL_UARTEx_WakeupCallback                0x08001ce9   Thumb Code     2  stm32g4xx_hal_uart_ex.o(i.HAL_UARTEx_WakeupCallback)
    HAL_UART_ErrorCallback                   0x08001ceb   Thumb Code     2  stm32g4xx_hal_uart.o(i.HAL_UART_ErrorCallback)
    HAL_UART_IRQHandler                      0x08001ced   Thumb Code   404  stm32g4xx_hal_uart.o(i.HAL_UART_IRQHandler)
    HAL_UART_Init                            0x08001e89   Thumb Code   106  stm32g4xx_hal_uart.o(i.HAL_UART_Init)
    HAL_UART_MspInit                         0x08001ef5   Thumb Code   196  usart.o(i.HAL_UART_MspInit)
    HAL_UART_Receive_DMA                     0x08001fc9   Thumb Code   150  stm32g4xx_hal_uart.o(i.HAL_UART_Receive_DMA)
    HAL_UART_Receive_IT                      0x0800206d   Thumb Code   234  stm32g4xx_hal_uart.o(i.HAL_UART_Receive_IT)
    HAL_UART_RxCpltCallback                  0x08002169   Thumb Code    20  main.o(i.HAL_UART_RxCpltCallback)
    HAL_UART_RxHalfCpltCallback              0x08002185   Thumb Code     2  stm32g4xx_hal_uart.o(i.HAL_UART_RxHalfCpltCallback)
    HAL_UART_TxCpltCallback                  0x08002187   Thumb Code     2  stm32g4xx_hal_uart.o(i.HAL_UART_TxCpltCallback)
    HardFault_Handler                        0x08002189   Thumb Code     2  stm32g4xx_it.o(i.HardFault_Handler)
    KeyScan                                  0x0800218d   Thumb Code   272  key.o(i.KeyScan)
    LCD_BusIn                                0x080022a5   Thumb Code    40  lcd_hal.o(i.LCD_BusIn)
    LCD_BusOut                               0x080022d1   Thumb Code    42  lcd_hal.o(i.LCD_BusOut)
    LCD_Clear                                0x08002301   Thumb Code    36  lcd_hal.o(i.LCD_Clear)
    LCD_CtrlLinesConfig                      0x08002325   Thumb Code   136  lcd_hal.o(i.LCD_CtrlLinesConfig)
    LCD_DisplayChar                          0x080023b5   Thumb Code    18  lcd_hal.o(i.LCD_DisplayChar)
    LCD_DisplayStringLine                    0x080023cd   Thumb Code    42  lcd_hal.o(i.LCD_DisplayStringLine)
    LCD_DrawChar                             0x080023f9   Thumb Code    84  lcd_hal.o(i.LCD_DrawChar)
    LCD_Init                                 0x08002451   Thumb Code    46  lcd_hal.o(i.LCD_Init)
    LCD_ReadReg                              0x08002485   Thumb Code   120  lcd_hal.o(i.LCD_ReadReg)
    LCD_SetCursor                            0x08002505   Thumb Code    24  lcd_hal.o(i.LCD_SetCursor)
    LCD_WriteRAM                             0x0800251d   Thumb Code    80  lcd_hal.o(i.LCD_WriteRAM)
    LCD_WriteRAM_Prepare                     0x08002575   Thumb Code    82  lcd_hal.o(i.LCD_WriteRAM_Prepare)
    LCD_WriteReg                             0x080025d1   Thumb Code   100  lcd_hal.o(i.LCD_WriteReg)
    LcdSetInit                               0x0800263d   Thumb Code    48  lcd_hal.o(i.LcdSetInit)
    MX_DMA_Init                              0x08002671   Thumb Code    72  dma.o(i.MX_DMA_Init)
    MX_GPIO_Init                             0x080026bd   Thumb Code   232  gpio.o(i.MX_GPIO_Init)
    MX_TIM2_Init                             0x080027b5   Thumb Code   154  tim.o(i.MX_TIM2_Init)
    MX_TIM4_Init                             0x08002855   Thumb Code    98  tim.o(i.MX_TIM4_Init)
    MX_USART1_UART_Init                      0x080028c1   Thumb Code    94  usart.o(i.MX_USART1_UART_Init)
    MemManage_Handler                        0x08002929   Thumb Code     2  stm32g4xx_it.o(i.MemManage_Handler)
    NMI_Handler                              0x0800292b   Thumb Code     2  stm32g4xx_it.o(i.NMI_Handler)
    OpenLed1                                 0x0800292d   Thumb Code    54  main.o(i.OpenLed1)
    PassWordAdd                              0x0800296d   Thumb Code    38  main.o(i.PassWordAdd)
    PassWordTest                             0x08002999   Thumb Code    46  main.o(i.PassWordTest)
    PendSV_Handler                           0x080029c7   Thumb Code     2  stm32g4xx_it.o(i.PendSV_Handler)
    REG_8230_Init                            0x080029c9   Thumb Code   274  lcd_hal.o(i.REG_8230_Init)
    REG_932X_Init                            0x08002adb   Thumb Code   514  lcd_hal.o(i.REG_932X_Init)
    ResetPSD                                 0x08002cdd   Thumb Code    10  main.o(i.ResetPSD)
    SVC_Handler                              0x08002ce7   Thumb Code     2  stm32g4xx_it.o(i.SVC_Handler)
    ShowPSD                                  0x08002ce9   Thumb Code   116  lcd.o(i.ShowPSD)
    ShowSTA                                  0x08002de1   Thumb Code    64  lcd.o(i.ShowSTA)
    SysTick_Handler                          0x08002e69   Thumb Code    58  stm32g4xx_it.o(i.SysTick_Handler)
    SystemClock_Config                       0x08002ead   Thumb Code   106  main.o(i.SystemClock_Config)
    SystemInit                               0x08002f19   Thumb Code    22  system_stm32g4xx.o(i.SystemInit)
    TIM4_IRQHandler                          0x08002f35   Thumb Code     6  stm32g4xx_it.o(i.TIM4_IRQHandler)
    TIM_Base_SetConfig                       0x08002f41   Thumb Code   146  stm32g4xx_hal_tim.o(i.TIM_Base_SetConfig)
    TIM_CCxChannelCmd                        0x08002ff1   Thumb Code    26  stm32g4xx_hal_tim.o(i.TIM_CCxChannelCmd)
    TIM_ETR_SetConfig                        0x0800300b   Thumb Code    20  stm32g4xx_hal_tim.o(i.TIM_ETR_SetConfig)
    TIM_OC2_SetConfig                        0x080030d1   Thumb Code   120  stm32g4xx_hal_tim.o(i.TIM_OC2_SetConfig)
    TogLed2                                  0x080033a9   Thumb Code    80  main.o(i.TogLed2)
    UART_AdvFeatureConfig                    0x08003469   Thumb Code   200  stm32g4xx_hal_uart.o(i.UART_AdvFeatureConfig)
    UART_CheckIdleState                      0x08003531   Thumb Code    94  stm32g4xx_hal_uart.o(i.UART_CheckIdleState)
    UART_SetConfig                           0x0800387d   Thumb Code  1958  stm32g4xx_hal_uart.o(i.UART_SetConfig)
    UART_WaitOnFlagUntilTimeout              0x08004023   Thumb Code   100  stm32g4xx_hal_uart.o(i.UART_WaitOnFlagUntilTimeout)
    USART1_IRQHandler                        0x08004089   Thumb Code     6  stm32g4xx_it.o(i.USART1_IRQHandler)
    UsageFault_Handler                       0x08004095   Thumb Code     2  stm32g4xx_it.o(i.UsageFault_Handler)
    __0sprintf$1                             0x08004099   Thumb Code    34  printf1.o(i.__0sprintf$1)
    __1sprintf$1                             0x08004099   Thumb Code     0  printf1.o(i.__0sprintf$1)
    __2sprintf                               0x08004099   Thumb Code     0  printf1.o(i.__0sprintf$1)
    __scatterload_copy                       0x080040e1   Thumb Code    14  handlers.o(i.__scatterload_copy)
    __scatterload_null                       0x080040ef   Thumb Code     2  handlers.o(i.__scatterload_null)
    __scatterload_zeroinit                   0x080040f1   Thumb Code    14  handlers.o(i.__scatterload_zeroinit)
    main                                     0x08004261   Thumb Code   244  main.o(i.main)
    ASCII_Table                              0x0800436c   Data        4560  lcd_hal.o(.constdata)
    AHBPrescTable                            0x0800553c   Data          16  system_stm32g4xx.o(.constdata)
    APBPrescTable                            0x0800554c   Data           8  system_stm32g4xx.o(.constdata)
    Region$$Table$$Base                      0x08005554   Number         0  anon$$obj.o(Region$$Table)
    Region$$Table$$Limit                     0x08005574   Number         0  anon$$obj.o(Region$$Table)
    dummy                                    0x20000004   Data           2  lcd_hal.o(.data)
    Key_State                                0x20000006   Data           1  key.o(.data)
    Key_Value                                0x20000007   Data           1  key.o(.data)
    Key_Flag                                 0x20000008   Data           1  key.o(.data)
    Key_Press_Time                           0x2000000a   Data           2  key.o(.data)
    Key_Effect                               0x2000000c   Data           1  main.o(.data)
    Tog_Led2                                 0x2000000d   Data           1  main.o(.data)
    Error_Num                                0x20000010   Data           2  main.o(.data)
    Real_PassWord                            0x20000014   Data           3  main.o(.data)
    Pass_Word                                0x20000017   Data           3  main.o(.data)
    Pass_Look                                0x2000001a   Data           3  main.o(.data)
    Rec_Str                                  0x2000001d   Data           8  main.o(.data)
    uwTickPrio                               0x20000028   Data           4  stm32g4xx_hal.o(.data)
    uwTickFreq                               0x2000002c   Data           4  stm32g4xx_hal.o(.data)
    uwTick                                   0x20000030   Data           4  stm32g4xx_hal.o(.data)
    SystemCoreClock                          0x20000034   Data           4  system_stm32g4xx.o(.data)
    htim2                                    0x20000038   Data          76  tim.o(.bss)
    htim4                                    0x20000084   Data          76  tim.o(.bss)
    huart1                                   0x200000d0   Data         140  usart.o(.bss)
    hdma_usart1_rx                           0x2000015c   Data          96  usart.o(.bss)
    hdma_usart1_tx                           0x200001bc   Data          96  usart.o(.bss)
    __initial_sp                             0x20000620   Data           0  startup_stm32g431xx.o(STACK)



==============================================================================

Memory Map of the image

  Image Entry point : 0x080001d9

  Load Region LR_IROM1 (Base: 0x08000000, Size: 0x000055ac, Max: 0x00020000, ABSOLUTE)

    Execution Region ER_IROM1 (Base: 0x08000000, Size: 0x00005574, Max: 0x00020000, ABSOLUTE)

    Base Addr    Size         Type   Attr      Idx    E Section Name        Object

    0x08000000   0x000001d8   Data   RO            3    RESET               startup_stm32g431xx.o
    0x080001d8   0x00000000   Code   RO         3903  * .ARM.Collect$$$$00000000  mc_w.l(entry.o)
    0x080001d8   0x00000004   Code   RO         4171    .ARM.Collect$$$$00000001  mc_w.l(entry2.o)
    0x080001dc   0x00000004   Code   RO         4174    .ARM.Collect$$$$00000004  mc_w.l(entry5.o)
    0x080001e0   0x00000000   Code   RO         4176    .ARM.Collect$$$$00000008  mc_w.l(entry7b.o)
    0x080001e0   0x00000000   Code   RO         4178    .ARM.Collect$$$$0000000A  mc_w.l(entry8b.o)
    0x080001e0   0x00000008   Code   RO         4179    .ARM.Collect$$$$0000000B  mc_w.l(entry9a.o)
    0x080001e8   0x00000000   Code   RO         4181    .ARM.Collect$$$$0000000D  mc_w.l(entry10a.o)
    0x080001e8   0x00000000   Code   RO         4183    .ARM.Collect$$$$0000000F  mc_w.l(entry11a.o)
    0x080001e8   0x00000004   Code   RO         4172    .ARM.Collect$$$$00002712  mc_w.l(entry2.o)
    0x080001ec   0x00000024   Code   RO            4    .text               startup_stm32g431xx.o
    0x08000210   0x00000062   Code   RO         3906    .text               mc_w.l(uldiv.o)
    0x08000272   0x00000024   Code   RO         3908    .text               mc_w.l(memseta.o)
    0x08000296   0x0000002c   Code   RO         4188    .text               mc_w.l(uidiv.o)
    0x080002c2   0x0000001e   Code   RO         4190    .text               mc_w.l(llshl.o)
    0x080002e0   0x00000020   Code   RO         4192    .text               mc_w.l(llushr.o)
    0x08000300   0x00000024   Code   RO         4205    .text               mc_w.l(init.o)
    0x08000324   0x00000002   Code   RO          646    i.BusFault_Handler  stm32g4xx_it.o
    0x08000326   0x00000002   PAD
    0x08000328   0x00000034   Code   RO          393    i.ChangPassWord     main.o
    0x0800035c   0x0000003c   Code   RO          394    i.CloseLed1         main.o
    0x08000398   0x0000000c   Code   RO          647    i.DMA1_Channel1_IRQHandler  stm32g4xx_it.o
    0x080003a4   0x0000000c   Code   RO          648    i.DMA1_Channel2_IRQHandler  stm32g4xx_it.o
    0x080003b0   0x00000040   Code   RO         2755    i.DMA_CalcDMAMUXChannelBaseAndMask  stm32g4xx_hal_dma.o
    0x080003f0   0x00000024   Code   RO         2756    i.DMA_CalcDMAMUXRequestGenBaseAndMask  stm32g4xx_hal_dma.o
    0x08000414   0x0000003e   Code   RO         2757    i.DMA_SetConfig     stm32g4xx_hal_dma.o
    0x08000452   0x00000002   Code   RO          649    i.DebugMon_Handler  stm32g4xx_it.o
    0x08000454   0x0000001c   Code   RO           13    i.Delay_LCD         lcd_hal.o
    0x08000470   0x00000002   Code   RO          395    i.Error_Handler     main.o
    0x08000472   0x00000078   Code   RO         2759    i.HAL_DMA_Abort_IT  stm32g4xx_hal_dma.o
    0x080004ea   0x000000ba   Code   RO         2763    i.HAL_DMA_IRQHandler  stm32g4xx_hal_dma.o
    0x080005a4   0x000000c0   Code   RO         2764    i.HAL_DMA_Init      stm32g4xx_hal_dma.o
    0x08000664   0x0000008c   Code   RO         2768    i.HAL_DMA_Start_IT  stm32g4xx_hal_dma.o
    0x080006f0   0x00000024   Code   RO         1995    i.HAL_Delay         stm32g4xx_hal.o
    0x08000714   0x000001c8   Code   RO          777    i.HAL_GPIO_Init     stm32g4xx_hal_gpio.o
    0x080008dc   0x0000000a   Code   RO          779    i.HAL_GPIO_ReadPin  stm32g4xx_hal_gpio.o
    0x080008e6   0x0000000a   Code   RO          781    i.HAL_GPIO_WritePin  stm32g4xx_hal_gpio.o
    0x080008f0   0x0000000c   Code   RO         1999    i.HAL_GetTick       stm32g4xx_hal.o
    0x080008fc   0x00000010   Code   RO         2002    i.HAL_IncTick       stm32g4xx_hal.o
    0x0800090c   0x0000001e   Code   RO         2003    i.HAL_Init          stm32g4xx_hal.o
    0x0800092a   0x00000002   PAD
    0x0800092c   0x00000044   Code   RO         2004    i.HAL_InitTick      stm32g4xx_hal.o
    0x08000970   0x00000038   Code   RO          747    i.HAL_MspInit       stm32g4xx_hal_msp.o
    0x080009a8   0x0000001a   Code   RO         3267    i.HAL_NVIC_EnableIRQ  stm32g4xx_hal_cortex.o
    0x080009c2   0x00000002   PAD
    0x080009c4   0x00000040   Code   RO         3273    i.HAL_NVIC_SetPriority  stm32g4xx_hal_cortex.o
    0x08000a04   0x00000024   Code   RO         3274    i.HAL_NVIC_SetPriorityGrouping  stm32g4xx_hal_cortex.o
    0x08000a28   0x000000bc   Code   RO         3023    i.HAL_PWREx_ControlVoltageScaling  stm32g4xx_hal_pwr_ex.o
    0x08000ae4   0x00000288   Code   RO         2348    i.HAL_RCCEx_PeriphCLKConfig  stm32g4xx_hal_rcc_ex.o
    0x08000d6c   0x000001dc   Code   RO         2223    i.HAL_RCC_ClockConfig  stm32g4xx_hal_rcc.o
    0x08000f48   0x00000024   Code   RO         2231    i.HAL_RCC_GetPCLK1Freq  stm32g4xx_hal_rcc.o
    0x08000f6c   0x00000024   Code   RO         2232    i.HAL_RCC_GetPCLK2Freq  stm32g4xx_hal_rcc.o
    0x08000f90   0x00000070   Code   RO         2233    i.HAL_RCC_GetSysClockFreq  stm32g4xx_hal_rcc.o
    0x08001000   0x0000040c   Code   RO         2236    i.HAL_RCC_OscConfig  stm32g4xx_hal_rcc.o
    0x0800140c   0x00000028   Code   RO         3278    i.HAL_SYSTICK_Config  stm32g4xx_hal_cortex.o
    0x08001434   0x00000002   Code   RO         1556    i.HAL_TIMEx_Break2Callback  stm32g4xx_hal_tim_ex.o
    0x08001436   0x00000002   Code   RO         1557    i.HAL_TIMEx_BreakCallback  stm32g4xx_hal_tim_ex.o
    0x08001438   0x00000002   Code   RO         1558    i.HAL_TIMEx_CommutCallback  stm32g4xx_hal_tim_ex.o
    0x0800143a   0x00000002   Code   RO         1569    i.HAL_TIMEx_DirectionChangeCallback  stm32g4xx_hal_tim_ex.o
    0x0800143c   0x00000002   Code   RO         1583    i.HAL_TIMEx_EncoderIndexCallback  stm32g4xx_hal_tim_ex.o
    0x0800143e   0x00000002   Code   RO         1597    i.HAL_TIMEx_IndexErrorCallback  stm32g4xx_hal_tim_ex.o
    0x08001440   0x0000009c   Code   RO         1598    i.HAL_TIMEx_MasterConfigSynchronization  stm32g4xx_hal_tim_ex.o
    0x080014dc   0x00000002   Code   RO         1619    i.HAL_TIMEx_TransitionErrorCallback  stm32g4xx_hal_tim_ex.o
    0x080014de   0x00000062   Code   RO          842    i.HAL_TIM_Base_Init  stm32g4xx_hal_tim.o
    0x08001540   0x00000050   Code   RO          551    i.HAL_TIM_Base_MspInit  tim.o
    0x08001590   0x00000040   Code   RO          847    i.HAL_TIM_Base_Start_IT  stm32g4xx_hal_tim.o
    0x080015d0   0x00000030   Code   RO          850    i.HAL_TIM_Base_Stop_IT  stm32g4xx_hal_tim.o
    0x08001600   0x000000fc   Code   RO          851    i.HAL_TIM_ConfigClockSource  stm32g4xx_hal_tim.o
    0x080016fc   0x00000002   Code   RO          876    i.HAL_TIM_IC_CaptureCallback  stm32g4xx_hal_tim.o
    0x080016fe   0x000001fc   Code   RO          890    i.HAL_TIM_IRQHandler  stm32g4xx_hal_tim.o
    0x080018fa   0x00000002   PAD
    0x080018fc   0x0000004c   Code   RO          552    i.HAL_TIM_MspPostInit  tim.o
    0x08001948   0x00000002   Code   RO          893    i.HAL_TIM_OC_DelayElapsedCallback  stm32g4xx_hal_tim.o
    0x0800194a   0x0000011e   Code   RO          914    i.HAL_TIM_PWM_ConfigChannel  stm32g4xx_hal_tim.o
    0x08001a68   0x00000062   Code   RO          917    i.HAL_TIM_PWM_Init  stm32g4xx_hal_tim.o
    0x08001aca   0x00000002   Code   RO          919    i.HAL_TIM_PWM_MspInit  stm32g4xx_hal_tim.o
    0x08001acc   0x00000002   Code   RO          920    i.HAL_TIM_PWM_PulseFinishedCallback  stm32g4xx_hal_tim.o
    0x08001ace   0x00000002   PAD
    0x08001ad0   0x000000d4   Code   RO          922    i.HAL_TIM_PWM_Start  stm32g4xx_hal_tim.o
    0x08001ba4   0x00000068   Code   RO          396    i.HAL_TIM_PeriodElapsedCallback  main.o
    0x08001c0c   0x00000002   Code   RO          933    i.HAL_TIM_TriggerCallback  stm32g4xx_hal_tim.o
    0x08001c0e   0x0000003e   Code   RO         3775    i.HAL_UARTEx_DisableFifoMode  stm32g4xx_hal_uart_ex.o
    0x08001c4c   0x00000002   Code   RO         3779    i.HAL_UARTEx_RxFifoFullCallback  stm32g4xx_hal_uart_ex.o
    0x08001c4e   0x0000004c   Code   RO         3780    i.HAL_UARTEx_SetRxFifoThreshold  stm32g4xx_hal_uart_ex.o
    0x08001c9a   0x0000004c   Code   RO         3781    i.HAL_UARTEx_SetTxFifoThreshold  stm32g4xx_hal_uart_ex.o
    0x08001ce6   0x00000002   Code   RO         3783    i.HAL_UARTEx_TxFifoEmptyCallback  stm32g4xx_hal_uart_ex.o
    0x08001ce8   0x00000002   Code   RO         3784    i.HAL_UARTEx_WakeupCallback  stm32g4xx_hal_uart_ex.o
    0x08001cea   0x00000002   Code   RO         3419    i.HAL_UART_ErrorCallback  stm32g4xx_hal_uart.o
    0x08001cec   0x0000019c   Code   RO         3422    i.HAL_UART_IRQHandler  stm32g4xx_hal_uart.o
    0x08001e88   0x0000006a   Code   RO         3423    i.HAL_UART_Init     stm32g4xx_hal_uart.o
    0x08001ef2   0x00000002   PAD
    0x08001ef4   0x000000d4   Code   RO          605    i.HAL_UART_MspInit  usart.o
    0x08001fc8   0x000000a4   Code   RO         3427    i.HAL_UART_Receive_DMA  stm32g4xx_hal_uart.o
    0x0800206c   0x000000fc   Code   RO         3428    i.HAL_UART_Receive_IT  stm32g4xx_hal_uart.o
    0x08002168   0x0000001c   Code   RO          397    i.HAL_UART_RxCpltCallback  main.o
    0x08002184   0x00000002   Code   RO         3430    i.HAL_UART_RxHalfCpltCallback  stm32g4xx_hal_uart.o
    0x08002186   0x00000002   Code   RO         3434    i.HAL_UART_TxCpltCallback  stm32g4xx_hal_uart.o
    0x08002188   0x00000002   Code   RO          650    i.HardFault_Handler  stm32g4xx_it.o
    0x0800218a   0x00000002   PAD
    0x0800218c   0x00000118   Code   RO          363    i.KeyScan           key.o
    0x080022a4   0x0000002c   Code   RO           14    i.LCD_BusIn         lcd_hal.o
    0x080022d0   0x00000030   Code   RO           15    i.LCD_BusOut        lcd_hal.o
    0x08002300   0x00000024   Code   RO           16    i.LCD_Clear         lcd_hal.o
    0x08002324   0x00000090   Code   RO           18    i.LCD_CtrlLinesConfig  lcd_hal.o
    0x080023b4   0x00000018   Code   RO           19    i.LCD_DisplayChar   lcd_hal.o
    0x080023cc   0x0000002a   Code   RO           22    i.LCD_DisplayStringLine  lcd_hal.o
    0x080023f6   0x00000002   PAD
    0x080023f8   0x00000058   Code   RO           23    i.LCD_DrawChar      lcd_hal.o
    0x08002450   0x00000034   Code   RO           29    i.LCD_Init          lcd_hal.o
    0x08002484   0x00000080   Code   RO           32    i.LCD_ReadReg       lcd_hal.o
    0x08002504   0x00000018   Code   RO           34    i.LCD_SetCursor     lcd_hal.o
    0x0800251c   0x00000058   Code   RO           39    i.LCD_WriteRAM      lcd_hal.o
    0x08002574   0x0000005c   Code   RO           40    i.LCD_WriteRAM_Prepare  lcd_hal.o
    0x080025d0   0x0000006c   Code   RO           41    i.LCD_WriteReg      lcd_hal.o
    0x0800263c   0x00000034   Code   RO           42    i.LcdSetInit        lcd_hal.o
    0x08002670   0x0000004c   Code   RO          526    i.MX_DMA_Init       dma.o
    0x080026bc   0x000000f8   Code   RO          502    i.MX_GPIO_Init      gpio.o
    0x080027b4   0x000000a0   Code   RO          553    i.MX_TIM2_Init      tim.o
    0x08002854   0x0000006c   Code   RO          554    i.MX_TIM4_Init      tim.o
    0x080028c0   0x00000068   Code   RO          606    i.MX_USART1_UART_Init  usart.o
    0x08002928   0x00000002   Code   RO          651    i.MemManage_Handler  stm32g4xx_it.o
    0x0800292a   0x00000002   Code   RO          652    i.NMI_Handler       stm32g4xx_it.o
    0x0800292c   0x00000040   Code   RO          398    i.OpenLed1          main.o
    0x0800296c   0x0000002c   Code   RO          399    i.PassWordAdd       main.o
    0x08002998   0x0000002e   Code   RO          400    i.PassWordTest      main.o
    0x080029c6   0x00000002   Code   RO          653    i.PendSV_Handler    stm32g4xx_it.o
    0x080029c8   0x00000112   Code   RO           43    i.REG_8230_Init     lcd_hal.o
    0x08002ada   0x00000202   Code   RO           44    i.REG_932X_Init     lcd_hal.o
    0x08002cdc   0x0000000a   Code   RO          401    i.ResetPSD          main.o
    0x08002ce6   0x00000002   Code   RO          654    i.SVC_Handler       stm32g4xx_it.o
    0x08002ce8   0x000000f8   Code   RO          329    i.ShowPSD           lcd.o
    0x08002de0   0x00000088   Code   RO          330    i.ShowSTA           lcd.o
    0x08002e68   0x00000044   Code   RO          655    i.SysTick_Handler   stm32g4xx_it.o
    0x08002eac   0x0000006a   Code   RO          402    i.SystemClock_Config  main.o
    0x08002f16   0x00000002   PAD
    0x08002f18   0x0000001c   Code   RO         3869    i.SystemInit        system_stm32g4xx.o
    0x08002f34   0x0000000c   Code   RO          656    i.TIM4_IRQHandler   stm32g4xx_it.o
    0x08002f40   0x000000b0   Code   RO          935    i.TIM_Base_SetConfig  stm32g4xx_hal_tim.o
    0x08002ff0   0x0000001a   Code   RO          936    i.TIM_CCxChannelCmd  stm32g4xx_hal_tim.o
    0x0800300a   0x00000014   Code   RO          946    i.TIM_ETR_SetConfig  stm32g4xx_hal_tim.o
    0x0800301e   0x00000002   PAD
    0x08003020   0x00000014   Code   RO          947    i.TIM_ITRx_SetConfig  stm32g4xx_hal_tim.o
    0x08003034   0x0000009c   Code   RO          948    i.TIM_OC1_SetConfig  stm32g4xx_hal_tim.o
    0x080030d0   0x00000090   Code   RO          949    i.TIM_OC2_SetConfig  stm32g4xx_hal_tim.o
    0x08003160   0x00000090   Code   RO          950    i.TIM_OC3_SetConfig  stm32g4xx_hal_tim.o
    0x080031f0   0x00000090   Code   RO          951    i.TIM_OC4_SetConfig  stm32g4xx_hal_tim.o
    0x08003280   0x00000070   Code   RO          952    i.TIM_OC5_SetConfig  stm32g4xx_hal_tim.o
    0x080032f0   0x00000070   Code   RO          953    i.TIM_OC6_SetConfig  stm32g4xx_hal_tim.o
    0x08003360   0x00000022   Code   RO          955    i.TIM_TI1_ConfigInputStage  stm32g4xx_hal_tim.o
    0x08003382   0x00000024   Code   RO          957    i.TIM_TI2_ConfigInputStage  stm32g4xx_hal_tim.o
    0x080033a6   0x00000002   PAD
    0x080033a8   0x0000005c   Code   RO          403    i.TogLed2           main.o
    0x08003404   0x00000064   Code   RO         3785    i.UARTEx_SetNbDataToProcess  stm32g4xx_hal_uart_ex.o
    0x08003468   0x000000c8   Code   RO         3436    i.UART_AdvFeatureConfig  stm32g4xx_hal_uart.o
    0x08003530   0x0000005e   Code   RO         3437    i.UART_CheckIdleState  stm32g4xx_hal_uart.o
    0x0800358e   0x00000014   Code   RO         3438    i.UART_DMAAbortOnError  stm32g4xx_hal_uart.o
    0x080035a2   0x00000050   Code   RO         3439    i.UART_DMAError     stm32g4xx_hal_uart.o
    0x080035f2   0x0000003e   Code   RO         3440    i.UART_DMAReceiveCplt  stm32g4xx_hal_uart.o
    0x08003630   0x0000000a   Code   RO         3442    i.UART_DMARxHalfCplt  stm32g4xx_hal_uart.o
    0x0800363a   0x00000002   PAD
    0x0800363c   0x00000024   Code   RO         3448    i.UART_EndRxTransfer  stm32g4xx_hal_uart.o
    0x08003660   0x0000001c   Code   RO         3449    i.UART_EndTxTransfer  stm32g4xx_hal_uart.o
    0x0800367c   0x0000005e   Code   RO         3450    i.UART_RxISR_16BIT  stm32g4xx_hal_uart.o
    0x080036da   0x00000002   PAD
    0x080036dc   0x000000a0   Code   RO         3451    i.UART_RxISR_16BIT_FIFOEN  stm32g4xx_hal_uart.o
    0x0800377c   0x0000005e   Code   RO         3452    i.UART_RxISR_8BIT   stm32g4xx_hal_uart.o
    0x080037da   0x00000002   PAD
    0x080037dc   0x000000a0   Code   RO         3453    i.UART_RxISR_8BIT_FIFOEN  stm32g4xx_hal_uart.o
    0x0800387c   0x000007a6   Code   RO         3454    i.UART_SetConfig    stm32g4xx_hal_uart.o
    0x08004022   0x00000064   Code   RO         3459    i.UART_WaitOnFlagUntilTimeout  stm32g4xx_hal_uart.o
    0x08004086   0x00000002   PAD
    0x08004088   0x0000000c   Code   RO          657    i.USART1_IRQHandler  stm32g4xx_it.o
    0x08004094   0x00000002   Code   RO          658    i.UsageFault_Handler  stm32g4xx_it.o
    0x08004096   0x00000002   PAD
    0x08004098   0x00000028   Code   RO         3957    i.__0sprintf$1      mc_w.l(printf1.o)
    0x080040c0   0x00000020   Code   RO         3280    i.__NVIC_SetPriority  stm32g4xx_hal_cortex.o
    0x080040e0   0x0000000e   Code   RO         4215    i.__scatterload_copy  mc_w.l(handlers.o)
    0x080040ee   0x00000002   Code   RO         4216    i.__scatterload_null  mc_w.l(handlers.o)
    0x080040f0   0x0000000e   Code   RO         4217    i.__scatterload_zeroinit  mc_w.l(handlers.o)
    0x080040fe   0x00000002   PAD
    0x08004100   0x00000154   Code   RO         3962    i._printf_core      mc_w.l(printf1.o)
    0x08004254   0x0000000a   Code   RO         3964    i._sputc            mc_w.l(printf1.o)
    0x0800425e   0x00000002   PAD
    0x08004260   0x0000010c   Code   RO          404    i.main              main.o
    0x0800436c   0x000011d0   Data   RO           45    .constdata          lcd_hal.o
    0x0800553c   0x00000010   Data   RO         3870    .constdata          system_stm32g4xx.o
    0x0800554c   0x00000008   Data   RO         3871    .constdata          system_stm32g4xx.o
    0x08005554   0x00000020   Data   RO         4213    Region$$Table       anon$$obj.o


    Execution Region RW_IRAM1 (Base: 0x20000000, Size: 0x00000620, Max: 0x00008000, ABSOLUTE)

    Base Addr    Size         Type   Attr      Idx    E Section Name        Object

    0x20000000   0x00000006   Data   RW           46    .data               lcd_hal.o
    0x20000006   0x00000006   Data   RW          364    .data               key.o
    0x2000000c   0x00000019   Data   RW          405    .data               main.o
    0x20000025   0x00000002   Data   RW          659    .data               stm32g4xx_it.o
    0x20000027   0x00000001   PAD
    0x20000028   0x0000000c   Data   RW         2023    .data               stm32g4xx_hal.o
    0x20000034   0x00000004   Data   RW         3872    .data               system_stm32g4xx.o
    0x20000038   0x00000098   Zero   RW          555    .bss                tim.o
    0x200000d0   0x0000014c   Zero   RW          607    .bss                usart.o
    0x2000021c   0x00000004   PAD
    0x20000220   0x00000400   Zero   RW            1    STACK               startup_stm32g431xx.o


==============================================================================

Image component sizes


      Code (inc. data)   RO Data    RW Data    ZI Data      Debug   Object Name

        76          4          0          0          0        806   dma.o
       248         16          0          0          0       1015   gpio.o
       280          8          0          6          0       1396   key.o
       384        204          0          0          0       1756   lcd.o
      1786         72       4560          6          0     652145   lcd_hal.o
       876         86          0         25          0       7670   main.o
        36          8        472          0       1024        840   startup_stm32g431xx.o
       162         24          0         12          0       4353   stm32g4xx_hal.o
       198         14          0          0          0      33991   stm32g4xx_hal_cortex.o
       800         30          0          0          0       5866   stm32g4xx_hal_dma.o
       476         34          0          0          0       3119   stm32g4xx_hal_gpio.o
        56          8          0          0          0       8690   stm32g4xx_hal_msp.o
       188         14          0          0          0        842   stm32g4xx_hal_pwr_ex.o
      1696         92          0          0          0       6000   stm32g4xx_hal_rcc.o
       648         10          0          0          0       1884   stm32g4xx_hal_rcc_ex.o
      2700        228          0          0          0      19309   stm32g4xx_hal_tim.o
       170         24          0          0          0       5428   stm32g4xx_hal_tim_ex.o
      4036        120          0          0          0      18021   stm32g4xx_hal_uart.o
       320         18          0          0          0       5378   stm32g4xx_hal_uart_ex.o
       132         34          0          2          0       6130   stm32g4xx_it.o
        28          6         24          4          0       1147   system_stm32g4xx.o
       424         30          0          0        152       3089   tim.o
       316         26          0          0        332       1900   usart.o

    ----------------------------------------------------------------------
     16068       1110       5088         56       1512     790775   Object Totals
         0          0         32          0          0          0   (incl. Generated)
        32          0          0          1          4          0   (incl. Padding)

    ----------------------------------------------------------------------

      Code (inc. data)   RO Data    RW Data    ZI Data      Debug   Library Member Name

         0          0          0          0          0          0   entry.o
         0          0          0          0          0          0   entry10a.o
         0          0          0          0          0          0   entry11a.o
         8          4          0          0          0          0   entry2.o
         4          0          0          0          0          0   entry5.o
         0          0          0          0          0          0   entry7b.o
         0          0          0          0          0          0   entry8b.o
         8          4          0          0          0          0   entry9a.o
        30          0          0          0          0          0   handlers.o
        36          8          0          0          0         68   init.o
        30          0          0          0          0         68   llshl.o
        32          0          0          0          0         68   llushr.o
        36          0          0          0          0        108   memseta.o
       390         10          0          0          0        252   printf1.o
        44          0          0          0          0         80   uidiv.o
        98          0          0          0          0         92   uldiv.o

    ----------------------------------------------------------------------
       720         26          0          0          0        736   Library Totals
         4          0          0          0          0          0   (incl. Padding)

    ----------------------------------------------------------------------

      Code (inc. data)   RO Data    RW Data    ZI Data      Debug   Library Name

       716         26          0          0          0        736   mc_w.l

    ----------------------------------------------------------------------
       720         26          0          0          0        736   Library Totals

    ----------------------------------------------------------------------

==============================================================================


      Code (inc. data)   RO Data    RW Data    ZI Data      Debug   

     16788       1136       5088         56       1512     777803   Grand Totals
     16788       1136       5088         56       1512     777803   ELF Image Totals
     16788       1136       5088         56          0          0   ROM Totals

==============================================================================

    Total RO  Size (Code + RO Data)                21876 (  21.36kB)
    Total RW  Size (RW Data + ZI Data)              1568 (   1.53kB)
    Total ROM Size (Code + RO Data + RW Data)      21932 (  21.42kB)

==============================================================================

